Component: ARM Compiler 5.06 update 6 (build 750) Tool: armlink [4d35ed]

==============================================================================

Section Cross References

    isr.o(i.BusFault_Handler) refers to noretval__2printf.o(.text) for __2printf
    isr.o(i.DebugMon_Handler) refers to noretval__2printf.o(.text) for __2printf
    isr.o(i.HardFault_Handler) refers to noretval__2printf.o(.text) for __2printf
    isr.o(i.MemManage_Handler) refers to noretval__2printf.o(.text) for __2printf
    isr.o(i.NMI_Handler) refers to noretval__2printf.o(.text) for __2printf
    isr.o(i.PendSV_Handler) refers to noretval__2printf.o(.text) for __2printf
    isr.o(i.SVC_Handler) refers to noretval__2printf.o(.text) for __2printf
    isr.o(i.SysTick_Handler) refers to noretval__2printf.o(.text) for __2printf
    isr.o(i.UsageFault_Handler) refers to noretval__2printf.o(.text) for __2printf
    main.o(i.ADCCH0_IRQHandler) refers to _printf_percent.o(.ARM.Collect$$_printf_percent$$00000000) for _printf_percent
    main.o(i.ADCCH0_IRQHandler) refers to _printf_d.o(.ARM.Collect$$_printf_percent$$00000009) for _printf_d
    main.o(i.ADCCH0_IRQHandler) refers to _printf_dec.o(.text) for _printf_int_dec
    main.o(i.ADCCH0_IRQHandler) refers to noretval__2printf.o(.text) for __2printf
    main.o(i.ADCCH0_IRQHandler) refers to main.o(.data) for i32VSP
    main.o(i.ADCCH1_IRQHandler) refers to main.o(.data) for i32VSP
    main.o(i.ADCCH2_IRQHandler) refers to _printf_percent.o(.ARM.Collect$$_printf_percent$$00000000) for _printf_percent
    main.o(i.ADCCH2_IRQHandler) refers to _printf_d.o(.ARM.Collect$$_printf_percent$$00000009) for _printf_d
    main.o(i.ADCCH2_IRQHandler) refers to _printf_dec.o(.text) for _printf_int_dec
    main.o(i.ADCCH2_IRQHandler) refers to noretval__2printf.o(.text) for __2printf
    main.o(i.ADCCH2_IRQHandler) refers to main.o(.data) for i32VSP
    main.o(i.main) refers to _printf_percent.o(.ARM.Collect$$_printf_percent$$00000000) for _printf_percent
    main.o(i.main) refers to _printf_d.o(.ARM.Collect$$_printf_percent$$00000009) for _printf_d
    main.o(i.main) refers to _printf_dec.o(.text) for _printf_int_dec
    main.o(i.main) refers to clock.o(i.CLOCK_InitWithRCO) for CLOCK_InitWithRCO
    main.o(i.main) refers to delay.o(i.Delay_Init) for Delay_Init
    main.o(i.main) refers to uart.o(i.UART_Init) for UART_Init
    main.o(i.main) refers to noretval__2printf.o(.text) for __2printf
    main.o(i.main) refers to adc.o(i.ADC_EasyInit1) for ADC_EasyInit1
    main.o(i.main) refers to adc.o(i.ADC_SetSampleAndConvertTime) for ADC_SetSampleAndConvertTime
    main.o(i.main) refers to main.o(i.ADC_SetChannelIntTriggerSOC) for ADC_SetChannelIntTriggerSOC
    main.o(i.main) refers to main.o(i.NVIC_EnableIRQ) for NVIC_EnableIRQ
    main.o(i.main) refers to delay.o(i.Delay_Ms) for Delay_Ms
    main.o(i.main) refers to main.o(.data) for i32VSP
    adc.o(i.ADC_EasyInit1) refers to adc.o(i.ADC_PowerUp) for ADC_PowerUp
    adc.o(i.ADC_EasyInit1) refers to adc.o(i.ADC_SelectPinSingleEnd) for ADC_SelectPinSingleEnd
    adc.o(i.ADC_EasyInit1) refers to adc.o(i.ADC_SetSampleAndConvertTime) for ADC_SetSampleAndConvertTime
    adc.o(i.ADC_EasyInit1) refers to pin.o(i.PIN_SetPinAsAnalog) for PIN_SetPinAsAnalog
    adc.o(i.ADC_EasyInit2) refers to adc.o(i.ADC_PowerUp) for ADC_PowerUp
    adc.o(i.ADC_EasyInit2) refers to adc.o(i.ADC_SelectPinDifferetial) for ADC_SelectPinDifferetial
    adc.o(i.ADC_EasyInit2) refers to adc.o(i.ADC_SetSampleAndConvertTime) for ADC_SetSampleAndConvertTime
    adc.o(i.ADC_EasyInit2) refers to pin.o(i.PIN_SetPinAsAnalog) for PIN_SetPinAsAnalog
    adc.o(i.ADC_Init) refers to adc.o(i.ADC_PowerUp) for ADC_PowerUp
    adc.o(i.ADC_Init) refers to adc.o(i.ADC_SetChannelIntTriggerSOC) for ADC_SetChannelIntTriggerSOC
    adc.o(i.ADC_Init) refers to adc.o(i.ADC_SetSampleAndConvertTime) for ADC_SetSampleAndConvertTime
    adc.o(i.ADC_Init) refers to pin.o(i.PIN_SetPinAsAnalog) for PIN_SetPinAsAnalog
    adc.o(i.ADC_SelectPinDifferetial) refers to adc.o(i.ADC_GetInputPinCode) for ADC_GetInputPinCode
    adc.o(i.ADC_SelectPinDifferetial) refers to adc.o(i.ADC_SetChannelIntTriggerSOC) for ADC_SetChannelIntTriggerSOC
    adc.o(i.ADC_SelectPinSingleEnd) refers to adc.o(i.ADC_GetInputPinCode) for ADC_GetInputPinCode
    adc.o(i.ADC_SelectPinSingleEnd) refers to adc.o(i.ADC_SetChannelIntTriggerSOC) for ADC_SetChannelIntTriggerSOC
    adc.o(i.ADC_SetSampleAndConvertTime) refers to clock.o(i.CLOCK_GetModuleClock) for CLOCK_GetModuleClock
    clock.o(i.CLOCK_ConfigurePLL) refers to lludivv7m.o(.text) for __aeabi_uldivmod
    clock.o(i.CLOCK_ConfigurePLL) refers to system_spc1169.o(.data) for SysInfo
    clock.o(i.CLOCK_ConfigurePLLWithRCO) refers to system_spc1169.o(.data) for SysInfo
    clock.o(i.CLOCK_DetectionInit) refers to lludivv7m.o(.text) for __aeabi_uldivmod
[...]
    __rtentry2.o(.ARM.exidx) refers to __rtentry2.o(.ARM.Collect$$rtentry$$0000000B) for .ARM.Collect$$rtentry$$0000000B
    __rtentry2.o(.ARM.exidx) refers to __rtentry2.o(.ARM.Collect$$rtentry$$0000000D) for .ARM.Collect$$rtentry$$0000000D
    __rtentry4.o(.ARM.Collect$$rtentry$$00000004) refers to sys_stackheap_outer.o(.text) for __user_setup_stackheap
    __rtentry4.o(.ARM.exidx) refers to __rtentry4.o(.ARM.Collect$$rtentry$$00000004) for .ARM.Collect$$rtentry$$00000004
    rt_div0.o(.text) refers to defsig_fpe_outer.o(.text) for __rt_SIGFPE
    _printf_char_common.o(.text) refers to __printf.o(.text) for __printf
    sys_stackheap_outer.o(.text) refers to libspace.o(.text) for __user_perproc_libspace
    sys_stackheap_outer.o(.text) refers to startup_spc1169.o(.text) for __user_initial_stackheap
    exit.o(.text) refers to rtexit.o(.ARM.Collect$$rtexit$$00000000) for __rt_exit
    defsig_fpe_outer.o(.text) refers to defsig_fpe_inner.o(.text) for __rt_SIGFPE_inner
    defsig_fpe_outer.o(.text) refers to defsig_exit.o(.text) for __sig_exit
    defsig_fpe_formal.o(.text) refers to rt_raise.o(.text) for __rt_raise
    libinit.o(.ARM.Collect$$libinit$$00000000) refers (Special) to libinit2.o(.ARM.Collect$$libinit$$0000002E) for __rt_lib_init_alloca_1
    libinit.o(.ARM.Collect$$libinit$$00000000) refers (Special) to libinit2.o(.ARM.Collect$$libinit$$0000002C) for __rt_lib_init_argv_1
    libinit.o(.ARM.Collect$$libinit$$00000000) refers (Special) to libinit2.o(.ARM.Collect$$libinit$$0000001B) for __rt_lib_init_atexit_1
    libinit.o(.ARM.Collect$$libinit$$00000000) refers (Special) to libinit2.o(.ARM.Collect$$libinit$$00000021) for __rt_lib_init_clock_1
    libinit.o(.ARM.Collect$$libinit$$00000000) refers (Special) to libinit2.o(.ARM.Collect$$libinit$$00000032) for __rt_lib_init_cpp_1
    libinit.o(.ARM.Collect$$libinit$$00000000) refers (Special) to libinit2.o(.ARM.Collect$$libinit$$00000030) for __rt_lib_init_exceptions_1
    libinit.o(.ARM.Collect$$libinit$$00000000) refers (Special) to libinit2.o(.ARM.Collect$$libinit$$00000001) for __rt_lib_init_fp_1
    libinit.o(.ARM.Collect$$libinit$$00000000) refers (Special) to libinit2.o(.ARM.Collect$$libinit$$0000001F) for __rt_lib_init_fp_trap_1
    libinit.o(.ARM.Collect$$libinit$$00000000) refers (Special) to libinit2.o(.ARM.Collect$$libinit$$00000023) for __rt_lib_init_getenv_1
    libinit.o(.ARM.Collect$$libinit$$00000000) refers (Special) to libinit2.o(.ARM.Collect$$libinit$$0000000A) for __rt_lib_init_heap_1
    libinit.o(.ARM.Collect$$libinit$$00000000) refers (Special) to libinit2.o(.ARM.Collect$$libinit$$00000011) for __rt_lib_init_lc_collate_1
    libinit.o(.ARM.Collect$$libinit$$00000000) refers (Special) to libinit2.o(.ARM.Collect$$libinit$$00000013) for __rt_lib_init_lc_ctype_1
    libinit.o(.ARM.Collect$$libinit$$00000000) refers (Special) to libinit2.o(.ARM.Collect$$libinit$$00000015) for __rt_lib_init_lc_monetary_1
    libinit.o(.ARM.Collect$$libinit$$00000000) refers (Special) to libinit2.o(.ARM.Collect$$libinit$$00000017) for __rt_lib_init_lc_numeric_1
    libinit.o(.ARM.Collect$$libinit$$00000000) refers (Special) to libinit2.o(.ARM.Collect$$libinit$$00000019) for __rt_lib_init_lc_time_1
    libinit.o(.ARM.Collect$$libinit$$00000000) refers (Special) to libinit2.o(.ARM.Collect$$libinit$$00000004) for __rt_lib_init_preinit_1
    libinit.o(.ARM.Collect$$libinit$$00000000) refers (Special) to libinit2.o(.ARM.Collect$$libinit$$0000000E) for __rt_lib_init_rand_1
    libinit.o(.ARM.Collect$$libinit$$00000000) refers (Special) to libinit2.o(.ARM.Collect$$libinit$$00000033) for __rt_lib_init_return
    libinit.o(.ARM.Collect$$libinit$$00000000) refers (Special) to libinit2.o(.ARM.Collect$$libinit$$0000001D) for __rt_lib_init_signal_1
    libinit.o(.ARM.Collect$$libinit$$00000000) refers (Special) to libinit2.o(.ARM.Collect$$libinit$$00000025) for __rt_lib_init_stdio_1
    libinit.o(.ARM.Collect$$libinit$$00000000) refers (Special) to libinit2.o(.ARM.Collect$$libinit$$0000000C) for __rt_lib_init_user_alloc_1
    libspace.o(.text) refers to libspace.o(.bss) for __libspace_start
    rtexit.o(.ARM.Collect$$rtexit$$00000000) refers (Special) to rtexit2.o(.ARM.Collect$$rtexit$$00000004) for __rt_exit_exit
    rtexit.o(.ARM.Collect$$rtexit$$00000000) refers (Special) to rtexit2.o(.ARM.Collect$$rtexit$$00000003) for __rt_exit_ls
    rtexit.o(.ARM.Collect$$rtexit$$00000000) refers (Special) to rtexit2.o(.ARM.Collect$$rtexit$$00000002) for __rt_exit_prels_1
    rtexit.o(.ARM.exidx) refers (Special) to rtexit2.o(.ARM.Collect$$rtexit$$00000004) for __rt_exit_exit
    rtexit.o(.ARM.exidx) refers (Special) to rtexit2.o(.ARM.Collect$$rtexit$$00000003) for __rt_exit_ls
    rtexit.o(.ARM.exidx) refers (Special) to rtexit2.o(.ARM.Collect$$rtexit$$00000002) for __rt_exit_prels_1
    rtexit.o(.ARM.exidx) refers to rtexit.o(.ARM.Collect$$rtexit$$00000000) for .ARM.Collect$$rtexit$$00000000
    rt_raise.o(.text) refers to __raise.o(.text) for __raise
    rt_raise.o(.text) refers to retarget.o(i._sys_exit) for _sys_exit
    defsig_exit.o(.text) refers to retarget.o(i._sys_exit) for _sys_exit
    defsig_fpe_inner.o(.text) refers to defsig_general.o(.text) for __default_signal_display
    libinit2.o(.ARM.Collect$$libinit$$00000001) refers to fpinit.o(x$fpl$fpinit) for _fp_init
    libinit2.o(.ARM.Collect$$libinit$$00000010) refers to libinit2.o(.ARM.Collect$$libinit$$0000000F) for .ARM.Collect$$libinit$$0000000F
    libinit2.o(.ARM.Collect$$libinit$$00000012) refers to libinit2.o(.ARM.Collect$$libinit$$0000000F) for .ARM.Collect$$libinit$$0000000F
    libinit2.o(.ARM.Collect$$libinit$$00000014) refers to libinit2.o(.ARM.Collect$$libinit$$0000000F) for .ARM.Collect$$libinit$$0000000F
    libinit2.o(.ARM.Collect$$libinit$$00000016) refers to libinit2.o(.ARM.Collect$$libinit$$0000000F) for .ARM.Collect$$libinit$$0000000F
    libinit2.o(.ARM.Collect$$libinit$$00000018) refers to libinit2.o(.ARM.Collect$$libinit$$0000000F) for .ARM.Collect$$libinit$$0000000F
    libinit2.o(.ARM.Collect$$libinit$$00000026) refers to argv_veneer.o(.emb_text) for __ARM_argv_veneer
    libinit2.o(.ARM.Collect$$libinit$$00000027) refers to argv_veneer.o(.emb_text) for __ARM_argv_veneer
    rtexit2.o(.ARM.Collect$$rtexit$$00000003) refers to libshutdown.o(.ARM.Collect$$libshutdown$$00000000) for __rt_lib_shutdown
    rtexit2.o(.ARM.Collect$$rtexit$$00000004) refers to retarget.o(i._sys_exit) for _sys_exit
    rtexit2.o(.ARM.exidx) refers to rtexit2.o(.ARM.Collect$$rtexit$$00000001) for .ARM.Collect$$rtexit$$00000001
    rtexit2.o(.ARM.exidx) refers to rtexit2.o(.ARM.Collect$$rtexit$$00000003) for .ARM.Collect$$rtexit$$00000003
    rtexit2.o(.ARM.exidx) refers to rtexit2.o(.ARM.Collect$$rtexit$$00000004) for .ARM.Collect$$rtexit$$00000004
    __raise.o(.text) refers to defsig.o(CL$$defsig) for __default_signal_handler
    defsig_general.o(.text) refers to retarget.o(i._ttywrch) for _ttywrch
    argv_veneer.o(.emb_text) refers to no_argv.o(.text) for __ARM_get_argv
    defsig.o(CL$$defsig) refers to defsig_fpe_inner.o(.text) for __rt_SIGFPE_inner
    defsig.o(CL$$defsig) refers to defsig_rtmem_inner.o(.text) for __rt_SIGRTMEM_inner
    _get_argv_nomalloc.o(.text) refers (Special) to hrguard.o(.text) for __heap_region$guard
    _get_argv_nomalloc.o(.text) refers to defsig_rtmem_outer.o(.text) for __rt_SIGRTMEM
    _get_argv_nomalloc.o(.text) refers to sys_command.o(.text) for _sys_command_string
    libshutdown.o(.ARM.Collect$$libshutdown$$00000000) refers (Special) to libshutdown2.o(.ARM.Collect$$libshutdown$$00000002) for __rt_lib_shutdown_cpp_1
    libshutdown.o(.ARM.Collect$$libshutdown$$00000000) refers (Special) to libshutdown2.o(.ARM.Collect$$libshutdown$$00000007) for __rt_lib_shutdown_fp_trap_1
    libshutdown.o(.ARM.Collect$$libshutdown$$00000000) refers (Special) to libshutdown2.o(.ARM.Collect$$libshutdown$$0000000F) for __rt_lib_shutdown_heap_1
    libshutdown.o(.ARM.Collect$$libshutdown$$00000000) refers (Special) to libshutdown2.o(.ARM.Collect$$libshutdown$$00000010) for __rt_lib_shutdown_return
    libshutdown.o(.ARM.Collect$$libshutdown$$00000000) refers (Special) to libshutdown2.o(.ARM.Collect$$libshutdown$$0000000A) for __rt_lib_shutdown_signal_1
    libshutdown.o(.ARM.Collect$$libshutdown$$00000000) refers (Special) to libshutdown2.o(.ARM.Collect$$libshutdown$$00000004) for __rt_lib_shutdown_stdio_1
    libshutdown.o(.ARM.Collect$$libshutdown$$00000000) refers (Special) to libshutdown2.o(.ARM.Collect$$libshutdown$$0000000C) for __rt_lib_shutdown_user_alloc_1
    sys_command.o(.text) refers (Special) to use_no_semi.o(.text) for __I$use$semihosting
    sys_command.o(.text) refers (Special) to indicate_semi.o(.text) for __semihosting_library_function
    defsig_abrt_inner.o(.text) refers to defsig_general.o(.text) for __default_signal_display
    defsig_rtred_inner.o(.text) refers to defsig_general.o(.text) for __default_signal_display
    defsig_rtmem_inner.o(.text) refers to defsig_general.o(.text) for __default_signal_display
    defsig_rtmem_outer.o(.text) refers to defsig_rtmem_inner.o(.text) for __rt_SIGRTMEM_inner
    defsig_rtmem_outer.o(.text) refers to defsig_exit.o(.text) for __sig_exit
    defsig_rtmem_formal.o(.text) refers to rt_raise.o(.text) for __rt_raise
    defsig_stak_inner.o(.text) refers to defsig_general.o(.text) for __default_signal_display
    defsig_pvfn_inner.o(.text) refers to defsig_general.o(.text) for __default_signal_display
    defsig_cppl_inner.o(.text) refers to defsig_general.o(.text) for __default_signal_display
    defsig_segv_inner.o(.text) refers to defsig_general.o(.text) for __default_signal_display
    defsig_other.o(.text) refers to defsig_general.o(.text) for __default_signal_display


==============================================================================

Removing Unused input sections from the image.

    Removing isr.o(.rev16_text), (4 bytes).
    Removing isr.o(.revsh_text), (4 bytes).
    Removing isr.o(.rrx_text), (6 bytes).
    Removing main.o(.rev16_text), (4 bytes).
    Removing main.o(.revsh_text), (4 bytes).
    Removing main.o(.rrx_text), (6 bytes).
    Removing adc.o(.rev16_text), (4 bytes).
    Removing adc.o(.revsh_text), (4 bytes).
    Removing adc.o(.rrx_text), (6 bytes).
    Removing adc.o(i.ADC_EasyInit2), (102 bytes).
    Removing adc.o(i.ADC_Init), (360 bytes).
    Removing adc.o(i.ADC_SelectPinDifferetial), (252 bytes).
    Removing clock.o(.rev16_text), (4 bytes).
    Removing clock.o(.revsh_text), (4 bytes).
    Removing clock.o(.rrx_text), (6 bytes).
    Removing clock.o(i.CLOCK_ConfigurePLLWithRCO), (280 bytes).
    Removing clock.o(i.CLOCK_DetectionInit), (628 bytes).
    Removing clock.o(i.CLOCK_DetectionInitWithRCO), (520 bytes).
    Removing clock.o(i.CLOCK_Init), (376 bytes).
    Removing clock.o(i.CLOCK_InitWithXO), (316 bytes).
    Removing clock.o(i.CLOCK_SetModuleDiv), (148 bytes).
    Removing clock.o(i.CLOCK_UpdateInfo), (212 bytes).
    Removing comp.o(.rev16_text), (4 bytes).
    Removing comp.o(.revsh_text), (4 bytes).
    Removing comp.o(.rrx_text), (6 bytes).
    Removing comp.o(i.COMP_DACBufferInit), (64 bytes).
    Removing comp.o(i.COMP_EnableDAC), (76 bytes).
    Removing comp.o(i.COMP_Init), (212 bytes).
    Removing comp.o(i.COMP_SetDACVoltage), (80 bytes).
    Removing comp.o(i.COMP_SetFilterWindowTimeNs), (412 bytes).
    Removing dma.o(.rev16_text), (4 bytes).
    Removing dma.o(.revsh_text), (4 bytes).
    Removing dma.o(.rrx_text), (6 bytes).
    Removing ecap.o(.rev16_text), (4 bytes).
    Removing ecap.o(.revsh_text), (4 bytes).
    Removing ecap.o(.rrx_text), (6 bytes).
    Removing ecap.o(i.ECAP_APWMModeInit), (72 bytes).
    Removing ecap.o(i.ECAP_APWMSetDuty), (74 bytes).
    Removing ecap.o(i.ECAP_CaptureModeInit), (48 bytes).
    Removing ecap.o(i.ECAP_InitCaptureIO), (34 bytes).
    Removing ecap.o(i.ECAP_InitSyncIO), (34 bytes).
    Removing epwr.o(.rev16_text), (4 bytes).
    Removing epwr.o(.revsh_text), (4 bytes).
    Removing epwr.o(.rrx_text), (6 bytes).
    Removing epwr.o(i.EPWR_ComSpeedInit), (52 bytes).
    Removing epwr.o(i.EPWR_FeedWatchdog), (72 bytes).
    Removing epwr.o(i.EPWR_GetID), (80 bytes).
    Removing epwr.o(i.EPWR_ReadRegister), (96 bytes).
    Removing epwr.o(i.EPWR_ResetRegister), (72 bytes).
    Removing epwr.o(i.EPWR_SetFilterClockDiv), (76 bytes).
    Removing epwr.o(i.EPWR_SetFilterWindow), (100 bytes).
    Removing epwr.o(i.EPWR_SetFilterWindowTimeNs), (152 bytes).
    Removing epwr.o(i.EPWR_WriteRegister), (144 bytes).
    Removing epwr.o(i.EPWR_WriteRegisterField), (52 bytes).
    Removing gpio.o(.rev16_text), (4 bytes).
    Removing gpio.o(.revsh_text), (4 bytes).
    Removing gpio.o(.rrx_text), (6 bytes).
    Removing gpio.o(i.GPIO_SetEdgeIntMode), (428 bytes).
    Removing spd1179_hv.o(.rev16_text), (4 bytes).
    Removing spd1179_hv.o(.revsh_text), (4 bytes).
    Removing spd1179_hv.o(.rrx_text), (6 bytes).
    Removing spd1179_hv.o(i.HV_Init), (44 bytes).
    Removing spd1179_hv.o(i.HV_InitRegister), (196 bytes).
    Removing spd1179_hv.o(i.HV_PinInit), (148 bytes).
    Removing hwlib.o(.rev16_text), (4 bytes).
    Removing hwlib.o(.revsh_text), (4 bytes).
    Removing hwlib.o(.rrx_text), (6 bytes).
    Removing pga.o(.rev16_text), (4 bytes).
    Removing pga.o(.revsh_text), (4 bytes).
    Removing pga.o(.rrx_text), (6 bytes).
    Removing pga.o(i.PGA_InitDPGA), (64 bytes).
    Removing pga.o(i.PGA_InitSPGA), (80 bytes).
    Removing phcomp.o(.rev16_text), (4 bytes).
    Removing phcomp.o(.revsh_text), (4 bytes).
    Removing phcomp.o(.rrx_text), (6 bytes).
    Removing phcomp.o(i.PHCOMP_SetFilterWindow), (56 bytes).
    Removing phcomp.o(i.PHCOMP_SetFilterWindowTimeNs), (224 bytes).
    Removing power.o(.rev16_text), (4 bytes).
    Removing power.o(.revsh_text), (4 bytes).
    Removing power.o(.rrx_text), (6 bytes).
    Removing power.o(i.POWER_SetVDD12OVThreshold), (36 bytes).
    Removing power.o(i.POWER_SetVDD12UVThreshold), (32 bytes).
    Removing power.o(i.POWER_SetVDD33OVThreshold), (36 bytes).
    Removing power.o(i.POWER_SetVDD33UVThreshold), (32 bytes).
    Removing pwm.o(.rev16_text), (4 bytes).
    Removing pwm.o(.revsh_text), (4 bytes).
    Removing pwm.o(.rrx_text), (6 bytes).
    Removing pwm.o(i.PWM_CalculateSyncReloadValue), (84 bytes).
    Removing pwm.o(i.PWM_InitComplementaryPairChannel), (148 bytes).
    Removing pwm.o(i.PWM_InitSingleChannel), (108 bytes).
    Removing pwm.o(i.PWM_SetSyncFromGPIO), (68 bytes).
    Removing pwm.o(i.PWM_SetTZ0FromGPIO), (68 bytes).
    Removing pwm.o(i.PWM_SetTZ1FromGPIO), (68 bytes).
    Removing pwm.o(i.PWM_SetTZ2FromGPIO), (68 bytes).
    Removing pwm.o(i.PWM_SetTZ3FromGPIO), (68 bytes).
    Removing pwm.o(i.PWM_SetTZ4FromGPIO), (68 bytes).
    Removing spi.o(.rev16_text), (4 bytes).
    Removing spi.o(.revsh_text), (4 bytes).
    Removing spi.o(.rrx_text), (6 bytes).
    Removing spi.o(i.SPI_ExitNetMode), (42 bytes).
    Removing spi.o(i.SPI_Init), (102 bytes).
    Removing spi.o(i.SPI_InitEasy), (26 bytes).
    Removing spi.o(i.SPI_InitSpeed), (92 bytes).
    Removing spi.o(i.SPI_MasterB2BTransceive), (80 bytes).
    Removing spi.o(i.SPI_MasterTransceive), (70 bytes).
    Removing spi.o(i.SPI_Receive), (52 bytes).
    Removing spi.o(i.SPI_Send), (34 bytes).
    Removing spi.o(i.SPI_SlaveTransceive), (146 bytes).
    Removing system.o(.rev16_text), (4 bytes).
    Removing system.o(.revsh_text), (4 bytes).
    Removing system.o(.rrx_text), (6 bytes).
    Removing system.o(i.SYSTEM_SetMonitorInterval), (64 bytes).
    Removing system.o(i.SYSTEM_SetMonitorSampleAndConvertTime), (60 bytes).
    Removing system.o(i.SYSTEM_SetMonitorThreshold), (620 bytes).
    Removing system.o(i.SYSTEM_SetSleepWakeUpByGPIO), (108 bytes).
    Removing system.o(i.SYSTEM_SetStopWakeUpByGPIO), (84 bytes).
    Removing timer.o(.rev16_text), (4 bytes).
    Removing timer.o(.revsh_text), (4 bytes).
    Removing timer.o(.rrx_text), (6 bytes).
    Removing timer.o(i.TIMER_Init), (136 bytes).
    Removing uart.o(.rev16_text), (4 bytes).
    Removing uart.o(.revsh_text), (4 bytes).
    Removing uart.o(.rrx_text), (6 bytes).
    Removing uart.o(i.LIN_Init), (44 bytes).
    Removing uart.o(i.UART_Read), (30 bytes).
    Removing uart.o(i.UART_WaitAutoBaudReady), (36 bytes).
    Removing uart.o(i.UART_Write), (42 bytes).
    Removing uart.o(i.UART_WriteText), (36 bytes).
    Removing wdt.o(.rev16_text), (4 bytes).
    Removing wdt.o(.revsh_text), (4 bytes).
    Removing wdt.o(.rrx_text), (6 bytes).
    Removing wdt.o(i.WDT_Init), (76 bytes).
    Removing pin.o(.rev16_text), (4 bytes).
    Removing pin.o(.revsh_text), (4 bytes).
    Removing pin.o(.rrx_text), (6 bytes).
    Removing pin.o(i.PIN_ResetAllPin), (108 bytes).
    Removing pin.o(i.PIN_SetPinAsECAPO), (50 bytes).
    Removing pin.o(i.PIN_SetPinAsGPIO), (32 bytes).
    Removing can.o(.rev16_text), (4 bytes).
    Removing can.o(.revsh_text), (4 bytes).
    Removing can.o(.rrx_text), (6 bytes).
    Removing can.o(i.CAN_AbortMessageTransferRequest), (50 bytes).
    Removing can.o(i.CAN_DecodeDataLength), (54 bytes).
    Removing can.o(i.CAN_EncodeDataLength), (62 bytes).
    Removing can.o(i.CAN_GetMessage), (434 bytes).
    Removing can.o(i.CAN_GetMessageData), (28 bytes).
    Removing can.o(i.CAN_InitMessageRAM), (24 bytes).
    Removing can.o(i.CAN_Reset), (54 bytes).
    Removing can.o(i.CAN_SetMessage), (844 bytes).
    Removing can.o(i.CAN_SetMessageData), (178 bytes).
    Removing crc.o(.rev16_text), (4 bytes).
    Removing crc.o(.revsh_text), (4 bytes).
    Removing crc.o(.rrx_text), (6 bytes).
    Removing crc.o(i.CRC_CalculateWithInitValueIsNotZero), (410 bytes).
    Removing crc.o(i.CRC_CalculateWithInitValueIsZero), (368 bytes).
    Removing crc.o(i.CRC_Init), (180 bytes).
    Removing i2c.o(.rev16_text), (4 bytes).
    Removing i2c.o(.revsh_text), (4 bytes).
    Removing i2c.o(.rrx_text), (6 bytes).
    Removing i2c.o(i.I2C_Disable), (22 bytes).
    Removing i2c.o(i.I2C_Enable), (22 bytes).
    Removing i2c.o(i.I2C_InitSpeed), (364 bytes).
    Removing i2c.o(i.I2C_MasterBulkRead), (130 bytes).
    Removing i2c.o(i.I2C_MasterBulkWrite), (102 bytes).
    Removing i2c.o(i.I2C_MasterInit), (88 bytes).
    Removing i2c.o(i.I2C_MasterRead), (86 bytes).
    Removing i2c.o(i.I2C_MasterWrite), (80 bytes).
    Removing i2c.o(i.I2C_SlaveBulkRead), (32 bytes).
    Removing i2c.o(i.I2C_SlaveBulkWrite), (76 bytes).
    Removing i2c.o(i.I2C_SlaveInit), (176 bytes).
    Removing i2c.o(i.I2C_SlaveRead), (32 bytes).
    Removing i2c.o(i.I2C_SlaveWrite), (52 bytes).
    Removing system_spc1169.o(.rev16_text), (4 bytes).
    Removing system_spc1169.o(.revsh_text), (4 bytes).
    Removing system_spc1169.o(.rrx_text), (6 bytes).
    Removing delay.o(.rev16_text), (4 bytes).
    Removing delay.o(.revsh_text), (4 bytes).
    Removing delay.o(.rrx_text), (6 bytes).
    Removing retarget.o(.rev16_text), (4 bytes).
    Removing retarget.o(.revsh_text), (4 bytes).
    Removing retarget.o(.rrx_text), (6 bytes).
    Removing retarget.o(i.__backspace), (6 bytes).
    Removing retarget.o(i._ttywrch), (28 bytes).
    Removing retarget.o(i.fgetc), (28 bytes).

184 unused section(s) (total 13878 bytes) removed from the image.

==============================================================================

Image Symbol Table

    Local Symbols

    Symbol Name                              Value     Ov Type        Size  Object(Section)

    ../clib/angel/boardlib.s                 0x00000000   Number         0  boardinit1.o ABSOLUTE
    ../clib/angel/boardlib.s                 0x00000000   Number         0  boardshut.o ABSOLUTE
    ../clib/angel/boardlib.s                 0x00000000   Number         0  boardinit2.o ABSOLUTE
    ../clib/angel/boardlib.s                 0x00000000   Number         0  boardinit3.o ABSOLUTE
    ../clib/angel/handlers.s                 0x00000000   Number         0  __scatter_zi.o ABSOLUTE
    ../clib/angel/handlers.s                 0x00000000   Number         0  __scatter_copy.o ABSOLUTE
    ../clib/angel/kernel.s                   0x00000000   Number         0  __rtentry4.o ABSOLUTE
    ../clib/angel/kernel.s                   0x00000000   Number         0  rtexit2.o ABSOLUTE
    ../clib/angel/kernel.s                   0x00000000   Number         0  __rtentry2.o ABSOLUTE
    ../clib/angel/kernel.s                   0x00000000   Number         0  __rtentry.o ABSOLUTE
    ../clib/angel/kernel.s                   0x00000000   Number         0  rtexit.o ABSOLUTE
    ../clib/angel/rt.s                       0x00000000   Number         0  rt_div0.o ABSOLUTE
    ../clib/angel/rt.s                       0x00000000   Number         0  aeabi_ldiv0.o ABSOLUTE
    ../clib/angel/rt.s                       0x00000000   Number         0  aeabi_ldiv0_sigfpe.o ABSOLUTE
    ../clib/angel/rt.s                       0x00000000   Number         0  rt_raise.o ABSOLUTE
    ../clib/angel/scatter.s                  0x00000000   Number         0  __scatter.o ABSOLUTE
    ../clib/angel/startup.s                  0x00000000   Number         0  __main.o ABSOLUTE
    ../clib/angel/sys.s                      0x00000000   Number         0  sys_stackheap_outer.o ABSOLUTE
    ../clib/angel/sys.s                      0x00000000   Number         0  use_no_semi.o ABSOLUTE
    ../clib/angel/sys.s                      0x00000000   Number         0  libspace.o ABSOLUTE
    ../clib/angel/sys.s                      0x00000000   Number         0  indicate_semi.o ABSOLUTE
    ../clib/angel/sysapp.c                   0x00000000   Number         0  sys_command.o ABSOLUTE
    ../clib/armsys.c                         0x00000000   Number         0  argv_veneer.o ABSOLUTE
    ../clib/armsys.c                         0x00000000   Number         0  no_argv.o ABSOLUTE
    ../clib/armsys.c                         0x00000000   Number         0  _get_argv_nomalloc.o ABSOLUTE
    ../clib/armsys.c                         0x00000000   Number         0  argv_veneer.o ABSOLUTE
    ../clib/heapalloc.c                      0x00000000   Number         0  hrguard.o ABSOLUTE
    ../clib/heapaux.c                        0x00000000   Number         0  heapauxi.o ABSOLUTE
    ../clib/libinit.s                        0x00000000   Number         0  libinit2.o ABSOLUTE
    ../clib/libinit.s                        0x00000000   Number         0  libshutdown2.o ABSOLUTE
    ../clib/libinit.s                        0x00000000   Number         0  libinit.o ABSOLUTE
    ../clib/libinit.s                        0x00000000   Number         0  libshutdown.o ABSOLUTE
    ../clib/longlong.s                       0x00000000   Number         0  lludivv7m.o ABSOLUTE
    ../clib/printf.c                         0x00000000   Number         0  __2printf.o ABSOLUTE
    ../clib/printf.c                         0x00000000   Number         0  __printf_flags_ss_wp.o ABSOLUTE
    ../clib/printf.c                         0x00000000   Number         0  __printf_wp.o ABSOLUTE
    ../clib/printf.c                         0x00000000   Number         0  __printf_flags_ss.o ABSOLUTE
    ../clib/printf.c                         0x00000000   Number         0  _printf_intcommon.o ABSOLUTE
    ../clib/printf.c                         0x00000000   Number         0  _printf_char_file.o ABSOLUTE
    ../clib/printf.c                         0x00000000   Number         0  __printf_nopercent.o ABSOLUTE
    ../clib/printf.c                         0x00000000   Number         0  noretval__2printf.o ABSOLUTE
    ../clib/printf.c                         0x00000000   Number         0  __printf.o ABSOLUTE
    ../clib/printf.c                         0x00000000   Number         0  __printf_flags_wp.o ABSOLUTE
    ../clib/printf.c                         0x00000000   Number         0  _printf_dec.o ABSOLUTE
    ../clib/printf.c                         0x00000000   Number         0  _printf_char_common.o ABSOLUTE
    ../clib/printf.c                         0x00000000   Number         0  __printf_flags.o ABSOLUTE
    ../clib/printf.c                         0x00000000   Number         0  __printf_ss.o ABSOLUTE
    ../clib/printf.c                         0x00000000   Number         0  __printf_ss_wp.o ABSOLUTE
    ../clib/printf_percent.s                 0x00000000   Number         0  _printf_d.o ABSOLUTE
    ../clib/printf_percent.s                 0x00000000   Number         0  _printf_percent.o ABSOLUTE
    ../clib/printf_percent.s                 0x00000000   Number         0  _printf_percent_end.o ABSOLUTE
    ../clib/signal.c                         0x00000000   Number         0  defsig_segv_inner.o ABSOLUTE
    ../clib/signal.c                         0x00000000   Number         0  defsig_cppl_inner.o ABSOLUTE
    ../clib/signal.c                         0x00000000   Number         0  defsig_pvfn_inner.o ABSOLUTE
    ../clib/signal.c                         0x00000000   Number         0  defsig_rtmem_formal.o ABSOLUTE
    ../clib/signal.c                         0x00000000   Number         0  defsig_rtmem_outer.o ABSOLUTE
    ../clib/signal.c                         0x00000000   Number         0  defsig_rtmem_inner.o ABSOLUTE
    ../clib/signal.c                         0x00000000   Number         0  defsig_rtred_inner.o ABSOLUTE
    ../clib/signal.c                         0x00000000   Number         0  defsig_abrt_inner.o ABSOLUTE
    ../clib/signal.c                         0x00000000   Number         0  __raise.o ABSOLUTE
    ../clib/signal.c                         0x00000000   Number         0  defsig_fpe_inner.o ABSOLUTE
    ../clib/signal.c                         0x00000000   Number         0  defsig_exit.o ABSOLUTE
    ../clib/signal.c                         0x00000000   Number         0  defsig_fpe_formal.o ABSOLUTE
    ../clib/signal.c                         0x00000000   Number         0  defsig_fpe_outer.o ABSOLUTE
    ../clib/signal.c                         0x00000000   Number         0  defsig_stak_inner.o ABSOLUTE
    ../clib/signal.c                         0x00000000   Number         0  defsig_general.o ABSOLUTE
    ../clib/signal.c                         0x00000000   Number         0  defsig_other.o ABSOLUTE
    ../clib/signal.s                         0x00000000   Number         0  defsig.o ABSOLUTE
    ../clib/stdlib.c                         0x00000000   Number         0  exit.o ABSOLUTE
    ../fplib/d2f.s                           0x00000000   Number         0  d2f.o ABSOLUTE
    ../fplib/ddiv.s                          0x00000000   Number         0  ddiv.o ABSOLUTE
    ../fplib/dflt.s                          0x00000000   Number         0  dflt_clz.o ABSOLUTE
    ../fplib/dnaninf.s                       0x00000000   Number         0  dnaninf.o ABSOLUTE
    ../fplib/dretinf.s                       0x00000000   Number         0  dretinf.o ABSOLUTE
    ../fplib/fpinit.s                        0x00000000   Number         0  fpinit.o ABSOLUTE
    ../fplib/fretinf.s                       0x00000000   Number         0  fretinf.o ABSOLUTE
    ../fplib/usenofp.s                       0x00000000   Number         0  usenofp.o ABSOLUTE
    ..\..\..\..\Libraries\CMSIS\device\startup\arm\startup_spc1169.s 0x00000000   Number         0  startup_spc1169.o ABSOLUTE
    ..\..\..\..\Libraries\CMSIS\device\system_spc1169.c 0x00000000   Number         0  system_spc1169.o ABSOLUTE
    ..\..\..\..\Libraries\drivers\src\adc.c  0x00000000   Number         0  adc.o ABSOLUTE
    ..\..\..\..\Libraries\drivers\src\can.c  0x00000000   Number         0  can.o ABSOLUTE
    ..\..\..\..\Libraries\drivers\src\clock.c 0x00000000   Number         0  clock.o ABSOLUTE
    ..\..\..\..\Libraries\drivers\src\comp.c 0x00000000   Number         0  comp.o ABSOLUTE
    ..\..\..\..\Libraries\drivers\src\crc.c  0x00000000   Number         0  crc.o ABSOLUTE
    ..\..\..\..\Libraries\drivers\src\dma.c  0x00000000   Number         0  dma.o ABSOLUTE
    ..\..\..\..\Libraries\drivers\src\ecap.c 0x00000000   Number         0  ecap.o ABSOLUTE
    ..\..\..\..\Libraries\drivers\src\epwr.c 0x00000000   Number         0  epwr.o ABSOLUTE
    ..\..\..\..\Libraries\drivers\src\gpio.c 0x00000000   Number         0  gpio.o ABSOLUTE
    ..\..\..\..\Libraries\drivers\src\hwlib.c 0x00000000   Number         0  hwlib.o ABSOLUTE
    ..\..\..\..\Libraries\drivers\src\i2c.c  0x00000000   Number         0  i2c.o ABSOLUTE
    ..\..\..\..\Libraries\drivers\src\pga.c  0x00000000   Number         0  pga.o ABSOLUTE
    ..\..\..\..\Libraries\drivers\src\phcomp.c 0x00000000   Number         0  phcomp.o ABSOLUTE
    ..\..\..\..\Libraries\drivers\src\pin.c  0x00000000   Number         0  pin.o ABSOLUTE
    ..\..\..\..\Libraries\drivers\src\power.c 0x00000000   Number         0  power.o ABSOLUTE
    ..\..\..\..\Libraries\drivers\src\pwm.c  0x00000000   Number         0  pwm.o ABSOLUTE
    ..\..\..\..\Libraries\drivers\src\spd1179_hv.c 0x00000000   Number         0  spd1179_hv.o ABSOLUTE
    ..\..\..\..\Libraries\drivers\src\spi.c  0x00000000   Number         0  spi.o ABSOLUTE
    ..\..\..\..\Libraries\drivers\src\system.c 0x00000000   Number         0  system.o ABSOLUTE
    ..\..\..\..\Libraries\drivers\src\timer.c 0x00000000   Number         0  timer.o ABSOLUTE
    ..\..\..\..\Libraries\drivers\src\uart.c 0x00000000   Number         0  uart.o ABSOLUTE
    ..\..\..\..\Libraries\drivers\src\wdt.c  0x00000000   Number         0  wdt.o ABSOLUTE
    ..\..\..\..\Utilities\delay.c            0x00000000   Number         0  delay.o ABSOLUTE
    ..\..\..\..\Utilities\retarget.c         0x00000000   Number         0  retarget.o ABSOLUTE
    ..\\..\\..\\..\\Libraries\\CMSIS\\device\\system_spc1169.c 0x00000000   Number         0  system_spc1169.o ABSOLUTE
    ..\\..\\..\\..\\Libraries\\drivers\\src\\adc.c 0x00000000   Number         0  adc.o ABSOLUTE
    ..\\..\\..\\..\\Libraries\\drivers\\src\\can.c 0x00000000   Number         0  can.o ABSOLUTE
    ..\\..\\..\\..\\Libraries\\drivers\\src\\clock.c 0x00000000   Number         0  clock.o ABSOLUTE
    ..\\..\\..\\..\\Libraries\\drivers\\src\\comp.c 0x00000000   Number         0  comp.o ABSOLUTE
    ..\\..\\..\\..\\Libraries\\drivers\\src\\crc.c 0x00000000   Number         0  crc.o ABSOLUTE
    ..\\..\\..\\..\\Libraries\\drivers\\src\\dma.c 0x00000000   Number         0  dma.o ABSOLUTE
    ..\\..\\..\\..\\Libraries\\drivers\\src\\ecap.c 0x00000000   Number         0  ecap.o ABSOLUTE
    ..\\..\\..\\..\\Libraries\\drivers\\src\\epwr.c 0x00000000   Number         0  epwr.o ABSOLUTE
    ..\\..\\..\\..\\Libraries\\drivers\\src\\gpio.c 0x00000000   Number         0  gpio.o ABSOLUTE
    ..\\..\\..\\..\\Libraries\\drivers\\src\\hwlib.c 0x00000000   Number         0  hwlib.o ABSOLUTE
    ..\\..\\..\\..\\Libraries\\drivers\\src\\i2c.c 0x00000000   Number         0  i2c.o ABSOLUTE
    ..\\..\\..\\..\\Libraries\\drivers\\src\\pga.c 0x00000000   Number         0  pga.o ABSOLUTE
    ..\\..\\..\\..\\Libraries\\drivers\\src\\phcomp.c 0x00000000   Number         0  phcomp.o ABSOLUTE
    ..\\..\\..\\..\\Libraries\\drivers\\src\\pin.c 0x00000000   Number         0  pin.o ABSOLUTE
    ..\\..\\..\\..\\Libraries\\drivers\\src\\power.c 0x00000000   Number         0  power.o ABSOLUTE
    ..\\..\\..\\..\\Libraries\\drivers\\src\\pwm.c 0x00000000   Number         0  pwm.o ABSOLUTE
    ..\\..\\..\\..\\Libraries\\drivers\\src\\spd1179_hv.c 0x00000000   Number         0  spd1179_hv.o ABSOLUTE
    ..\\..\\..\\..\\Libraries\\drivers\\src\\spi.c 0x00000000   Number         0  spi.o ABSOLUTE
    ..\\..\\..\\..\\Libraries\\drivers\\src\\system.c 0x00000000   Number         0  system.o ABSOLUTE
    ..\\..\\..\\..\\Libraries\\drivers\\src\\timer.c 0x00000000   Number         0  timer.o ABSOLUTE
    ..\\..\\..\\..\\Libraries\\drivers\\src\\uart.c 0x00000000   Number         0  uart.o ABSOLUTE
    ..\\..\\..\\..\\Libraries\\drivers\\src\\wdt.c 0x00000000   Number         0  wdt.o ABSOLUTE
    ..\\..\\..\\..\\Utilities\\delay.c       0x00000000   Number         0  delay.o ABSOLUTE
    ..\\..\\..\\..\\Utilities\\retarget.c    0x00000000   Number         0  retarget.o ABSOLUTE
    ..\\isr.c                                0x00000000   Number         0  isr.o ABSOLUTE
    ..\\main.c                               0x00000000   Number         0  main.o ABSOLUTE
    ..\isr.c                                 0x00000000   Number         0  isr.o ABSOLUTE
    ..\main.c                                0x00000000   Number         0  main.o ABSOLUTE
    dc.s                                     0x00000000   Number         0  dc.o ABSOLUTE
    RESET                                    0x10000000   Section      280  startup_spc1169.o(RESET)
    !!!main                                  0x10000118   Section        8  __main.o(!!!main)
    !!!scatter                               0x10000120   Section       52  __scatter.o(!!!scatter)
    !!handler_copy                           0x10000154   Section       26  __scatter_copy.o(!!handler_copy)
    !!handler_zi                             0x10000170   Section       28  __scatter_zi.o(!!handler_zi)
    .ARM.Collect$$_printf_percent$$00000000  0x1000018c   Section        0  _printf_percent.o(.ARM.Collect$$_printf_percent$$00000000)
    .ARM.Collect$$_printf_percent$$00000009  0x1000018c   Section        6  _printf_d.o(.ARM.Collect$$_printf_percent$$00000009)
    .ARM.Collect$$_printf_percent$$00000017  0x10000192   Section        4  _printf_percent_end.o(.ARM.Collect$$_printf_percent$$00000017)
    .ARM.Collect$$libinit$$00000000          0x10000196   Section        2  libinit.o(.ARM.Collect$$libinit$$00000000)
    .ARM.Collect$$libinit$$00000001          0x10000198   Section        4  libinit2.o(.ARM.Collect$$libinit$$00000001)
    .ARM.Collect$$libinit$$00000004          0x1000019c   Section        0  libinit2.o(.ARM.Collect$$libinit$$00000004)
    .ARM.Collect$$libinit$$0000000A          0x1000019c   Section        0  libinit2.o(.ARM.Collect$$libinit$$0000000A)
    .ARM.Collect$$libinit$$0000000C          0x1000019c   Section        0  libinit2.o(.ARM.Collect$$libinit$$0000000C)
    .ARM.Collect$$libinit$$0000000E          0x1000019c   Section        0  libinit2.o(.ARM.Collect$$libinit$$0000000E)
    .ARM.Collect$$libinit$$00000011          0x1000019c   Section        0  libinit2.o(.ARM.Collect$$libinit$$00000011)
    .ARM.Collect$$libinit$$00000013          0x1000019c   Section        0  libinit2.o(.ARM.Collect$$libinit$$00000013)
    .ARM.Collect$$libinit$$00000015          0x1000019c   Section        0  libinit2.o(.ARM.Collect$$libinit$$00000015)
    .ARM.Collect$$libinit$$00000017          0x1000019c   Section        0  libinit2.o(.ARM.Collect$$libinit$$00000017)
    .ARM.Collect$$libinit$$00000019          0x1000019c   Section        0  libinit2.o(.ARM.Collect$$libinit$$00000019)
    .ARM.Collect$$libinit$$0000001B          0x1000019c   Section        0  libinit2.o(.ARM.Collect$$libinit$$0000001B)
    .ARM.Collect$$libinit$$0000001D          0x1000019c   Section        0  libinit2.o(.ARM.Collect$$libinit$$0000001D)
    .ARM.Collect$$libinit$$0000001F          0x1000019c   Section        0  libinit2.o(.ARM.Collect$$libinit$$0000001F)
    .ARM.Collect$$libinit$$00000021          0x1000019c   Section        0  libinit2.o(.ARM.Collect$$libinit$$00000021)
    .ARM.Collect$$libinit$$00000023          0x1000019c   Section        0  libinit2.o(.ARM.Collect$$libinit$$00000023)
    .ARM.Collect$$libinit$$00000025          0x1000019c   Section        0  libinit2.o(.ARM.Collect$$libinit$$00000025)
    .ARM.Collect$$libinit$$0000002C          0x1000019c   Section        0  libinit2.o(.ARM.Collect$$libinit$$0000002C)
    .ARM.Collect$$libinit$$0000002E          0x1000019c   Section        0  libinit2.o(.ARM.Collect$$libinit$$0000002E)
    .ARM.Collect$$libinit$$00000030          0x1000019c   Section        0  libinit2.o(.ARM.Collect$$libinit$$00000030)
    .ARM.Collect$$libinit$$00000032          0x1000019c   Section        0  libinit2.o(.ARM.Collect$$libinit$$00000032)
    .ARM.Collect$$libinit$$00000033          0x1000019c   Section        2  libinit2.o(.ARM.Collect$$libinit$$00000033)
    .ARM.Collect$$libshutdown$$00000000      0x1000019e   Section        2  libshutdown.o(.ARM.Collect$$libshutdown$$00000000)
    .ARM.Collect$$libshutdown$$00000002      0x100001a0   Section        0  libshutdown2.o(.ARM.Collect$$libshutdown$$00000002)
    .ARM.Collect$$libshutdown$$00000004      0x100001a0   Section        0  libshutdown2.o(.ARM.Collect$$libshutdown$$00000004)
    .ARM.Collect$$libshutdown$$00000007      0x100001a0   Section        0  libshutdown2.o(.ARM.Collect$$libshutdown$$00000007)
    .ARM.Collect$$libshutdown$$0000000A      0x100001a0   Section        0  libshutdown2.o(.ARM.Collect$$libshutdown$$0000000A)
    .ARM.Collect$$libshutdown$$0000000C      0x100001a0   Section        0  libshutdown2.o(.ARM.Collect$$libshutdown$$0000000C)
    .ARM.Collect$$libshutdown$$0000000F      0x100001a0   Section        0  libshutdown2.o(.ARM.Collect$$libshutdown$$0000000F)
    .ARM.Collect$$libshutdown$$00000010      0x100001a0   Section        2  libshutdown2.o(.ARM.Collect$$libshutdown$$00000010)
    .ARM.Collect$$rtentry$$00000000          0x100001a2   Section        0  __rtentry.o(.ARM.Collect$$rtentry$$00000000)
    .ARM.Collect$$rtentry$$00000002          0x100001a2   Section        0  __rtentry2.o(.ARM.Collect$$rtentry$$00000002)
    .ARM.Collect$$rtentry$$00000004          0x100001a2   Section        6  __rtentry4.o(.ARM.Collect$$rtentry$$00000004)
    .ARM.Collect$$rtentry$$00000009          0x100001a8   Section        0  __rtentry2.o(.ARM.Collect$$rtentry$$00000009)
    .ARM.Collect$$rtentry$$0000000A          0x100001a8   Section        4  __rtentry2.o(.ARM.Collect$$rtentry$$0000000A)
    .ARM.Collect$$rtentry$$0000000C          0x100001ac   Section        0  __rtentry2.o(.ARM.Collect$$rtentry$$0000000C)
    .ARM.Collect$$rtentry$$0000000D          0x100001ac   Section        8  __rtentry2.o(.ARM.Collect$$rtentry$$0000000D)
    .ARM.Collect$$rtexit$$00000000           0x100001b4   Section        2  rtexit.o(.ARM.Collect$$rtexit$$00000000)
    .ARM.Collect$$rtexit$$00000002           0x100001b6   Section        0  rtexit2.o(.ARM.Collect$$rtexit$$00000002)
    .ARM.Collect$$rtexit$$00000003           0x100001b6   Section        4  rtexit2.o(.ARM.Collect$$rtexit$$00000003)
    .ARM.Collect$$rtexit$$00000004           0x100001ba   Section        6  rtexit2.o(.ARM.Collect$$rtexit$$00000004)
    .text                                    0x100001c0   Section       92  startup_spc1169.o(.text)
    $v0                                      0x100001c0   Number         0  startup_spc1169.o(.text)
    .text                                    0x1000021c   Section      238  lludivv7m.o(.text)
    .text                                    0x1000030c   Section        0  noretval__2printf.o(.text)
    .text                                    0x10000324   Section        0  __printf.o(.text)
    .text                                    0x1000038c   Section        0  _printf_dec.o(.text)
    .text                                    0x10000404   Section        0  heapauxi.o(.text)
    .text                                    0x1000040a   Section        0  _printf_intcommon.o(.text)
    .text                                    0x100004bc   Section        0  _printf_char_file.o(.text)
    .text                                    0x100004e0   Section        0  _printf_char_common.o(.text)
    _printf_input_char                       0x100004e1   Thumb Code    10  _printf_char_common.o(.text)
    .text                                    0x10000510   Section       74  sys_stackheap_outer.o(.text)
    .text                                    0x1000055a   Section        0  exit.o(.text)
    .text                                    0x1000056c   Section        8  libspace.o(.text)
    i.ADCCH0_IRQHandler                      0x10000574   Section        0  main.o(i.ADCCH0_IRQHandler)
    i.ADCCH10_IRQHandler                     0x100005e4   Section        0  isr.o(i.ADCCH10_IRQHandler)
    i.ADCCH11_IRQHandler                     0x100005e6   Section        0  isr.o(i.ADCCH11_IRQHandler)
    i.ADCCH12_IRQHandler                     0x100005e8   Section        0  isr.o(i.ADCCH12_IRQHandler)
    i.ADCCH13_IRQHandler                     0x100005ea   Section        0  isr.o(i.ADCCH13_IRQHandler)
    i.ADCCH14_IRQHandler                     0x100005ec   Section        0  isr.o(i.ADCCH14_IRQHandler)
    i.ADCCH15_IRQHandler                     0x100005ee   Section        0  isr.o(i.ADCCH15_IRQHandler)
    i.ADCCH1_IRQHandler                      0x100005f0   Section        0  main.o(i.ADCCH1_IRQHandler)
    i.ADCCH2_IRQHandler                      0x1000060c   Section        0  main.o(i.ADCCH2_IRQHandler)
    i.ADCCH3_IRQHandler                      0x1000067c   Section        0  isr.o(i.ADCCH3_IRQHandler)
    i.ADCCH4_IRQHandler                      0x1000067e   Section        0  isr.o(i.ADCCH4_IRQHandler)
    i.ADCCH5_IRQHandler                      0x10000680   Section        0  isr.o(i.ADCCH5_IRQHandler)
    i.ADCCH6_IRQHandler                      0x10000682   Section        0  isr.o(i.ADCCH6_IRQHandler)
    i.ADCCH7_IRQHandler                      0x10000684   Section        0  isr.o(i.ADCCH7_IRQHandler)
    i.ADCCH8_IRQHandler                      0x10000686   Section        0  isr.o(i.ADCCH8_IRQHandler)
    i.ADCCH9_IRQHandler                      0x10000688   Section        0  isr.o(i.ADCCH9_IRQHandler)
    i.ADCPPU0_IRQHandler                     0x1000068a   Section        0  isr.o(i.ADCPPU0_IRQHandler)
    i.ADCPPU1_IRQHandler                     0x1000068c   Section        0  isr.o(i.ADCPPU1_IRQHandler)
    i.ADCPPU2_IRQHandler                     0x1000068e   Section        0  isr.o(i.ADCPPU2_IRQHandler)
    i.ADC_EasyInit1                          0x10000690   Section        0  adc.o(i.ADC_EasyInit1)
    i.ADC_GetInputPinCode                    0x100006e8   Section        0  adc.o(i.ADC_GetInputPinCode)
    ADC_GetInputPinCode                      0x100006e9   Thumb Code   128  adc.o(i.ADC_GetInputPinCode)
    i.ADC_PowerUp                            0x10000768   Section        0  adc.o(i.ADC_PowerUp)
    i.ADC_SelectPinSingleEnd                 0x100007a0   Section        0  adc.o(i.ADC_SelectPinSingleEnd)
    i.ADC_SetChannelIntTriggerSOC            0x10000870   Section        0  main.o(i.ADC_SetChannelIntTriggerSOC)
    ADC_SetChannelIntTriggerSOC              0x10000871   Thumb Code    66  main.o(i.ADC_SetChannelIntTriggerSOC)
    i.ADC_SetChannelIntTriggerSOC            0x100008b2   Section        0  adc.o(i.ADC_SetChannelIntTriggerSOC)
    ADC_SetChannelIntTriggerSOC              0x100008b3   Thumb Code    66  adc.o(i.ADC_SetChannelIntTriggerSOC)
    i.ADC_SetSampleAndConvertTime            0x100008f4   Section        0  adc.o(i.ADC_SetSampleAndConvertTime)
    i.BusFault_Handler                       0x10000994   Section        0  isr.o(i.BusFault_Handler)
    i.CANMISC_IRQHandler                     0x100009b4   Section        0  isr.o(i.CANMISC_IRQHandler)
    i.CANTRG0_IRQHandler                     0x100009b6   Section        0  isr.o(i.CANTRG0_IRQHandler)
    i.CANTRG1_IRQHandler                     0x100009b8   Section        0  isr.o(i.CANTRG1_IRQHandler)
    i.CANTRG2_IRQHandler                     0x100009ba   Section        0  isr.o(i.CANTRG2_IRQHandler)
    i.CANTRG3_IRQHandler                     0x100009bc   Section        0  isr.o(i.CANTRG3_IRQHandler)
    i.CANTRG4_IRQHandler                     0x100009be   Section        0  isr.o(i.CANTRG4_IRQHandler)
    i.CANTRG5_IRQHandler                     0x100009c0   Section        0  isr.o(i.CANTRG5_IRQHandler)
    i.CANTRG6_IRQHandler                     0x100009c2   Section        0  isr.o(i.CANTRG6_IRQHandler)
    i.CANTRG7_IRQHandler                     0x100009c4   Section        0  isr.o(i.CANTRG7_IRQHandler)
    i.CLOCK_ConfigurePLL                     0x100009c8   Section        0  clock.o(i.CLOCK_ConfigurePLL)
    i.CLOCK_GetModuleClock                   0x10000b60   Section        0  clock.o(i.CLOCK_GetModuleClock)
    i.CLOCK_InitWithRCO                      0x10000c00   Section        0  clock.o(i.CLOCK_InitWithRCO)
    i.CRC_IRQHandler                         0x10000cd4   Section        0  isr.o(i.CRC_IRQHandler)
    i.DMAC_IRQHandler                        0x10000cd6   Section        0  isr.o(i.DMAC_IRQHandler)
    i.DebugMon_Handler                       0x10000cd8   Section        0  isr.o(i.DebugMon_Handler)
    i.Delay_Init                             0x10000cf8   Section        0  delay.o(i.Delay_Init)
    i.Delay_Ms                               0x10000d34   Section        0  delay.o(i.Delay_Ms)
    i.Delay_Us                               0x10000d48   Section        0  delay.o(i.Delay_Us)
    i.ECAP_IRQHandler                        0x10000d5c   Section        0  isr.o(i.ECAP_IRQHandler)
    i.EPWRTZ0_IRQHandler                     0x10000d5e   Section        0  isr.o(i.EPWRTZ0_IRQHandler)
    i.EPWRTZ1_IRQHandler                     0x10000d60   Section        0  isr.o(i.EPWRTZ1_IRQHandler)
    i.GPIO_EDGE_IRQHandler                   0x10000d62   Section        0  isr.o(i.GPIO_EDGE_IRQHandler)
    i.GPIO_LEVEL_IRQHandler                  0x10000d64   Section        0  isr.o(i.GPIO_LEVEL_IRQHandler)
    i.HardFault_Handler                      0x10000d68   Section        0  isr.o(i.HardFault_Handler)
    i.I2C_IRQHandler                         0x10000d88   Section        0  isr.o(i.I2C_IRQHandler)
    i.MEM_IRQHandler                         0x10000d8a   Section        0  isr.o(i.MEM_IRQHandler)
    i.MemManage_Handler                      0x10000d8c   Section        0  isr.o(i.MemManage_Handler)
    i.NMI_Handler                            0x10000dac   Section        0  isr.o(i.NMI_Handler)
    i.NVIC_EnableIRQ                         0x10000dc8   Section        0  main.o(i.NVIC_EnableIRQ)
    NVIC_EnableIRQ                           0x10000dc9   Thumb Code    22  main.o(i.NVIC_EnableIRQ)
    i.PHCOMP_IRQHandler                      0x10000dde   Section        0  isr.o(i.PHCOMP_IRQHandler)
    i.PIN_SetPinAsAnalog                     0x10000de0   Section        0  pin.o(i.PIN_SetPinAsAnalog)
    i.PWM0TZ_IRQHandler                      0x10000e36   Section        0  isr.o(i.PWM0TZ_IRQHandler)
    i.PWM0_IRQHandler                        0x10000e38   Section        0  isr.o(i.PWM0_IRQHandler)
    i.PWM1TZ_IRQHandler                      0x10000e3a   Section        0  isr.o(i.PWM1TZ_IRQHandler)
    i.PWM1_IRQHandler                        0x10000e3c   Section        0  isr.o(i.PWM1_IRQHandler)
    i.PWM2TZ_IRQHandler                      0x10000e3e   Section        0  isr.o(i.PWM2TZ_IRQHandler)
    i.PWM2_IRQHandler                        0x10000e40   Section        0  isr.o(i.PWM2_IRQHandler)
    i.PWM3TZ_IRQHandler                      0x10000e42   Section        0  isr.o(i.PWM3TZ_IRQHandler)
    i.PWM3_IRQHandler                        0x10000e44   Section        0  isr.o(i.PWM3_IRQHandler)
    i.PendSV_Handler                         0x10000e48   Section        0  isr.o(i.PendSV_Handler)
    i.SPI0_IRQHandler                        0x10000e64   Section        0  isr.o(i.SPI0_IRQHandler)
    i.SPI1_IRQHandler                        0x10000e66   Section        0  isr.o(i.SPI1_IRQHandler)
    i.SVC_Handler                            0x10000e68   Section        0  isr.o(i.SVC_Handler)
    i.SysTick_Handler                        0x10000e84   Section        0  isr.o(i.SysTick_Handler)
    i.SystemInit                             0x10000ea4   Section        0  system_spc1169.o(i.SystemInit)
    i.TIMER0_IRQHandler                      0x10000ed4   Section        0  isr.o(i.TIMER0_IRQHandler)
    i.TIMER1_IRQHandler                      0x10000ed6   Section        0  isr.o(i.TIMER1_IRQHandler)
    i.TIMER2_IRQHandler                      0x10000ed8   Section        0  isr.o(i.TIMER2_IRQHandler)
    i.UART0_IRQHandler                       0x10000eda   Section        0  isr.o(i.UART0_IRQHandler)
    i.UART1_IRQHandler                       0x10000edc   Section        0  isr.o(i.UART1_IRQHandler)
    i.UART_Init                              0x10000ede   Section        0  uart.o(i.UART_Init)
    i.UART_InitSpeed                         0x10000ef4   Section        0  uart.o(i.UART_InitSpeed)
    i.UsageFault_Handler                     0x10000f38   Section        0  isr.o(i.UsageFault_Handler)
    i.WDT1_IRQHandler                        0x10000f58   Section        0  isr.o(i.WDT1_IRQHandler)
    i._sys_exit                              0x10000f5a   Section        0  retarget.o(i._sys_exit)
    i.ferror                                 0x10000f5e   Section        0  retarget.o(i.ferror)
    i.fputc                                  0x10000f68   Section        0  retarget.o(i.fputc)
    i.main                                   0x10000fa0   Section        0  main.o(i.main)
    x$fpl$fpinit                             0x10001134   Section       10  fpinit.o(x$fpl$fpinit)
    $v0                                      0x10001134   Number         0  fpinit.o(x$fpl$fpinit)
    .data                                    0x1fffc000   Section        4  main.o(.data)
    .data                                    0x1fffc004   Section        4  hwlib.o(.data)
    .data                                    0x1fffc008   Section       28  system_spc1169.o(.data)
    .data                                    0x1fffc024   Section        8  delay.o(.data)
    .data                                    0x1fffc02c   Section       12  retarget.o(.data)
    .bss                                     0x1fffc038   Section       96  libspace.o(.bss)
    HEAP                                     0x1fffc098   Section     1024  startup_spc1169.o(HEAP)
    Heap_Mem                                 0x1fffc098   Data        1024  startup_spc1169.o(HEAP)
    STACK                                    0x1fffc498   Section     1024  startup_spc1169.o(STACK)
    Stack_Mem                                0x1fffc498   Data        1024  startup_spc1169.o(STACK)
    __initial_sp                             0x1fffc898   Data           0  startup_spc1169.o(STACK)

    Global Symbols

    Symbol Name                              Value     Ov Type        Size  Object(Section)

    BuildAttributes$$THM_ISAv4$E$P$D$K$B$S$7EM$VFPi3$EXTD16$VFPS$VFMA$PE$A:L22UL41UL21$X:L11$S22US41US21$IEEE1$IW$USESV6$~STKCKD$USESV7$~SHL$OSPACE$ROPI$EBA8$UX$STANDARDLIB$REQ8$PRES8$EABIv2 0x00000000   Number         0  anon$$obj.o ABSOLUTE
    __ARM_use_no_argv                        0x00000000   Number         0  main.o ABSOLUTE
    __ARM_exceptions_init                     - Undefined Weak Reference
    __alloca_initialize                       - Undefined Weak Reference
    __arm_preinit_                            - Undefined Weak Reference
    __cpp_initialize__aeabi_                  - Undefined Weak Reference
    __cxa_finalize                            - Undefined Weak Reference
    __rt_locale                               - Undefined Weak Reference
    __sigvec_lookup                           - Undefined Weak Reference
    _atexit_init                              - Undefined Weak Reference
    _call_atexit_fns                          - Undefined Weak Reference
    _clock_init                               - Undefined Weak Reference
    _fp_trap_init                             - Undefined Weak Reference
    _fp_trap_shutdown                         - Undefined Weak Reference
    _get_lc_collate                           - Undefined Weak Reference
    _get_lc_ctype                             - Undefined Weak Reference
    _get_lc_monetary                          - Undefined Weak Reference
    _get_lc_numeric                           - Undefined Weak Reference
    _get_lc_time                              - Undefined Weak Reference
    _getenv_init                              - Undefined Weak Reference
    _handle_redirection                       - Undefined Weak Reference
    _init_alloc                               - Undefined Weak Reference
    _init_user_alloc                          - Undefined Weak Reference
    _initio                                   - Undefined Weak Reference
    _printf_post_padding                      - Undefined Weak Reference
    _printf_pre_padding                       - Undefined Weak Reference
    _printf_truncate_signed                   - Undefined Weak Reference
    _printf_truncate_unsigned                 - Undefined Weak Reference
    _rand_init                                - Undefined Weak Reference
    _signal_finish                            - Undefined Weak Reference
    _signal_init                              - Undefined Weak Reference
    _terminate_alloc                          - Undefined Weak Reference
    _terminate_user_alloc                     - Undefined Weak Reference
    _terminateio                              - Undefined Weak Reference
    __Vectors_Size                           0x00000118   Number         0  startup_spc1169.o ABSOLUTE
    __Vectors                                0x10000000   Data           4  startup_spc1169.o(RESET)
    __Vectors_End                            0x10000118   Data           0  startup_spc1169.o(RESET)
    __main                                   0x10000119   Thumb Code     8  __main.o(!!!main)
    __scatterload                            0x10000121   Thumb Code     0  __scatter.o(!!!scatter)
    __scatterload_rt2                        0x10000121   Thumb Code    44  __scatter.o(!!!scatter)
    __scatterload_rt2_thumb_only             0x10000121   Thumb Code     0  __scatter.o(!!!scatter)
    __scatterload_null                       0x1000012f   Thumb Code     0  __scatter.o(!!!scatter)
    __scatterload_copy                       0x10000155   Thumb Code    26  __scatter_copy.o(!!handler_copy)
    __scatterload_zeroinit                   0x10000171   Thumb Code    28  __scatter_zi.o(!!handler_zi)
    _printf_d                                0x1000018d   Thumb Code     0  _printf_d.o(.ARM.Collect$$_printf_percent$$00000009)
    _printf_percent                          0x1000018d   Thumb Code     0  _printf_percent.o(.ARM.Collect$$_printf_percent$$00000000)
    _printf_percent_end                      0x10000193   Thumb Code     0  _printf_percent_end.o(.ARM.Collect$$_printf_percent$$00000017)
    __rt_lib_init                            0x10000197   Thumb Code     0  libinit.o(.ARM.Collect$$libinit$$00000000)
    __rt_lib_init_fp_1                       0x10000199   Thumb Code     0  libinit2.o(.ARM.Collect$$libinit$$00000001)
    __rt_lib_init_alloca_1                   0x1000019d   Thumb Code     0  libinit2.o(.ARM.Collect$$libinit$$0000002E)
    __rt_lib_init_argv_1                     0x1000019d   Thumb Code     0  libinit2.o(.ARM.Collect$$libinit$$0000002C)
    __rt_lib_init_atexit_1                   0x1000019d   Thumb Code     0  libinit2.o(.ARM.Collect$$libinit$$0000001B)
    __rt_lib_init_clock_1                    0x1000019d   Thumb Code     0  libinit2.o(.ARM.Collect$$libinit$$00000021)
    __rt_lib_init_cpp_1                      0x1000019d   Thumb Code     0  libinit2.o(.ARM.Collect$$libinit$$00000032)
    __rt_lib_init_exceptions_1               0x1000019d   Thumb Code     0  libinit2.o(.ARM.Collect$$libinit$$00000030)
    __rt_lib_init_fp_trap_1                  0x1000019d   Thumb Code     0  libinit2.o(.ARM.Collect$$libinit$$0000001F)
    __rt_lib_init_getenv_1                   0x1000019d   Thumb Code     0  libinit2.o(.ARM.Collect$$libinit$$00000023)
    __rt_lib_init_heap_1                     0x1000019d   Thumb Code     0  libinit2.o(.ARM.Collect$$libinit$$0000000A)
    __rt_lib_init_lc_collate_1               0x1000019d   Thumb Code     0  libinit2.o(.ARM.Collect$$libinit$$00000011)
    __rt_lib_init_lc_ctype_1                 0x1000019d   Thumb Code     0  libinit2.o(.ARM.Collect$$libinit$$00000013)
    __rt_lib_init_lc_monetary_1              0x1000019d   Thumb Code     0  libinit2.o(.ARM.Collect$$libinit$$00000015)
    __rt_lib_init_lc_numeric_1               0x1000019d   Thumb Code     0  libinit2.o(.ARM.Collect$$libinit$$00000017)
    __rt_lib_init_lc_time_1                  0x1000019d   Thumb Code     0  libinit2.o(.ARM.Collect$$libinit$$00000019)
    __rt_lib_init_preinit_1                  0x1000019d   Thumb Code     0  libinit2.o(.ARM.Collect$$libinit$$00000004)
    __rt_lib_init_rand_1                     0x1000019d   Thumb Code     0  libinit2.o(.ARM.Collect$$libinit$$0000000E)
    __rt_lib_init_return                     0x1000019d   Thumb Code     0  libinit2.o(.ARM.Collect$$libinit$$00000033)
    __rt_lib_init_signal_1                   0x1000019d   Thumb Code     0  libinit2.o(.ARM.Collect$$libinit$$0000001D)
    __rt_lib_init_stdio_1                    0x1000019d   Thumb Code     0  libinit2.o(.ARM.Collect$$libinit$$00000025)
    __rt_lib_init_user_alloc_1               0x1000019d   Thumb Code     0  libinit2.o(.ARM.Collect$$libinit$$0000000C)
    __rt_lib_shutdown                        0x1000019f   Thumb Code     0  libshutdown.o(.ARM.Collect$$libshutdown$$00000000)
    __rt_lib_shutdown_cpp_1                  0x100001a1   Thumb Code     0  libshutdown2.o(.ARM.Collect$$libshutdown$$00000002)
    __rt_lib_shutdown_fp_trap_1              0x100001a1   Thumb Code     0  libshutdown2.o(.ARM.Collect$$libshutdown$$00000007)
    __rt_lib_shutdown_heap_1                 0x100001a1   Thumb Code     0  libshutdown2.o(.ARM.Collect$$libshutdown$$0000000F)
    __rt_lib_shutdown_return                 0x100001a1   Thumb Code     0  libshutdown2.o(.ARM.Collect$$libshutdown$$00000010)
    __rt_lib_shutdown_signal_1               0x100001a1   Thumb Code     0  libshutdown2.o(.ARM.Collect$$libshutdown$$0000000A)
    __rt_lib_shutdown_stdio_1                0x100001a1   Thumb Code     0  libshutdown2.o(.ARM.Collect$$libshutdown$$00000004)
    __rt_lib_shutdown_user_alloc_1           0x100001a1   Thumb Code     0  libshutdown2.o(.ARM.Collect$$libshutdown$$0000000C)
    __rt_entry                               0x100001a3   Thumb Code     0  __rtentry.o(.ARM.Collect$$rtentry$$00000000)
    __rt_entry_presh_1                       0x100001a3   Thumb Code     0  __rtentry2.o(.ARM.Collect$$rtentry$$00000002)
    __rt_entry_sh                            0x100001a3   Thumb Code     0  __rtentry4.o(.ARM.Collect$$rtentry$$00000004)
    __rt_entry_li                            0x100001a9   Thumb Code     0  __rtentry2.o(.ARM.Collect$$rtentry$$0000000A)
    __rt_entry_postsh_1                      0x100001a9   Thumb Code     0  __rtentry2.o(.ARM.Collect$$rtentry$$00000009)
    __rt_entry_main                          0x100001ad   Thumb Code     0  __rtentry2.o(.ARM.Collect$$rtentry$$0000000D)
    __rt_entry_postli_1                      0x100001ad   Thumb Code     0  __rtentry2.o(.ARM.Collect$$rtentry$$0000000C)
    __rt_exit                                0x100001b5   Thumb Code     0  rtexit.o(.ARM.Collect$$rtexit$$00000000)
    __rt_exit_ls                             0x100001b7   Thumb Code     0  rtexit2.o(.ARM.Collect$$rtexit$$00000003)
    __rt_exit_prels_1                        0x100001b7   Thumb Code     0  rtexit2.o(.ARM.Collect$$rtexit$$00000002)
    __rt_exit_exit                           0x100001bb   Thumb Code     0  rtexit2.o(.ARM.Collect$$rtexit$$00000004)
    Reset_Handler                            0x100001c1   Thumb Code    22  startup_spc1169.o(.text)
    __user_initial_stackheap                 0x100001ed   Thumb Code    10  startup_spc1169.o(.text)
    __aeabi_uldivmod                         0x1000021d   Thumb Code     0  lludivv7m.o(.text)
    _ll_udiv                                 0x1000021d   Thumb Code   238  lludivv7m.o(.text)
    __2printf                                0x1000030d   Thumb Code    20  noretval__2printf.o(.text)
    __printf                                 0x10000325   Thumb Code   104  __printf.o(.text)
    _printf_int_dec                          0x1000038d   Thumb Code   104  _printf_dec.o(.text)
    __use_two_region_memory                  0x10000405   Thumb Code     2  heapauxi.o(.text)
    __rt_heap_escrow$2region                 0x10000407   Thumb Code     2  heapauxi.o(.text)
    __rt_heap_expand$2region                 0x10000409   Thumb Code     2  heapauxi.o(.text)
    _printf_int_common                       0x1000040b   Thumb Code   178  _printf_intcommon.o(.text)
    _printf_char_file                        0x100004bd   Thumb Code    32  _printf_char_file.o(.text)
    _printf_char_common                      0x100004eb   Thumb Code    32  _printf_char_common.o(.text)
    __user_setup_stackheap                   0x10000511   Thumb Code    74  sys_stackheap_outer.o(.text)
    exit                                     0x1000055b   Thumb Code    18  exit.o(.text)
    __user_libspace                          0x1000056d   Thumb Code     8  libspace.o(.text)
    __user_perproc_libspace                  0x1000056d   Thumb Code     0  libspace.o(.text)
    __user_perthread_libspace                0x1000056d   Thumb Code     0  libspace.o(.text)
    ADCCH0_IRQHandler                        0x10000575   Thumb Code    54  main.o(i.ADCCH0_IRQHandler)
    ADCCH10_IRQHandler                       0x100005e5   Thumb Code     2  isr.o(i.ADCCH10_IRQHandler)
    ADCCH11_IRQHandler                       0x100005e7   Thumb Code     2  isr.o(i.ADCCH11_IRQHandler)
    ADCCH12_IRQHandler                       0x100005e9   Thumb Code     2  isr.o(i.ADCCH12_IRQHandler)
    ADCCH13_IRQHandler                       0x100005eb   Thumb Code     2  isr.o(i.ADCCH13_IRQHandler)
    ADCCH14_IRQHandler                       0x100005ed   Thumb Code     2  isr.o(i.ADCCH14_IRQHandler)
    ADCCH15_IRQHandler                       0x100005ef   Thumb Code     2  isr.o(i.ADCCH15_IRQHandler)
    ADCCH1_IRQHandler                        0x100005f1   Thumb Code    16  main.o(i.ADCCH1_IRQHandler)
    ADCCH2_IRQHandler                        0x1000060d   Thumb Code    54  main.o(i.ADCCH2_IRQHandler)
    ADCCH3_IRQHandler                        0x1000067d   Thumb Code     2  isr.o(i.ADCCH3_IRQHandler)
    ADCCH4_IRQHandler                        0x1000067f   Thumb Code     2  isr.o(i.ADCCH4_IRQHandler)
    ADCCH5_IRQHandler                        0x10000681   Thumb Code     2  isr.o(i.ADCCH5_IRQHandler)
    ADCCH6_IRQHandler                        0x10000683   Thumb Code     2  isr.o(i.ADCCH6_IRQHandler)
    ADCCH7_IRQHandler                        0x10000685   Thumb Code     2  isr.o(i.ADCCH7_IRQHandler)
    ADCCH8_IRQHandler                        0x10000687   Thumb Code     2  isr.o(i.ADCCH8_IRQHandler)
    ADCCH9_IRQHandler                        0x10000689   Thumb Code     2  isr.o(i.ADCCH9_IRQHandler)
    ADCPPU0_IRQHandler                       0x1000068b   Thumb Code     2  isr.o(i.ADCPPU0_IRQHandler)
    ADCPPU1_IRQHandler                       0x1000068d   Thumb Code     2  isr.o(i.ADCPPU1_IRQHandler)
    ADCPPU2_IRQHandler                       0x1000068f   Thumb Code     2  isr.o(i.ADCPPU2_IRQHandler)
    ADC_EasyInit1                            0x10000691   Thumb Code    88  adc.o(i.ADC_EasyInit1)
    ADC_PowerUp                              0x10000769   Thumb Code    50  adc.o(i.ADC_PowerUp)
    ADC_SelectPinSingleEnd                   0x100007a1   Thumb Code   208  adc.o(i.ADC_SelectPinSingleEnd)
    ADC_SetSampleAndConvertTime              0x100008f5   Thumb Code   156  adc.o(i.ADC_SetSampleAndConvertTime)
    BusFault_Handler                         0x10000995   Thumb Code    10  isr.o(i.BusFault_Handler)
    CANMISC_IRQHandler                       0x100009b5   Thumb Code     2  isr.o(i.CANMISC_IRQHandler)
    CANTRG0_IRQHandler                       0x100009b7   Thumb Code     2  isr.o(i.CANTRG0_IRQHandler)
    CANTRG1_IRQHandler                       0x100009b9   Thumb Code     2  isr.o(i.CANTRG1_IRQHandler)
    CANTRG2_IRQHandler                       0x100009bb   Thumb Code     2  isr.o(i.CANTRG2_IRQHandler)
    CANTRG3_IRQHandler                       0x100009bd   Thumb Code     2  isr.o(i.CANTRG3_IRQHandler)
    CANTRG4_IRQHandler                       0x100009bf   Thumb Code     2  isr.o(i.CANTRG4_IRQHandler)
    CANTRG5_IRQHandler                       0x100009c1   Thumb Code     2  isr.o(i.CANTRG5_IRQHandler)
    CANTRG6_IRQHandler                       0x100009c3   Thumb Code     2  isr.o(i.CANTRG6_IRQHandler)
    CANTRG7_IRQHandler                       0x100009c5   Thumb Code     2  isr.o(i.CANTRG7_IRQHandler)
    CLOCK_ConfigurePLL                       0x100009c9   Thumb Code   344  clock.o(i.CLOCK_ConfigurePLL)
    CLOCK_GetModuleClock                     0x10000b61   Thumb Code   152  clock.o(i.CLOCK_GetModuleClock)
    CLOCK_InitWithRCO                        0x10000c01   Thumb Code   188  clock.o(i.CLOCK_InitWithRCO)
    CRC_IRQHandler                           0x10000cd5   Thumb Code     2  isr.o(i.CRC_IRQHandler)
    DMAC_IRQHandler                          0x10000cd7   Thumb Code     2  isr.o(i.DMAC_IRQHandler)
    DebugMon_Handler                         0x10000cd9   Thumb Code    10  isr.o(i.DebugMon_Handler)
    Delay_Init                               0x10000cf9   Thumb Code    44  delay.o(i.Delay_Init)
    Delay_Ms                                 0x10000d35   Thumb Code    18  delay.o(i.Delay_Ms)
    Delay_Us                                 0x10000d49   Thumb Code    16  delay.o(i.Delay_Us)
    ECAP_IRQHandler                          0x10000d5d   Thumb Code     2  isr.o(i.ECAP_IRQHandler)
    EPWRTZ0_IRQHandler                       0x10000d5f   Thumb Code     2  isr.o(i.EPWRTZ0_IRQHandler)
    EPWRTZ1_IRQHandler                       0x10000d61   Thumb Code     2  isr.o(i.EPWRTZ1_IRQHandler)
    GPIO_EDGE_IRQHandler                     0x10000d63   Thumb Code     2  isr.o(i.GPIO_EDGE_IRQHandler)
    GPIO_LEVEL_IRQHandler                    0x10000d65   Thumb Code     2  isr.o(i.GPIO_LEVEL_IRQHandler)
    HardFault_Handler                        0x10000d69   Thumb Code    10  isr.o(i.HardFault_Handler)
    I2C_IRQHandler                           0x10000d89   Thumb Code     2  isr.o(i.I2C_IRQHandler)
    MEM_IRQHandler                           0x10000d8b   Thumb Code     2  isr.o(i.MEM_IRQHandler)
    MemManage_Handler                        0x10000d8d   Thumb Code    10  isr.o(i.MemManage_Handler)
    NMI_Handler                              0x10000dad   Thumb Code    10  isr.o(i.NMI_Handler)
    PHCOMP_IRQHandler                        0x10000ddf   Thumb Code     2  isr.o(i.PHCOMP_IRQHandler)
    PIN_SetPinAsAnalog                       0x10000de1   Thumb Code    86  pin.o(i.PIN_SetPinAsAnalog)
    PWM0TZ_IRQHandler                        0x10000e37   Thumb Code     2  isr.o(i.PWM0TZ_IRQHandler)
    PWM0_IRQHandler                          0x10000e39   Thumb Code     2  isr.o(i.PWM0_IRQHandler)
    PWM1TZ_IRQHandler                        0x10000e3b   Thumb Code     2  isr.o(i.PWM1TZ_IRQHandler)
    PWM1_IRQHandler                          0x10000e3d   Thumb Code     2  isr.o(i.PWM1_IRQHandler)
    PWM2TZ_IRQHandler                        0x10000e3f   Thumb Code     2  isr.o(i.PWM2TZ_IRQHandler)
    PWM2_IRQHandler                          0x10000e41   Thumb Code     2  isr.o(i.PWM2_IRQHandler)
    PWM3TZ_IRQHandler                        0x10000e43   Thumb Code     2  isr.o(i.PWM3TZ_IRQHandler)
    PWM3_IRQHandler                          0x10000e45   Thumb Code     2  isr.o(i.PWM3_IRQHandler)
    PendSV_Handler                           0x10000e49   Thumb Code    10  isr.o(i.PendSV_Handler)
    SPI0_IRQHandler                          0x10000e65   Thumb Code     2  isr.o(i.SPI0_IRQHandler)
    SPI1_IRQHandler                          0x10000e67   Thumb Code     2  isr.o(i.SPI1_IRQHandler)
    SVC_Handler                              0x10000e69   Thumb Code    10  isr.o(i.SVC_Handler)
    SysTick_Handler                          0x10000e85   Thumb Code    10  isr.o(i.SysTick_Handler)
    SystemInit                               0x10000ea5   Thumb Code    38  system_spc1169.o(i.SystemInit)
    TIMER0_IRQHandler                        0x10000ed5   Thumb Code     2  isr.o(i.TIMER0_IRQHandler)
    TIMER1_IRQHandler                        0x10000ed7   Thumb Code     2  isr.o(i.TIMER1_IRQHandler)
    TIMER2_IRQHandler                        0x10000ed9   Thumb Code     2  isr.o(i.TIMER2_IRQHandler)
    UART0_IRQHandler                         0x10000edb   Thumb Code     2  isr.o(i.UART0_IRQHandler)
    UART1_IRQHandler                         0x10000edd   Thumb Code     2  isr.o(i.UART1_IRQHandler)
    UART_Init                                0x10000edf   Thumb Code    22  uart.o(i.UART_Init)
    UART_InitSpeed                           0x10000ef5   Thumb Code    58  uart.o(i.UART_InitSpeed)
    UsageFault_Handler                       0x10000f39   Thumb Code    10  isr.o(i.UsageFault_Handler)
    WDT1_IRQHandler                          0x10000f59   Thumb Code     2  isr.o(i.WDT1_IRQHandler)
    _sys_exit                                0x10000f5b   Thumb Code     4  retarget.o(i._sys_exit)
    ferror                                   0x10000f5f   Thumb Code     8  retarget.o(i.ferror)
    fputc                                    0x10000f69   Thumb Code    50  retarget.o(i.fputc)
    main                                     0x10000fa1   Thumb Code   334  main.o(i.main)
    _fp_init                                 0x10001135   Thumb Code    10  fpinit.o(x$fpl$fpinit)
    __fplib_config_fpu_vfp                   0x1000113d   Thumb Code     0  fpinit.o(x$fpl$fpinit)
    __fplib_config_pureend_doubles           0x1000113d   Thumb Code     0  fpinit.o(x$fpl$fpinit)
    Region$$Table$$Base                      0x10001140   Number         0  anon$$obj.o(Region$$Table)
    Region$$Table$$Limit                     0x10001160   Number         0  anon$$obj.o(Region$$Table)
    i32VSP                                   0x1fffc000   Data           4  main.o(.data)
    pHWLIB                                   0x1fffc004   Data           4  hwlib.o(.data)
    SysInfo                                  0x1fffc008   Data          28  system_spc1169.o(.data)
    u32DelayLoopPerUs                        0x1fffc024   Data           4  delay.o(.data)
    u32DelayClockPerUs                       0x1fffc028   Data           4  delay.o(.data)
    __stdout                                 0x1fffc02c   Data           4  retarget.o(.data)
    __stdin                                  0x1fffc030   Data           4  retarget.o(.data)
    __stderr                                 0x1fffc034   Data           4  retarget.o(.data)
    __libspace_start                         0x1fffc038   Data          96  libspace.o(.bss)
    __temporary_stack_top$libspace           0x1fffc098   Data           0  libspace.o(.bss)



==============================================================================

Memory Map of the image

  Image Entry point : 0x10000119

  Load Region LR_IROM1 (Base: 0x10000000, Size: 0x00001198, Max: 0x0000f000, ABSOLUTE)

    Execution Region ER_IROM1 (Exec base: 0x10000000, Load base: 0x10000000, Size: 0x00001160, Max: 0x0000f000, ABSOLUTE)

    Exec Addr    Load Addr    Size         Type   Attr      Idx    E Section Name        Object

    0x10000000   0x10000000   0x00000118   Data   RO         1660    RESET               startup_spc1169.o
    0x10000118   0x10000118   0x00000008   Code   RO         1831  * !!!main             c_w.l(__main.o)
    0x10000120   0x10000120   0x00000034   Code   RO         2022    !!!scatter          c_w.l(__scatter.o)
    0x10000154   0x10000154   0x0000001a   Code   RO         2024    !!handler_copy      c_w.l(__scatter_copy.o)
    0x1000016e   0x1000016e   0x00000002   PAD
    0x10000170   0x10000170   0x0000001c   Code   RO         2026    !!handler_zi        c_w.l(__scatter_zi.o)
    0x1000018c   0x1000018c   0x00000000   Code   RO         1828    .ARM.Collect$$_printf_percent$$00000000  c_w.l(_printf_percent.o)
    0x1000018c   0x1000018c   0x00000006   Code   RO         1827    .ARM.Collect$$_printf_percent$$00000009  c_w.l(_printf_d.o)
    0x10000192   0x10000192   0x00000004   Code   RO         1854    .ARM.Collect$$_printf_percent$$00000017  c_w.l(_printf_percent_end.o)
    0x10000196   0x10000196   0x00000002   Code   RO         1896    .ARM.Collect$$libinit$$00000000  c_w.l(libinit.o)
    0x10000198   0x10000198   0x00000004   Code   RO         1908    .ARM.Collect$$libinit$$00000001  c_w.l(libinit2.o)
    0x1000019c   0x1000019c   0x00000000   Code   RO         1911    .ARM.Collect$$libinit$$00000004  c_w.l(libinit2.o)
    0x1000019c   0x1000019c   0x00000000   Code   RO         1914    .ARM.Collect$$libinit$$0000000A  c_w.l(libinit2.o)
    0x1000019c   0x1000019c   0x00000000   Code   RO         1916    .ARM.Collect$$libinit$$0000000C  c_w.l(libinit2.o)
    0x1000019c   0x1000019c   0x00000000   Code   RO         1918    .ARM.Collect$$libinit$$0000000E  c_w.l(libinit2.o)
    0x1000019c   0x1000019c   0x00000000   Code   RO         1921    .ARM.Collect$$libinit$$00000011  c_w.l(libinit2.o)
    0x1000019c   0x1000019c   0x00000000   Code   RO         1923    .ARM.Collect$$libinit$$00000013  c_w.l(libinit2.o)
    0x1000019c   0x1000019c   0x00000000   Code   RO         1925    .ARM.Collect$$libinit$$00000015  c_w.l(libinit2.o)
    0x1000019c   0x1000019c   0x00000000   Code   RO         1927    .ARM.Collect$$libinit$$00000017  c_w.l(libinit2.o)
    0x1000019c   0x1000019c   0x00000000   Code   RO         1929    .ARM.Collect$$libinit$$00000019  c_w.l(libinit2.o)
    0x1000019c   0x1000019c   0x00000000   Code   RO         1931    .ARM.Collect$$libinit$$0000001B  c_w.l(libinit2.o)
    0x1000019c   0x1000019c   0x00000000   Code   RO         1933    .ARM.Collect$$libinit$$0000001D  c_w.l(libinit2.o)
    0x1000019c   0x1000019c   0x00000000   Code   RO         1935    .ARM.Collect$$libinit$$0000001F  c_w.l(libinit2.o)
    0x1000019c   0x1000019c   0x00000000   Code   RO         1937    .ARM.Collect$$libinit$$00000021  c_w.l(libinit2.o)
    0x1000019c   0x1000019c   0x00000000   Code   RO         1939    .ARM.Collect$$libinit$$00000023  c_w.l(libinit2.o)
    0x1000019c   0x1000019c   0x00000000   Code   RO         1941    .ARM.Collect$$libinit$$00000025  c_w.l(libinit2.o)
    0x1000019c   0x1000019c   0x00000000   Code   RO         1945    .ARM.Collect$$libinit$$0000002C  c_w.l(libinit2.o)
    0x1000019c   0x1000019c   0x00000000   Code   RO         1947    .ARM.Collect$$libinit$$0000002E  c_w.l(libinit2.o)
    0x1000019c   0x1000019c   0x00000000   Code   RO         1949    .ARM.Collect$$libinit$$00000030  c_w.l(libinit2.o)
    0x1000019c   0x1000019c   0x00000000   Code   RO         1951    .ARM.Collect$$libinit$$00000032  c_w.l(libinit2.o)
    0x1000019c   0x1000019c   0x00000002   Code   RO         1952    .ARM.Collect$$libinit$$00000033  c_w.l(libinit2.o)
    0x1000019e   0x1000019e   0x00000002   Code   RO         1976    .ARM.Collect$$libshutdown$$00000000  c_w.l(libshutdown.o)
    0x100001a0   0x100001a0   0x00000000   Code   RO         2002    .ARM.Collect$$libshutdown$$00000002  c_w.l(libshutdown2.o)
    0x100001a0   0x100001a0   0x00000000   Code   RO         2004    .ARM.Collect$$libshutdown$$00000004  c_w.l(libshutdown2.o)
    0x100001a0   0x100001a0   0x00000000   Code   RO         2007    .ARM.Collect$$libshutdown$$00000007  c_w.l(libshutdown2.o)
    0x100001a0   0x100001a0   0x00000000   Code   RO         2010    .ARM.Collect$$libshutdown$$0000000A  c_w.l(libshutdown2.o)
    0x100001a0   0x100001a0   0x00000000   Code   RO         2012    .ARM.Collect$$libshutdown$$0000000C  c_w.l(libshutdown2.o)
    0x100001a0   0x100001a0   0x00000000   Code   RO         2015    .ARM.Collect$$libshutdown$$0000000F  c_w.l(libshutdown2.o)
    0x100001a0   0x100001a0   0x00000002   Code   RO         2016    .ARM.Collect$$libshutdown$$00000010  c_w.l(libshutdown2.o)
    0x100001a2   0x100001a2   0x00000000   Code   RO         1845    .ARM.Collect$$rtentry$$00000000  c_w.l(__rtentry.o)
    0x100001a2   0x100001a2   0x00000000   Code   RO         1863    .ARM.Collect$$rtentry$$00000002  c_w.l(__rtentry2.o)
    0x100001a2   0x100001a2   0x00000006   Code   RO         1875    .ARM.Collect$$rtentry$$00000004  c_w.l(__rtentry4.o)
    0x100001a8   0x100001a8   0x00000000   Code   RO         1865    .ARM.Collect$$rtentry$$00000009  c_w.l(__rtentry2.o)
    0x100001a8   0x100001a8   0x00000004   Code   RO         1866    .ARM.Collect$$rtentry$$0000000A  c_w.l(__rtentry2.o)
    0x100001ac   0x100001ac   0x00000000   Code   RO         1868    .ARM.Collect$$rtentry$$0000000C  c_w.l(__rtentry2.o)
    0x100001ac   0x100001ac   0x00000008   Code   RO         1869    .ARM.Collect$$rtentry$$0000000D  c_w.l(__rtentry2.o)
    0x100001b4   0x100001b4   0x00000002   Code   RO         1900    .ARM.Collect$$rtexit$$00000000  c_w.l(rtexit.o)
    0x100001b6   0x100001b6   0x00000000   Code   RO         1954    .ARM.Collect$$rtexit$$00000002  c_w.l(rtexit2.o)
    0x100001b6   0x100001b6   0x00000004   Code   RO         1955    .ARM.Collect$$rtexit$$00000003  c_w.l(rtexit2.o)
    0x100001ba   0x100001ba   0x00000006   Code   RO         1956    .ARM.Collect$$rtexit$$00000004  c_w.l(rtexit2.o)
    0x100001c0   0x100001c0   0x0000005c   Code   RO         1661    .text               startup_spc1169.o
    0x1000021c   0x1000021c   0x000000ee   Code   RO         1797    .text               c_w.l(lludivv7m.o)
    0x1000030a   0x1000030a   0x00000002   PAD
    0x1000030c   0x1000030c   0x00000018   Code   RO         1801    .text               c_w.l(noretval__2printf.o)
    0x10000324   0x10000324   0x00000068   Code   RO         1803    .text               c_w.l(__printf.o)
    0x1000038c   0x1000038c   0x00000078   Code   RO         1805    .text               c_w.l(_printf_dec.o)
    0x10000404   0x10000404   0x00000006   Code   RO         1829    .text               c_w.l(heapauxi.o)
    0x1000040a   0x1000040a   0x000000b2   Code   RO         1850    .text               c_w.l(_printf_intcommon.o)
    0x100004bc   0x100004bc   0x00000024   Code   RO         1852    .text               c_w.l(_printf_char_file.o)
    0x100004e0   0x100004e0   0x00000030   Code   RO         1879    .text               c_w.l(_printf_char_common.o)
    0x10000510   0x10000510   0x0000004a   Code   RO         1881    .text               c_w.l(sys_stackheap_outer.o)
    0x1000055a   0x1000055a   0x00000012   Code   RO         1885    .text               c_w.l(exit.o)
    0x1000056c   0x1000056c   0x00000008   Code   RO         1897    .text               c_w.l(libspace.o)
    0x10000574   0x10000574   0x00000070   Code   RO          500    i.ADCCH0_IRQHandler  main.o
    0x100005e4   0x100005e4   0x00000002   Code   RO            4    i.ADCCH10_IRQHandler  isr.o
    0x100005e6   0x100005e6   0x00000002   Code   RO            5    i.ADCCH11_IRQHandler  isr.o
    0x100005e8   0x100005e8   0x00000002   Code   RO            6    i.ADCCH12_IRQHandler  isr.o
    0x100005ea   0x100005ea   0x00000002   Code   RO            7    i.ADCCH13_IRQHandler  isr.o
    0x100005ec   0x100005ec   0x00000002   Code   RO            8    i.ADCCH14_IRQHandler  isr.o
    0x100005ee   0x100005ee   0x00000002   Code   RO            9    i.ADCCH15_IRQHandler  isr.o
    0x100005f0   0x100005f0   0x0000001c   Code   RO          501    i.ADCCH1_IRQHandler  main.o
    0x1000060c   0x1000060c   0x00000070   Code   RO          502    i.ADCCH2_IRQHandler  main.o
    0x1000067c   0x1000067c   0x00000002   Code   RO           10    i.ADCCH3_IRQHandler  isr.o
    0x1000067e   0x1000067e   0x00000002   Code   RO           11    i.ADCCH4_IRQHandler  isr.o
    0x10000680   0x10000680   0x00000002   Code   RO           12    i.ADCCH5_IRQHandler  isr.o
    0x10000682   0x10000682   0x00000002   Code   RO           13    i.ADCCH6_IRQHandler  isr.o
    0x10000684   0x10000684   0x00000002   Code   RO           14    i.ADCCH7_IRQHandler  isr.o
    0x10000686   0x10000686   0x00000002   Code   RO           15    i.ADCCH8_IRQHandler  isr.o
    0x10000688   0x10000688   0x00000002   Code   RO           16    i.ADCCH9_IRQHandler  isr.o
    0x1000068a   0x1000068a   0x00000002   Code   RO           17    i.ADCPPU0_IRQHandler  isr.o
    0x1000068c   0x1000068c   0x00000002   Code   RO           18    i.ADCPPU1_IRQHandler  isr.o
    0x1000068e   0x1000068e   0x00000002   Code   RO           19    i.ADCPPU2_IRQHandler  isr.o
    0x10000690   0x10000690   0x00000058   Code   RO          562    i.ADC_EasyInit1     adc.o
    0x100006e8   0x100006e8   0x00000080   Code   RO          564    i.ADC_GetInputPinCode  adc.o
    0x10000768   0x10000768   0x00000038   Code   RO          566    i.ADC_PowerUp       adc.o
    0x100007a0   0x100007a0   0x000000d0   Code   RO          568    i.ADC_SelectPinSingleEnd  adc.o
    0x10000870   0x10000870   0x00000042   Code   RO          503    i.ADC_SetChannelIntTriggerSOC  main.o
    0x100008b2   0x100008b2   0x00000042   Code   RO          569    i.ADC_SetChannelIntTriggerSOC  adc.o
    0x100008f4   0x100008f4   0x000000a0   Code   RO          570    i.ADC_SetSampleAndConvertTime  adc.o
    0x10000994   0x10000994   0x00000020   Code   RO           20    i.BusFault_Handler  isr.o
    0x100009b4   0x100009b4   0x00000002   Code   RO           21    i.CANMISC_IRQHandler  isr.o
    0x100009b6   0x100009b6   0x00000002   Code   RO           22    i.CANTRG0_IRQHandler  isr.o
    0x100009b8   0x100009b8   0x00000002   Code   RO           23    i.CANTRG1_IRQHandler  isr.o
    0x100009ba   0x100009ba   0x00000002   Code   RO           24    i.CANTRG2_IRQHandler  isr.o
    0x100009bc   0x100009bc   0x00000002   Code   RO           25    i.CANTRG3_IRQHandler  isr.o
    0x100009be   0x100009be   0x00000002   Code   RO           26    i.CANTRG4_IRQHandler  isr.o
    0x100009c0   0x100009c0   0x00000002   Code   RO           27    i.CANTRG5_IRQHandler  isr.o
    0x100009c2   0x100009c2   0x00000002   Code   RO           28    i.CANTRG6_IRQHandler  isr.o
    0x100009c4   0x100009c4   0x00000002   Code   RO           29    i.CANTRG7_IRQHandler  isr.o
    0x100009c6   0x100009c6   0x00000002   PAD
    0x100009c8   0x100009c8   0x00000198   Code   RO          652    i.CLOCK_ConfigurePLL  clock.o
    0x10000b60   0x10000b60   0x000000a0   Code   RO          656    i.CLOCK_GetModuleClock  clock.o
    0x10000c00   0x10000c00   0x000000d4   Code   RO          658    i.CLOCK_InitWithRCO  clock.o
    0x10000cd4   0x10000cd4   0x00000002   Code   RO           30    i.CRC_IRQHandler    isr.o
    0x10000cd6   0x10000cd6   0x00000002   Code   RO           31    i.DMAC_IRQHandler   isr.o
    0x10000cd8   0x10000cd8   0x00000020   Code   RO           32    i.DebugMon_Handler  isr.o
    0x10000cf8   0x10000cf8   0x0000003c   Code   RO         1698    i.Delay_Init        delay.o
    0x10000d34   0x10000d34   0x00000012   Code   RO         1699    i.Delay_Ms          delay.o
    0x10000d46   0x10000d46   0x00000002   PAD
    0x10000d48   0x10000d48   0x00000014   Code   RO         1700    i.Delay_Us          delay.o
    0x10000d5c   0x10000d5c   0x00000002   Code   RO           33    i.ECAP_IRQHandler   isr.o
    0x10000d5e   0x10000d5e   0x00000002   Code   RO           34    i.EPWRTZ0_IRQHandler  isr.o
    0x10000d60   0x10000d60   0x00000002   Code   RO           35    i.EPWRTZ1_IRQHandler  isr.o
    0x10000d62   0x10000d62   0x00000002   Code   RO           36    i.GPIO_EDGE_IRQHandler  isr.o
    0x10000d64   0x10000d64   0x00000002   Code   RO           37    i.GPIO_LEVEL_IRQHandler  isr.o
    0x10000d66   0x10000d66   0x00000002   PAD
    0x10000d68   0x10000d68   0x00000020   Code   RO           38    i.HardFault_Handler  isr.o
    0x10000d88   0x10000d88   0x00000002   Code   RO           39    i.I2C_IRQHandler    isr.o
    0x10000d8a   0x10000d8a   0x00000002   Code   RO           40    i.MEM_IRQHandler    isr.o
    0x10000d8c   0x10000d8c   0x00000020   Code   RO           41    i.MemManage_Handler  isr.o
    0x10000dac   0x10000dac   0x0000001c   Code   RO           42    i.NMI_Handler       isr.o
    0x10000dc8   0x10000dc8   0x00000016   Code   RO          504    i.NVIC_EnableIRQ    main.o
    0x10000dde   0x10000dde   0x00000002   Code   RO           43    i.PHCOMP_IRQHandler  isr.o
    0x10000de0   0x10000de0   0x00000056   Code   RO         1413    i.PIN_SetPinAsAnalog  pin.o
    0x10000e36   0x10000e36   0x00000002   Code   RO           44    i.PWM0TZ_IRQHandler  isr.o
    0x10000e38   0x10000e38   0x00000002   Code   RO           45    i.PWM0_IRQHandler   isr.o
    0x10000e3a   0x10000e3a   0x00000002   Code   RO           46    i.PWM1TZ_IRQHandler  isr.o
    0x10000e3c   0x10000e3c   0x00000002   Code   RO           47    i.PWM1_IRQHandler   isr.o
    0x10000e3e   0x10000e3e   0x00000002   Code   RO           48    i.PWM2TZ_IRQHandler  isr.o
    0x10000e40   0x10000e40   0x00000002   Code   RO           49    i.PWM2_IRQHandler   isr.o
    0x10000e42   0x10000e42   0x00000002   Code   RO           50    i.PWM3TZ_IRQHandler  isr.o
    0x10000e44   0x10000e44   0x00000002   Code   RO           51    i.PWM3_IRQHandler   isr.o
    0x10000e46   0x10000e46   0x00000002   PAD
    0x10000e48   0x10000e48   0x0000001c   Code   RO           52    i.PendSV_Handler    isr.o
    0x10000e64   0x10000e64   0x00000002   Code   RO           53    i.SPI0_IRQHandler   isr.o
    0x10000e66   0x10000e66   0x00000002   Code   RO           54    i.SPI1_IRQHandler   isr.o
    0x10000e68   0x10000e68   0x0000001c   Code   RO           55    i.SVC_Handler       isr.o
    0x10000e84   0x10000e84   0x00000020   Code   RO           56    i.SysTick_Handler   isr.o
    0x10000ea4   0x10000ea4   0x00000030   Code   RO         1668    i.SystemInit        system_spc1169.o
    0x10000ed4   0x10000ed4   0x00000002   Code   RO           57    i.TIMER0_IRQHandler  isr.o
    0x10000ed6   0x10000ed6   0x00000002   Code   RO           58    i.TIMER1_IRQHandler  isr.o
    0x10000ed8   0x10000ed8   0x00000002   Code   RO           59    i.TIMER2_IRQHandler  isr.o
    0x10000eda   0x10000eda   0x00000002   Code   RO           60    i.UART0_IRQHandler  isr.o
    0x10000edc   0x10000edc   0x00000002   Code   RO           61    i.UART1_IRQHandler  isr.o
    0x10000ede   0x10000ede   0x00000016   Code   RO         1329    i.UART_Init         uart.o
    0x10000ef4   0x10000ef4   0x00000044   Code   RO         1330    i.UART_InitSpeed    uart.o
    0x10000f38   0x10000f38   0x00000020   Code   RO           62    i.UsageFault_Handler  isr.o
    0x10000f58   0x10000f58   0x00000002   Code   RO           63    i.WDT1_IRQHandler   isr.o
    0x10000f5a   0x10000f5a   0x00000004   Code   RO         1738    i._sys_exit         retarget.o
    0x10000f5e   0x10000f5e   0x00000008   Code   RO         1740    i.ferror            retarget.o
    0x10000f66   0x10000f66   0x00000002   PAD
    0x10000f68   0x10000f68   0x00000038   Code   RO         1742    i.fputc             retarget.o
    0x10000fa0   0x10000fa0   0x00000194   Code   RO          505    i.main              main.o
    0x10001134   0x10001134   0x0000000a   Code   RO         1966    x$fpl$fpinit        fz_wm.l(fpinit.o)
    0x1000113e   0x1000113e   0x00000002   PAD
    0x10001140   0x10001140   0x00000020   Data   RO         2020    Region$$Table       anon$$obj.o


    Execution Region RW_IRAM1 (Exec base: 0x1fffc000, Load base: 0x10001160, Size: 0x00000898, Max: 0x00003000, ABSOLUTE)

    Exec Addr    Load Addr    Size         Type   Attr      Idx    E Section Name        Object

    0x1fffc000   0x10001160   0x00000004   Data   RW          506    .data               main.o
    0x1fffc004   0x10001164   0x00000004   Data   RW          986    .data               hwlib.o
    0x1fffc008   0x10001168   0x0000001c   Data   RW         1669    .data               system_spc1169.o
    0x1fffc024   0x10001184   0x00000008   Data   RW         1701    .data               delay.o
    0x1fffc02c   0x1000118c   0x0000000c   Data   RW         1743    .data               retarget.o
    0x1fffc038        -       0x00000060   Zero   RW         1898    .bss                c_w.l(libspace.o)
    0x1fffc098        -       0x00000400   Zero   RW         1659    HEAP                startup_spc1169.o
    0x1fffc498        -       0x00000400   Zero   RW         1658    STACK               startup_spc1169.o


==============================================================================

Image component sizes


      Code (inc. data)   RO Data    RW Data    ZI Data      Debug   Object Name

       706         20          0          0          0      31465   adc.o
       780         96          0          0          0       9400   clock.o
        98         20          0          8          0       2130   delay.o
         0          0          0          4          0       5413   hwlib.o
       378        186          0          0          0      58732   isr.o
       744        198          0          4          0      46991   main.o
        86          0          0          0          0        649   pin.o
        68          6          0         12          0       3787   retarget.o
        92         40        280          0       2048       1044   startup_spc1169.o
        48         10          0         28          0       1479   system_spc1169.o
        90         10          0          0          0       1837   uart.o

    ----------------------------------------------------------------------
      3100        586        312         56       2048     162927   Object Totals
         0          0         32          0          0          0   (incl. Generated)
        10          0          0          0          0          0   (incl. Padding)

    ----------------------------------------------------------------------

      Code (inc. data)   RO Data    RW Data    ZI Data      Debug   Library Member Name

         8          0          0          0          0         68   __main.o
       104          0          0          0          0         84   __printf.o
         0          0          0          0          0          0   __rtentry.o
        12          0          0          0          0          0   __rtentry2.o
         6          0          0          0          0          0   __rtentry4.o
        52          8          0          0          0          0   __scatter.o
        26          0          0          0          0          0   __scatter_copy.o
        28          0          0          0          0          0   __scatter_zi.o
        48          6          0          0          0         96   _printf_char_common.o
        36          4          0          0          0         80   _printf_char_file.o
         6          0          0          0          0          0   _printf_d.o
       120         16          0          0          0         92   _printf_dec.o
       178          0          0          0          0         88   _printf_intcommon.o
         0          0          0          0          0          0   _printf_percent.o
         4          0          0          0          0          0   _printf_percent_end.o
        18          0          0          0          0         80   exit.o
         6          0          0          0          0        152   heapauxi.o
         2          0          0          0          0          0   libinit.o
         6          0          0          0          0          0   libinit2.o
         2          0          0          0          0          0   libshutdown.o
         2          0          0          0          0          0   libshutdown2.o
         8          4          0          0         96         68   libspace.o
       238          0          0          0          0        100   lludivv7m.o
        24          4          0          0          0         84   noretval__2printf.o
         2          0          0          0          0          0   rtexit.o
        10          0          0          0          0          0   rtexit2.o
        74          0          0          0          0         80   sys_stackheap_outer.o
        10          0          0          0          0        116   fpinit.o

    ----------------------------------------------------------------------
      1036         42          0          0         96       1188   Library Totals
         6          0          0          0          0          0   (incl. Padding)

    ----------------------------------------------------------------------

      Code (inc. data)   RO Data    RW Data    ZI Data      Debug   Library Name

      1020         42          0          0         96       1072   c_w.l
        10          0          0          0          0        116   fz_wm.l

    ----------------------------------------------------------------------
      1036         42          0          0         96       1188   Library Totals

    ----------------------------------------------------------------------

==============================================================================


      Code (inc. data)   RO Data    RW Data    ZI Data      Debug   

      4136        628        312         56       2144     155799   Grand Totals
      4136        628        312         56       2144     155799   ELF Image Totals
      4136        628        312         56          0          0   ROM Totals

==============================================================================

    Total RO  Size (Code + RO Data)                 4448 (   4.34kB)
    Total RW  Size (RW Data + ZI Data)              2200 (   2.15kB)
    Total ROM Size (Code + RO Data + RW Data)       4504 (   4.40kB)

==============================================================================

