Component: ARM Compiler 5.06 update 6 (build 750) Tool: armlink [4d35ed]

==============================================================================

Section Cross References

    isr.o(i.BusFault_Handler) refers to noretval__2printf.o(.text) for __2printf
    isr.o(i.DebugMon_Handler) refers to noretval__2printf.o(.text) for __2printf
    isr.o(i.HardFault_Handler) refers to noretval__2printf.o(.text) for __2printf
    isr.o(i.MemManage_Handler) refers to noretval__2printf.o(.text) for __2printf
    isr.o(i.NMI_Handler) refers to noretval__2printf.o(.text) for __2printf
    isr.o(i.PendSV_Handler) refers to noretval__2printf.o(.text) for __2printf
    isr.o(i.SVC_Handler) refers to noretval__2printf.o(.text) for __2printf
    isr.o(i.SysTick_Handler) refers to noretval__2printf.o(.text) for __2printf
    isr.o(i.UsageFault_Handler) refers to noretval__2printf.o(.text) for __2printf
    main.o(i.main) refers to _printf_percent.o(.ARM.Collect$$_printf_percent$$00000000) for _printf_percent
    main.o(i.main) refers to _printf_x.o(.ARM.Collect$$_printf_percent$$0000000C) for _printf_x
    main.o(i.main) refers to _printf_hex_int.o(.text) for _printf_longlong_hex
    main.o(i.main) refers to _printf_d.o(.ARM.Collect$$_printf_percent$$00000009) for _printf_d
    main.o(i.main) refers to _printf_dec.o(.text) for _printf_int_dec
    main.o(i.main) refers to clock.o(i.CLOCK_InitWithRCO) for CLOCK_InitWithRCO
    main.o(i.main) refers to delay.o(i.Delay_Init) for Delay_Init
    main.o(i.main) refers to uart.o(i.UART_Init) for UART_Init
    main.o(i.main) refers to noretval__2printf.o(.text) for __2printf
    main.o(i.main) refers to rand.o(.emb_text) for rand
    main.o(i.main) refers to meeprom_lib.o(RAMCODE) for MEEPROM_Init
    main.o(i.main) refers to main.o(.bss) for MeepromCtrlInfo
    main.o(i.main) refers to hwlib.o(.data) for pHWLIB
    main.o(i.main) refers to main.o(.data) for status
    meeprom_lib.o(RAMCODE) refers to hwlib.o(.data) for pHWLIB
    adc.o(i.ADC_EasyInit1) refers to adc.o(i.ADC_PowerUp) for ADC_PowerUp
    adc.o(i.ADC_EasyInit1) refers to adc.o(i.ADC_SelectPinSingleEnd) for ADC_SelectPinSingleEnd
    adc.o(i.ADC_EasyInit1) refers to adc.o(i.ADC_SetSampleAndConvertTime) for ADC_SetSampleAndConvertTime
    adc.o(i.ADC_EasyInit1) refers to pin.o(i.PIN_SetPinAsAnalog) for PIN_SetPinAsAnalog
    adc.o(i.ADC_EasyInit2) refers to adc.o(i.ADC_PowerUp) for ADC_PowerUp
    adc.o(i.ADC_EasyInit2) refers to adc.o(i.ADC_SelectPinDifferetial) for ADC_SelectPinDifferetial
    adc.o(i.ADC_EasyInit2) refers to adc.o(i.ADC_SetSampleAndConvertTime) for ADC_SetSampleAndConvertTime
    adc.o(i.ADC_EasyInit2) refers to pin.o(i.PIN_SetPinAsAnalog) for PIN_SetPinAsAnalog
    adc.o(i.ADC_Init) refers to adc.o(i.ADC_PowerUp) for ADC_PowerUp
    adc.o(i.ADC_Init) refers to adc.o(i.ADC_SetChannelIntTriggerSOC) for ADC_SetChannelIntTriggerSOC
    adc.o(i.ADC_Init) refers to adc.o(i.ADC_SetSampleAndConvertTime) for ADC_SetSampleAndConvertTime
    adc.o(i.ADC_Init) refers to pin.o(i.PIN_SetPinAsAnalog) for PIN_SetPinAsAnalog
    adc.o(i.ADC_SelectPinDifferetial) refers to adc.o(i.ADC_GetInputPinCode) for ADC_GetInputPinCode
    adc.o(i.ADC_SelectPinDifferetial) refers to adc.o(i.ADC_SetChannelIntTriggerSOC) for ADC_SetChannelIntTriggerSOC
    adc.o(i.ADC_SelectPinSingleEnd) refers to adc.o(i.ADC_GetInputPinCode) for ADC_GetInputPinCode
    adc.o(i.ADC_SelectPinSingleEnd) refers to adc.o(i.ADC_SetChannelIntTriggerSOC) for ADC_SetChannelIntTriggerSOC
    adc.o(i.ADC_SetSampleAndConvertTime) refers to clock.o(i.CLOCK_GetModuleClock) for CLOCK_GetModuleClock
    clock.o(i.CLOCK_ConfigurePLL) refers to lludivv7m.o(.text) for __aeabi_uldivmod
    clock.o(i.CLOCK_ConfigurePLL) refers to system_spc1169.o(.data) for SysInfo
    clock.o(i.CLOCK_ConfigurePLLWithRCO) refers to system_spc1169.o(.data) for SysInfo
    clock.o(i.CLOCK_DetectionInit) refers to lludivv7m.o(.text) for __aeabi_uldivmod
    clock.o(i.CLOCK_GetModuleClock) refers to system_spc1169.o(.data) for SysInfo
    clock.o(i.CLOCK_Init) refers to clock.o(i.CLOCK_ConfigurePLL) for CLOCK_ConfigurePLL
    clock.o(i.CLOCK_Init) refers to system_spc1169.o(.data) for SysInfo
    clock.o(i.CLOCK_Init) refers to hwlib.o(.data) for pHWLIB
    clock.o(i.CLOCK_InitWithRCO) refers to clock.o(i.CLOCK_ConfigurePLL) for CLOCK_ConfigurePLL
    clock.o(i.CLOCK_InitWithRCO) refers to system_spc1169.o(.data) for SysInfo
    clock.o(i.CLOCK_InitWithRCO) refers to hwlib.o(.data) for pHWLIB
    clock.o(i.CLOCK_InitWithXO) refers to clock.o(i.CLOCK_ConfigurePLL) for CLOCK_ConfigurePLL
    clock.o(i.CLOCK_InitWithXO) refers to system_spc1169.o(.data) for SysInfo
    clock.o(i.CLOCK_InitWithXO) refers to hwlib.o(.data) for pHWLIB
    clock.o(i.CLOCK_SetModuleDiv) refers to system_spc1169.o(.data) for SysInfo
    clock.o(i.CLOCK_UpdateInfo) refers to dflt_clz.o(x$fpl$dfltu) for __aeabi_ui2d
[...]
    libinit.o(.ARM.Collect$$libinit$$00000000) refers (Special) to libinit2.o(.ARM.Collect$$libinit$$00000023) for __rt_lib_init_getenv_1
    libinit.o(.ARM.Collect$$libinit$$00000000) refers (Special) to libinit2.o(.ARM.Collect$$libinit$$0000000A) for __rt_lib_init_heap_1
    libinit.o(.ARM.Collect$$libinit$$00000000) refers (Special) to libinit2.o(.ARM.Collect$$libinit$$00000011) for __rt_lib_init_lc_collate_1
    libinit.o(.ARM.Collect$$libinit$$00000000) refers (Special) to libinit2.o(.ARM.Collect$$libinit$$00000013) for __rt_lib_init_lc_ctype_1
    libinit.o(.ARM.Collect$$libinit$$00000000) refers (Special) to libinit2.o(.ARM.Collect$$libinit$$00000015) for __rt_lib_init_lc_monetary_1
    libinit.o(.ARM.Collect$$libinit$$00000000) refers (Special) to libinit2.o(.ARM.Collect$$libinit$$00000017) for __rt_lib_init_lc_numeric_1
    libinit.o(.ARM.Collect$$libinit$$00000000) refers (Special) to libinit2.o(.ARM.Collect$$libinit$$00000019) for __rt_lib_init_lc_time_1
    libinit.o(.ARM.Collect$$libinit$$00000000) refers (Special) to libinit2.o(.ARM.Collect$$libinit$$00000004) for __rt_lib_init_preinit_1
    libinit.o(.ARM.Collect$$libinit$$00000000) refers (Special) to libinit2.o(.ARM.Collect$$libinit$$0000000E) for __rt_lib_init_rand_1
    libinit.o(.ARM.Collect$$libinit$$00000000) refers (Special) to libinit2.o(.ARM.Collect$$libinit$$00000033) for __rt_lib_init_return
    libinit.o(.ARM.Collect$$libinit$$00000000) refers (Special) to libinit2.o(.ARM.Collect$$libinit$$0000001D) for __rt_lib_init_signal_1
    libinit.o(.ARM.Collect$$libinit$$00000000) refers (Special) to libinit2.o(.ARM.Collect$$libinit$$00000025) for __rt_lib_init_stdio_1
    libinit.o(.ARM.Collect$$libinit$$00000000) refers (Special) to libinit2.o(.ARM.Collect$$libinit$$0000000C) for __rt_lib_init_user_alloc_1
    sys_command.o(.text) refers (Special) to use_no_semi.o(.text) for __I$use$semihosting
    sys_command.o(.text) refers (Special) to indicate_semi.o(.text) for __semihosting_library_function
    libspace.o(.text) refers to libspace.o(.bss) for __libspace_start
    rtexit.o(.ARM.Collect$$rtexit$$00000000) refers (Special) to rtexit2.o(.ARM.Collect$$rtexit$$00000004) for __rt_exit_exit
    rtexit.o(.ARM.Collect$$rtexit$$00000000) refers (Special) to rtexit2.o(.ARM.Collect$$rtexit$$00000003) for __rt_exit_ls
    rtexit.o(.ARM.Collect$$rtexit$$00000000) refers (Special) to rtexit2.o(.ARM.Collect$$rtexit$$00000002) for __rt_exit_prels_1
    rtexit.o(.ARM.exidx) refers (Special) to rtexit2.o(.ARM.Collect$$rtexit$$00000004) for __rt_exit_exit
    rtexit.o(.ARM.exidx) refers (Special) to rtexit2.o(.ARM.Collect$$rtexit$$00000003) for __rt_exit_ls
    rtexit.o(.ARM.exidx) refers (Special) to rtexit2.o(.ARM.Collect$$rtexit$$00000002) for __rt_exit_prels_1
    rtexit.o(.ARM.exidx) refers to rtexit.o(.ARM.Collect$$rtexit$$00000000) for .ARM.Collect$$rtexit$$00000000
    rt_raise.o(.text) refers to __raise.o(.text) for __raise
    rt_raise.o(.text) refers to retarget.o(i._sys_exit) for _sys_exit
    defsig_exit.o(.text) refers to retarget.o(i._sys_exit) for _sys_exit
    defsig_fpe_inner.o(.text) refers to defsig_general.o(.text) for __default_signal_display
    defsig_rtmem_outer.o(.text) refers to defsig_rtmem_inner.o(.text) for __rt_SIGRTMEM_inner
    defsig_rtmem_outer.o(.text) refers to defsig_exit.o(.text) for __sig_exit
    defsig_rtmem_formal.o(.text) refers to rt_raise.o(.text) for __rt_raise
    rtexit2.o(.ARM.Collect$$rtexit$$00000003) refers to libshutdown.o(.ARM.Collect$$libshutdown$$00000000) for __rt_lib_shutdown
    rtexit2.o(.ARM.Collect$$rtexit$$00000004) refers to retarget.o(i._sys_exit) for _sys_exit
    rtexit2.o(.ARM.exidx) refers to rtexit2.o(.ARM.Collect$$rtexit$$00000001) for .ARM.Collect$$rtexit$$00000001
    rtexit2.o(.ARM.exidx) refers to rtexit2.o(.ARM.Collect$$rtexit$$00000003) for .ARM.Collect$$rtexit$$00000003
    rtexit2.o(.ARM.exidx) refers to rtexit2.o(.ARM.Collect$$rtexit$$00000004) for .ARM.Collect$$rtexit$$00000004
    __raise.o(.text) refers to defsig.o(CL$$defsig) for __default_signal_handler
    defsig_general.o(.text) refers to retarget.o(i._ttywrch) for _ttywrch
    defsig_rtmem_inner.o(.text) refers to defsig_general.o(.text) for __default_signal_display
    defsig.o(CL$$defsig) refers to defsig_fpe_inner.o(.text) for __rt_SIGFPE_inner
    defsig.o(CL$$defsig) refers to defsig_rtmem_inner.o(.text) for __rt_SIGRTMEM_inner
    libshutdown.o(.ARM.Collect$$libshutdown$$00000000) refers (Special) to libshutdown2.o(.ARM.Collect$$libshutdown$$00000002) for __rt_lib_shutdown_cpp_1
    libshutdown.o(.ARM.Collect$$libshutdown$$00000000) refers (Special) to libshutdown2.o(.ARM.Collect$$libshutdown$$00000007) for __rt_lib_shutdown_fp_trap_1
    libshutdown.o(.ARM.Collect$$libshutdown$$00000000) refers (Special) to libshutdown2.o(.ARM.Collect$$libshutdown$$0000000F) for __rt_lib_shutdown_heap_1
    libshutdown.o(.ARM.Collect$$libshutdown$$00000000) refers (Special) to libshutdown2.o(.ARM.Collect$$libshutdown$$00000010) for __rt_lib_shutdown_return
    libshutdown.o(.ARM.Collect$$libshutdown$$00000000) refers (Special) to libshutdown2.o(.ARM.Collect$$libshutdown$$0000000A) for __rt_lib_shutdown_signal_1
    libshutdown.o(.ARM.Collect$$libshutdown$$00000000) refers (Special) to libshutdown2.o(.ARM.Collect$$libshutdown$$00000004) for __rt_lib_shutdown_stdio_1
    libshutdown.o(.ARM.Collect$$libshutdown$$00000000) refers (Special) to libshutdown2.o(.ARM.Collect$$libshutdown$$0000000C) for __rt_lib_shutdown_user_alloc_1
    defsig_abrt_inner.o(.text) refers to defsig_general.o(.text) for __default_signal_display
    defsig_rtred_inner.o(.text) refers to defsig_general.o(.text) for __default_signal_display
    defsig_stak_inner.o(.text) refers to defsig_general.o(.text) for __default_signal_display
    defsig_pvfn_inner.o(.text) refers to defsig_general.o(.text) for __default_signal_display
    defsig_cppl_inner.o(.text) refers to defsig_general.o(.text) for __default_signal_display
    defsig_segv_inner.o(.text) refers to defsig_general.o(.text) for __default_signal_display
    defsig_other.o(.text) refers to defsig_general.o(.text) for __default_signal_display


==============================================================================

Removing Unused input sections from the image.

    Removing isr.o(.rev16_text), (4 bytes).
    Removing isr.o(.revsh_text), (4 bytes).
    Removing isr.o(.rrx_text), (6 bytes).
    Removing main.o(.rev16_text), (4 bytes).
    Removing main.o(.revsh_text), (4 bytes).
    Removing main.o(.rrx_text), (6 bytes).
    Removing meeprom_lib.o(.rev16_text), (4 bytes).
    Removing meeprom_lib.o(.revsh_text), (4 bytes).
    Removing meeprom_lib.o(.rrx_text), (6 bytes).
    Removing adc.o(.rev16_text), (4 bytes).
    Removing adc.o(.revsh_text), (4 bytes).
    Removing adc.o(.rrx_text), (6 bytes).
    Removing adc.o(i.ADC_EasyInit1), (88 bytes).
    Removing adc.o(i.ADC_EasyInit2), (102 bytes).
    Removing adc.o(i.ADC_GetInputPinCode), (128 bytes).
    Removing adc.o(i.ADC_Init), (360 bytes).
    Removing adc.o(i.ADC_PowerUp), (56 bytes).
    Removing adc.o(i.ADC_SelectPinDifferetial), (252 bytes).
    Removing adc.o(i.ADC_SelectPinSingleEnd), (208 bytes).
    Removing adc.o(i.ADC_SetChannelIntTriggerSOC), (66 bytes).
    Removing adc.o(i.ADC_SetSampleAndConvertTime), (160 bytes).
    Removing clock.o(.rev16_text), (4 bytes).
    Removing clock.o(.revsh_text), (4 bytes).
    Removing clock.o(.rrx_text), (6 bytes).
    Removing clock.o(i.CLOCK_ConfigurePLLWithRCO), (280 bytes).
    Removing clock.o(i.CLOCK_DetectionInit), (628 bytes).
    Removing clock.o(i.CLOCK_DetectionInitWithRCO), (520 bytes).
    Removing clock.o(i.CLOCK_Init), (376 bytes).
    Removing clock.o(i.CLOCK_InitWithXO), (316 bytes).
    Removing clock.o(i.CLOCK_SetModuleDiv), (148 bytes).
    Removing clock.o(i.CLOCK_UpdateInfo), (212 bytes).
    Removing comp.o(.rev16_text), (4 bytes).
    Removing comp.o(.revsh_text), (4 bytes).
    Removing comp.o(.rrx_text), (6 bytes).
    Removing comp.o(i.COMP_DACBufferInit), (64 bytes).
    Removing comp.o(i.COMP_EnableDAC), (76 bytes).
    Removing comp.o(i.COMP_Init), (212 bytes).
    Removing comp.o(i.COMP_SetDACVoltage), (80 bytes).
    Removing comp.o(i.COMP_SetFilterWindowTimeNs), (412 bytes).
    Removing dma.o(.rev16_text), (4 bytes).
    Removing dma.o(.revsh_text), (4 bytes).
    Removing dma.o(.rrx_text), (6 bytes).
    Removing ecap.o(.rev16_text), (4 bytes).
    Removing ecap.o(.revsh_text), (4 bytes).
    Removing ecap.o(.rrx_text), (6 bytes).
    Removing ecap.o(i.ECAP_APWMModeInit), (72 bytes).
    Removing ecap.o(i.ECAP_APWMSetDuty), (74 bytes).
    Removing ecap.o(i.ECAP_CaptureModeInit), (48 bytes).
    Removing ecap.o(i.ECAP_InitCaptureIO), (34 bytes).
    Removing ecap.o(i.ECAP_InitSyncIO), (34 bytes).
    Removing epwr.o(.rev16_text), (4 bytes).
    Removing epwr.o(.revsh_text), (4 bytes).
    Removing epwr.o(.rrx_text), (6 bytes).
    Removing epwr.o(i.EPWR_ComSpeedInit), (52 bytes).
    Removing epwr.o(i.EPWR_FeedWatchdog), (72 bytes).
    Removing epwr.o(i.EPWR_GetID), (80 bytes).
    Removing epwr.o(i.EPWR_ReadRegister), (96 bytes).
    Removing epwr.o(i.EPWR_ResetRegister), (72 bytes).
    Removing epwr.o(i.EPWR_SetFilterClockDiv), (76 bytes).
    Removing epwr.o(i.EPWR_SetFilterWindow), (100 bytes).
    Removing epwr.o(i.EPWR_SetFilterWindowTimeNs), (152 bytes).
    Removing epwr.o(i.EPWR_WriteRegister), (144 bytes).
    Removing epwr.o(i.EPWR_WriteRegisterField), (52 bytes).
    Removing gpio.o(.rev16_text), (4 bytes).
    Removing gpio.o(.revsh_text), (4 bytes).
    Removing gpio.o(.rrx_text), (6 bytes).
    Removing gpio.o(i.GPIO_SetEdgeIntMode), (428 bytes).
    Removing spd1179_hv.o(.rev16_text), (4 bytes).
    Removing spd1179_hv.o(.revsh_text), (4 bytes).
    Removing spd1179_hv.o(.rrx_text), (6 bytes).
    Removing spd1179_hv.o(i.HV_Init), (44 bytes).
    Removing spd1179_hv.o(i.HV_InitRegister), (196 bytes).
    Removing spd1179_hv.o(i.HV_PinInit), (148 bytes).
    Removing hwlib.o(.rev16_text), (4 bytes).
    Removing hwlib.o(.revsh_text), (4 bytes).
    Removing hwlib.o(.rrx_text), (6 bytes).
    Removing pga.o(.rev16_text), (4 bytes).
    Removing pga.o(.revsh_text), (4 bytes).
    Removing pga.o(.rrx_text), (6 bytes).
    Removing pga.o(i.PGA_InitDPGA), (64 bytes).
    Removing pga.o(i.PGA_InitSPGA), (80 bytes).
    Removing phcomp.o(.rev16_text), (4 bytes).
    Removing phcomp.o(.revsh_text), (4 bytes).
    Removing phcomp.o(.rrx_text), (6 bytes).
    Removing phcomp.o(i.PHCOMP_SetFilterWindow), (56 bytes).
    Removing phcomp.o(i.PHCOMP_SetFilterWindowTimeNs), (224 bytes).
    Removing power.o(.rev16_text), (4 bytes).
    Removing power.o(.revsh_text), (4 bytes).
    Removing power.o(.rrx_text), (6 bytes).
    Removing power.o(i.POWER_SetVDD12OVThreshold), (36 bytes).
    Removing power.o(i.POWER_SetVDD12UVThreshold), (32 bytes).
    Removing power.o(i.POWER_SetVDD33OVThreshold), (36 bytes).
    Removing power.o(i.POWER_SetVDD33UVThreshold), (32 bytes).
    Removing pwm.o(.rev16_text), (4 bytes).
    Removing pwm.o(.revsh_text), (4 bytes).
    Removing pwm.o(.rrx_text), (6 bytes).
    Removing pwm.o(i.PWM_CalculateSyncReloadValue), (84 bytes).
    Removing pwm.o(i.PWM_InitComplementaryPairChannel), (148 bytes).
    Removing pwm.o(i.PWM_InitSingleChannel), (108 bytes).
    Removing pwm.o(i.PWM_SetSyncFromGPIO), (68 bytes).
    Removing pwm.o(i.PWM_SetTZ0FromGPIO), (68 bytes).
    Removing pwm.o(i.PWM_SetTZ1FromGPIO), (68 bytes).
    Removing pwm.o(i.PWM_SetTZ2FromGPIO), (68 bytes).
    Removing pwm.o(i.PWM_SetTZ3FromGPIO), (68 bytes).
    Removing pwm.o(i.PWM_SetTZ4FromGPIO), (68 bytes).
    Removing spi.o(.rev16_text), (4 bytes).
    Removing spi.o(.revsh_text), (4 bytes).
    Removing spi.o(.rrx_text), (6 bytes).
    Removing spi.o(i.SPI_ExitNetMode), (42 bytes).
    Removing spi.o(i.SPI_Init), (102 bytes).
    Removing spi.o(i.SPI_InitEasy), (26 bytes).
    Removing spi.o(i.SPI_InitSpeed), (92 bytes).
    Removing spi.o(i.SPI_MasterB2BTransceive), (80 bytes).
    Removing spi.o(i.SPI_MasterTransceive), (70 bytes).
    Removing spi.o(i.SPI_Receive), (52 bytes).
    Removing spi.o(i.SPI_Send), (34 bytes).
    Removing spi.o(i.SPI_SlaveTransceive), (146 bytes).
    Removing system.o(.rev16_text), (4 bytes).
    Removing system.o(.revsh_text), (4 bytes).
    Removing system.o(.rrx_text), (6 bytes).
    Removing system.o(i.SYSTEM_SetMonitorInterval), (64 bytes).
    Removing system.o(i.SYSTEM_SetMonitorSampleAndConvertTime), (60 bytes).
    Removing system.o(i.SYSTEM_SetMonitorThreshold), (620 bytes).
    Removing system.o(i.SYSTEM_SetSleepWakeUpByGPIO), (108 bytes).
    Removing system.o(i.SYSTEM_SetStopWakeUpByGPIO), (84 bytes).
    Removing timer.o(.rev16_text), (4 bytes).
    Removing timer.o(.revsh_text), (4 bytes).
    Removing timer.o(.rrx_text), (6 bytes).
    Removing timer.o(i.TIMER_Init), (136 bytes).
    Removing uart.o(.rev16_text), (4 bytes).
    Removing uart.o(.revsh_text), (4 bytes).
    Removing uart.o(.rrx_text), (6 bytes).
    Removing uart.o(i.LIN_Init), (44 bytes).
    Removing uart.o(i.UART_Read), (30 bytes).
    Removing uart.o(i.UART_WaitAutoBaudReady), (36 bytes).
    Removing uart.o(i.UART_Write), (42 bytes).
    Removing uart.o(i.UART_WriteText), (36 bytes).
    Removing wdt.o(.rev16_text), (4 bytes).
    Removing wdt.o(.revsh_text), (4 bytes).
    Removing wdt.o(.rrx_text), (6 bytes).
    Removing wdt.o(i.WDT_Init), (76 bytes).
    Removing pin.o(.rev16_text), (4 bytes).
    Removing pin.o(.revsh_text), (4 bytes).
    Removing pin.o(.rrx_text), (6 bytes).
    Removing pin.o(i.PIN_ResetAllPin), (108 bytes).
    Removing pin.o(i.PIN_SetPinAsAnalog), (86 bytes).
    Removing pin.o(i.PIN_SetPinAsECAPO), (50 bytes).
    Removing pin.o(i.PIN_SetPinAsGPIO), (32 bytes).
    Removing can.o(.rev16_text), (4 bytes).
    Removing can.o(.revsh_text), (4 bytes).
    Removing can.o(.rrx_text), (6 bytes).
    Removing can.o(i.CAN_AbortMessageTransferRequest), (50 bytes).
    Removing can.o(i.CAN_DecodeDataLength), (54 bytes).
    Removing can.o(i.CAN_EncodeDataLength), (62 bytes).
    Removing can.o(i.CAN_GetMessage), (434 bytes).
    Removing can.o(i.CAN_GetMessageData), (28 bytes).
    Removing can.o(i.CAN_InitMessageRAM), (24 bytes).
    Removing can.o(i.CAN_Reset), (54 bytes).
    Removing can.o(i.CAN_SetMessage), (844 bytes).
    Removing can.o(i.CAN_SetMessageData), (178 bytes).
    Removing crc.o(.rev16_text), (4 bytes).
    Removing crc.o(.revsh_text), (4 bytes).
    Removing crc.o(.rrx_text), (6 bytes).
    Removing crc.o(i.CRC_CalculateWithInitValueIsNotZero), (410 bytes).
    Removing crc.o(i.CRC_CalculateWithInitValueIsZero), (368 bytes).
    Removing crc.o(i.CRC_Init), (180 bytes).
    Removing i2c.o(.rev16_text), (4 bytes).
    Removing i2c.o(.revsh_text), (4 bytes).
    Removing i2c.o(.rrx_text), (6 bytes).
    Removing i2c.o(i.I2C_Disable), (22 bytes).
    Removing i2c.o(i.I2C_Enable), (22 bytes).
    Removing i2c.o(i.I2C_InitSpeed), (364 bytes).
    Removing i2c.o(i.I2C_MasterBulkRead), (130 bytes).
    Removing i2c.o(i.I2C_MasterBulkWrite), (102 bytes).
    Removing i2c.o(i.I2C_MasterInit), (88 bytes).
    Removing i2c.o(i.I2C_MasterRead), (86 bytes).
    Removing i2c.o(i.I2C_MasterWrite), (80 bytes).
    Removing i2c.o(i.I2C_SlaveBulkRead), (32 bytes).
    Removing i2c.o(i.I2C_SlaveBulkWrite), (76 bytes).
    Removing i2c.o(i.I2C_SlaveInit), (176 bytes).
    Removing i2c.o(i.I2C_SlaveRead), (32 bytes).
    Removing i2c.o(i.I2C_SlaveWrite), (52 bytes).
    Removing system_spc1169.o(.rev16_text), (4 bytes).
    Removing system_spc1169.o(.revsh_text), (4 bytes).
    Removing system_spc1169.o(.rrx_text), (6 bytes).
    Removing delay.o(.rev16_text), (4 bytes).
    Removing delay.o(.revsh_text), (4 bytes).
    Removing delay.o(.rrx_text), (6 bytes).
    Removing delay.o(i.Delay_Ms), (18 bytes).
    Removing delay.o(i.Delay_Us), (20 bytes).
    Removing retarget.o(.rev16_text), (4 bytes).
    Removing retarget.o(.revsh_text), (4 bytes).
    Removing retarget.o(.rrx_text), (6 bytes).
    Removing retarget.o(i.__backspace), (6 bytes).
    Removing retarget.o(i._ttywrch), (28 bytes).
    Removing retarget.o(i.fgetc), (28 bytes).

196 unused section(s) (total 14722 bytes) removed from the image.

==============================================================================

Image Symbol Table

    Local Symbols

    Symbol Name                              Value     Ov Type        Size  Object(Section)

    ../clib/angel/boardlib.s                 0x00000000   Number         0  boardinit1.o ABSOLUTE
    ../clib/angel/boardlib.s                 0x00000000   Number         0  boardinit2.o ABSOLUTE
    ../clib/angel/boardlib.s                 0x00000000   Number         0  boardinit3.o ABSOLUTE
    ../clib/angel/boardlib.s                 0x00000000   Number         0  boardshut.o ABSOLUTE
    ../clib/angel/handlers.s                 0x00000000   Number         0  __scatter_zi.o ABSOLUTE
    ../clib/angel/handlers.s                 0x00000000   Number         0  __scatter_copy.o ABSOLUTE
    ../clib/angel/kernel.s                   0x00000000   Number         0  __rtentry.o ABSOLUTE
    ../clib/angel/kernel.s                   0x00000000   Number         0  __rtentry2.o ABSOLUTE
    ../clib/angel/kernel.s                   0x00000000   Number         0  __rtentry4.o ABSOLUTE
    ../clib/angel/kernel.s                   0x00000000   Number         0  rtexit.o ABSOLUTE
    ../clib/angel/kernel.s                   0x00000000   Number         0  rtexit2.o ABSOLUTE
    ../clib/angel/rt.s                       0x00000000   Number         0  aeabi_ldiv0.o ABSOLUTE
    ../clib/angel/rt.s                       0x00000000   Number         0  aeabi_ldiv0_sigfpe.o ABSOLUTE
    ../clib/angel/rt.s                       0x00000000   Number         0  rt_div0.o ABSOLUTE
    ../clib/angel/rt.s                       0x00000000   Number         0  rt_raise.o ABSOLUTE
    ../clib/angel/scatter.s                  0x00000000   Number         0  __scatter.o ABSOLUTE
    ../clib/angel/startup.s                  0x00000000   Number         0  __main.o ABSOLUTE
    ../clib/angel/sys.s                      0x00000000   Number         0  sys_stackheap_outer.o ABSOLUTE
    ../clib/angel/sys.s                      0x00000000   Number         0  libspace.o ABSOLUTE
    ../clib/angel/sys.s                      0x00000000   Number         0  use_no_semi.o ABSOLUTE
    ../clib/angel/sys.s                      0x00000000   Number         0  indicate_semi.o ABSOLUTE
    ../clib/angel/sysapp.c                   0x00000000   Number         0  sys_command.o ABSOLUTE
    ../clib/armsys.c                         0x00000000   Number         0  argv_veneer.o ABSOLUTE
    ../clib/armsys.c                         0x00000000   Number         0  argv_veneer.o ABSOLUTE
    ../clib/armsys.c                         0x00000000   Number         0  _get_argv_nomalloc.o ABSOLUTE
    ../clib/armsys.c                         0x00000000   Number         0  no_argv.o ABSOLUTE
    ../clib/heapalloc.c                      0x00000000   Number         0  hrguard.o ABSOLUTE
    ../clib/heapaux.c                        0x00000000   Number         0  heapauxi.o ABSOLUTE
    ../clib/libinit.s                        0x00000000   Number         0  libshutdown.o ABSOLUTE
    ../clib/libinit.s                        0x00000000   Number         0  libinit.o ABSOLUTE
    ../clib/libinit.s                        0x00000000   Number         0  libinit2.o ABSOLUTE
    ../clib/libinit.s                        0x00000000   Number         0  libshutdown2.o ABSOLUTE
    ../clib/longlong.s                       0x00000000   Number         0  lludivv7m.o ABSOLUTE
    ../clib/printf.c                         0x00000000   Number         0  __printf.o ABSOLUTE
    ../clib/printf.c                         0x00000000   Number         0  _printf_dec.o ABSOLUTE
    ../clib/printf.c                         0x00000000   Number         0  noretval__2printf.o ABSOLUTE
    ../clib/printf.c                         0x00000000   Number         0  __2printf.o ABSOLUTE
    ../clib/printf.c                         0x00000000   Number         0  _printf_hex_ll.o ABSOLUTE
    ../clib/printf.c                         0x00000000   Number         0  _printf_hex_int.o ABSOLUTE
    ../clib/printf.c                         0x00000000   Number         0  _printf_hex_int_ll.o ABSOLUTE
    ../clib/printf.c                         0x00000000   Number         0  _printf_hex_ptr.o ABSOLUTE
    ../clib/printf.c                         0x00000000   Number         0  _printf_hex_int_ptr.o ABSOLUTE
    ../clib/printf.c                         0x00000000   Number         0  _printf_hex_ll_ptr.o ABSOLUTE
    ../clib/printf.c                         0x00000000   Number         0  _printf_hex_int_ll_ptr.o ABSOLUTE
    ../clib/printf.c                         0x00000000   Number         0  __printf_flags.o ABSOLUTE
    ../clib/printf.c                         0x00000000   Number         0  __printf_ss.o ABSOLUTE
    ../clib/printf.c                         0x00000000   Number         0  _printf_char_common.o ABSOLUTE
    ../clib/printf.c                         0x00000000   Number         0  __printf_nopercent.o ABSOLUTE
    ../clib/printf.c                         0x00000000   Number         0  __printf_flags_ss.o ABSOLUTE
    ../clib/printf.c                         0x00000000   Number         0  __printf_wp.o ABSOLUTE
    ../clib/printf.c                         0x00000000   Number         0  _printf_char_file.o ABSOLUTE
    ../clib/printf.c                         0x00000000   Number         0  _printf_intcommon.o ABSOLUTE
    ../clib/printf.c                         0x00000000   Number         0  __printf_flags_wp.o ABSOLUTE
    ../clib/printf.c                         0x00000000   Number         0  __printf_ss_wp.o ABSOLUTE
    ../clib/printf.c                         0x00000000   Number         0  __printf_flags_ss_wp.o ABSOLUTE
    ../clib/printf_percent.s                 0x00000000   Number         0  _printf_percent.o ABSOLUTE
    ../clib/printf_percent.s                 0x00000000   Number         0  _printf_d.o ABSOLUTE
    ../clib/printf_percent.s                 0x00000000   Number         0  _printf_x.o ABSOLUTE
    ../clib/printf_percent.s                 0x00000000   Number         0  _printf_percent_end.o ABSOLUTE
    ../clib/signal.c                         0x00000000   Number         0  defsig_fpe_outer.o ABSOLUTE
    ../clib/signal.c                         0x00000000   Number         0  defsig_fpe_formal.o ABSOLUTE
    ../clib/signal.c                         0x00000000   Number         0  defsig_other.o ABSOLUTE
    ../clib/signal.c                         0x00000000   Number         0  defsig_segv_inner.o ABSOLUTE
    ../clib/signal.c                         0x00000000   Number         0  defsig_rtmem_formal.o ABSOLUTE
    ../clib/signal.c                         0x00000000   Number         0  defsig_rtmem_outer.o ABSOLUTE
    ../clib/signal.c                         0x00000000   Number         0  defsig_exit.o ABSOLUTE
    ../clib/signal.c                         0x00000000   Number         0  defsig_cppl_inner.o ABSOLUTE
    ../clib/signal.c                         0x00000000   Number         0  defsig_pvfn_inner.o ABSOLUTE
    ../clib/signal.c                         0x00000000   Number         0  defsig_stak_inner.o ABSOLUTE
    ../clib/signal.c                         0x00000000   Number         0  defsig_rtred_inner.o ABSOLUTE
    ../clib/signal.c                         0x00000000   Number         0  defsig_abrt_inner.o ABSOLUTE
    ../clib/signal.c                         0x00000000   Number         0  defsig_fpe_inner.o ABSOLUTE
    ../clib/signal.c                         0x00000000   Number         0  defsig_rtmem_inner.o ABSOLUTE
    ../clib/signal.c                         0x00000000   Number         0  defsig_general.o ABSOLUTE
    ../clib/signal.c                         0x00000000   Number         0  __raise.o ABSOLUTE
    ../clib/signal.s                         0x00000000   Number         0  defsig.o ABSOLUTE
    ../clib/stdlib.c                         0x00000000   Number         0  rand.o ABSOLUTE
    ../clib/stdlib.c                         0x00000000   Number         0  exit.o ABSOLUTE
    ../clib/stdlib.c                         0x00000000   Number         0  rand.o ABSOLUTE
    ../fplib/d2f.s                           0x00000000   Number         0  d2f.o ABSOLUTE
    ../fplib/ddiv.s                          0x00000000   Number         0  ddiv.o ABSOLUTE
    ../fplib/dflt.s                          0x00000000   Number         0  dflt_clz.o ABSOLUTE
    ../fplib/dnaninf.s                       0x00000000   Number         0  dnaninf.o ABSOLUTE
    ../fplib/dretinf.s                       0x00000000   Number         0  dretinf.o ABSOLUTE
    ../fplib/fpinit.s                        0x00000000   Number         0  fpinit.o ABSOLUTE
    ../fplib/fretinf.s                       0x00000000   Number         0  fretinf.o ABSOLUTE
    ../fplib/usenofp.s                       0x00000000   Number         0  usenofp.o ABSOLUTE
    ..\..\..\..\Libraries\CMSIS\device\startup\arm\startup_spc1169.s 0x00000000   Number         0  startup_spc1169.o ABSOLUTE
    ..\..\..\..\Libraries\CMSIS\device\system_spc1169.c 0x00000000   Number         0  system_spc1169.o ABSOLUTE
    ..\..\..\..\Libraries\drivers\src\adc.c  0x00000000   Number         0  adc.o ABSOLUTE
    ..\..\..\..\Libraries\drivers\src\can.c  0x00000000   Number         0  can.o ABSOLUTE
    ..\..\..\..\Libraries\drivers\src\clock.c 0x00000000   Number         0  clock.o ABSOLUTE
    ..\..\..\..\Libraries\drivers\src\comp.c 0x00000000   Number         0  comp.o ABSOLUTE
    ..\..\..\..\Libraries\drivers\src\crc.c  0x00000000   Number         0  crc.o ABSOLUTE
    ..\..\..\..\Libraries\drivers\src\dma.c  0x00000000   Number         0  dma.o ABSOLUTE
    ..\..\..\..\Libraries\drivers\src\ecap.c 0x00000000   Number         0  ecap.o ABSOLUTE
    ..\..\..\..\Libraries\drivers\src\epwr.c 0x00000000   Number         0  epwr.o ABSOLUTE
    ..\..\..\..\Libraries\drivers\src\gpio.c 0x00000000   Number         0  gpio.o ABSOLUTE
    ..\..\..\..\Libraries\drivers\src\hwlib.c 0x00000000   Number         0  hwlib.o ABSOLUTE
    ..\..\..\..\Libraries\drivers\src\i2c.c  0x00000000   Number         0  i2c.o ABSOLUTE
    ..\..\..\..\Libraries\drivers\src\pga.c  0x00000000   Number         0  pga.o ABSOLUTE
    ..\..\..\..\Libraries\drivers\src\phcomp.c 0x00000000   Number         0  phcomp.o ABSOLUTE
    ..\..\..\..\Libraries\drivers\src\pin.c  0x00000000   Number         0  pin.o ABSOLUTE
    ..\..\..\..\Libraries\drivers\src\power.c 0x00000000   Number         0  power.o ABSOLUTE
    ..\..\..\..\Libraries\drivers\src\pwm.c  0x00000000   Number         0  pwm.o ABSOLUTE
    ..\..\..\..\Libraries\drivers\src\spd1179_hv.c 0x00000000   Number         0  spd1179_hv.o ABSOLUTE
    ..\..\..\..\Libraries\drivers\src\spi.c  0x00000000   Number         0  spi.o ABSOLUTE
    ..\..\..\..\Libraries\drivers\src\system.c 0x00000000   Number         0  system.o ABSOLUTE
    ..\..\..\..\Libraries\drivers\src\timer.c 0x00000000   Number         0  timer.o ABSOLUTE
    ..\..\..\..\Libraries\drivers\src\uart.c 0x00000000   Number         0  uart.o ABSOLUTE
    ..\..\..\..\Libraries\drivers\src\wdt.c  0x00000000   Number         0  wdt.o ABSOLUTE
    ..\..\..\..\Utilities\delay.c            0x00000000   Number         0  delay.o ABSOLUTE
    ..\..\..\..\Utilities\retarget.c         0x00000000   Number         0  retarget.o ABSOLUTE
    ..\\..\\..\\..\\Libraries\\CMSIS\\device\\system_spc1169.c 0x00000000   Number         0  system_spc1169.o ABSOLUTE
    ..\\..\\..\\..\\Libraries\\drivers\\src\\adc.c 0x00000000   Number         0  adc.o ABSOLUTE
    ..\\..\\..\\..\\Libraries\\drivers\\src\\can.c 0x00000000   Number         0  can.o ABSOLUTE
    ..\\..\\..\\..\\Libraries\\drivers\\src\\clock.c 0x00000000   Number         0  clock.o ABSOLUTE
    ..\\..\\..\\..\\Libraries\\drivers\\src\\comp.c 0x00000000   Number         0  comp.o ABSOLUTE
    ..\\..\\..\\..\\Libraries\\drivers\\src\\crc.c 0x00000000   Number         0  crc.o ABSOLUTE
    ..\\..\\..\\..\\Libraries\\drivers\\src\\dma.c 0x00000000   Number         0  dma.o ABSOLUTE
    ..\\..\\..\\..\\Libraries\\drivers\\src\\ecap.c 0x00000000   Number         0  ecap.o ABSOLUTE
    ..\\..\\..\\..\\Libraries\\drivers\\src\\epwr.c 0x00000000   Number         0  epwr.o ABSOLUTE
    ..\\..\\..\\..\\Libraries\\drivers\\src\\gpio.c 0x00000000   Number         0  gpio.o ABSOLUTE
    ..\\..\\..\\..\\Libraries\\drivers\\src\\hwlib.c 0x00000000   Number         0  hwlib.o ABSOLUTE
    ..\\..\\..\\..\\Libraries\\drivers\\src\\i2c.c 0x00000000   Number         0  i2c.o ABSOLUTE
    ..\\..\\..\\..\\Libraries\\drivers\\src\\pga.c 0x00000000   Number         0  pga.o ABSOLUTE
    ..\\..\\..\\..\\Libraries\\drivers\\src\\phcomp.c 0x00000000   Number         0  phcomp.o ABSOLUTE
    ..\\..\\..\\..\\Libraries\\drivers\\src\\pin.c 0x00000000   Number         0  pin.o ABSOLUTE
    ..\\..\\..\\..\\Libraries\\drivers\\src\\power.c 0x00000000   Number         0  power.o ABSOLUTE
    ..\\..\\..\\..\\Libraries\\drivers\\src\\pwm.c 0x00000000   Number         0  pwm.o ABSOLUTE
    ..\\..\\..\\..\\Libraries\\drivers\\src\\spd1179_hv.c 0x00000000   Number         0  spd1179_hv.o ABSOLUTE
    ..\\..\\..\\..\\Libraries\\drivers\\src\\spi.c 0x00000000   Number         0  spi.o ABSOLUTE
    ..\\..\\..\\..\\Libraries\\drivers\\src\\system.c 0x00000000   Number         0  system.o ABSOLUTE
    ..\\..\\..\\..\\Libraries\\drivers\\src\\timer.c 0x00000000   Number         0  timer.o ABSOLUTE
    ..\\..\\..\\..\\Libraries\\drivers\\src\\uart.c 0x00000000   Number         0  uart.o ABSOLUTE
    ..\\..\\..\\..\\Libraries\\drivers\\src\\wdt.c 0x00000000   Number         0  wdt.o ABSOLUTE
    ..\\..\\..\\..\\Utilities\\delay.c       0x00000000   Number         0  delay.o ABSOLUTE
    ..\\..\\..\\..\\Utilities\\retarget.c    0x00000000   Number         0  retarget.o ABSOLUTE
    ..\\isr.c                                0x00000000   Number         0  isr.o ABSOLUTE
    ..\\main.c                               0x00000000   Number         0  main.o ABSOLUTE
    ..\\meeprom_lib.c                        0x00000000   Number         0  meeprom_lib.o ABSOLUTE
    ..\isr.c                                 0x00000000   Number         0  isr.o ABSOLUTE
    ..\main.c                                0x00000000   Number         0  main.o ABSOLUTE
    ..\meeprom_lib.c                         0x00000000   Number         0  meeprom_lib.o ABSOLUTE
    dc.s                                     0x00000000   Number         0  dc.o ABSOLUTE
    RESET                                    0x10000000   Section      280  startup_spc1169.o(RESET)
    !!!main                                  0x10000118   Section        8  __main.o(!!!main)
    !!!scatter                               0x10000120   Section       52  __scatter.o(!!!scatter)
    !!handler_copy                           0x10000154   Section       26  __scatter_copy.o(!!handler_copy)
    !!handler_zi                             0x10000170   Section       28  __scatter_zi.o(!!handler_zi)
    .ARM.Collect$$_printf_percent$$00000000  0x1000018c   Section        0  _printf_percent.o(.ARM.Collect$$_printf_percent$$00000000)
    .ARM.Collect$$_printf_percent$$00000009  0x1000018c   Section        6  _printf_d.o(.ARM.Collect$$_printf_percent$$00000009)
    .ARM.Collect$$_printf_percent$$0000000C  0x10000192   Section        6  _printf_x.o(.ARM.Collect$$_printf_percent$$0000000C)
    .ARM.Collect$$_printf_percent$$00000017  0x10000198   Section        4  _printf_percent_end.o(.ARM.Collect$$_printf_percent$$00000017)
    .ARM.Collect$$libinit$$00000000          0x1000019c   Section        2  libinit.o(.ARM.Collect$$libinit$$00000000)
    .ARM.Collect$$libinit$$00000001          0x1000019e   Section        4  libinit2.o(.ARM.Collect$$libinit$$00000001)
    .ARM.Collect$$libinit$$00000004          0x100001a2   Section        0  libinit2.o(.ARM.Collect$$libinit$$00000004)
    .ARM.Collect$$libinit$$0000000A          0x100001a2   Section        0  libinit2.o(.ARM.Collect$$libinit$$0000000A)
    .ARM.Collect$$libinit$$0000000C          0x100001a2   Section        0  libinit2.o(.ARM.Collect$$libinit$$0000000C)
    .ARM.Collect$$libinit$$0000000D          0x100001a2   Section        4  libinit2.o(.ARM.Collect$$libinit$$0000000D)
    .ARM.Collect$$libinit$$0000000E          0x100001a6   Section        0  libinit2.o(.ARM.Collect$$libinit$$0000000E)
    .ARM.Collect$$libinit$$00000011          0x100001a6   Section        0  libinit2.o(.ARM.Collect$$libinit$$00000011)
    .ARM.Collect$$libinit$$00000013          0x100001a6   Section        0  libinit2.o(.ARM.Collect$$libinit$$00000013)
    .ARM.Collect$$libinit$$00000015          0x100001a6   Section        0  libinit2.o(.ARM.Collect$$libinit$$00000015)
    .ARM.Collect$$libinit$$00000017          0x100001a6   Section        0  libinit2.o(.ARM.Collect$$libinit$$00000017)
    .ARM.Collect$$libinit$$00000019          0x100001a6   Section        0  libinit2.o(.ARM.Collect$$libinit$$00000019)
    .ARM.Collect$$libinit$$0000001B          0x100001a6   Section        0  libinit2.o(.ARM.Collect$$libinit$$0000001B)
    .ARM.Collect$$libinit$$0000001D          0x100001a6   Section        0  libinit2.o(.ARM.Collect$$libinit$$0000001D)
    .ARM.Collect$$libinit$$0000001F          0x100001a6   Section        0  libinit2.o(.ARM.Collect$$libinit$$0000001F)
    .ARM.Collect$$libinit$$00000021          0x100001a6   Section        0  libinit2.o(.ARM.Collect$$libinit$$00000021)
    .ARM.Collect$$libinit$$00000023          0x100001a6   Section        0  libinit2.o(.ARM.Collect$$libinit$$00000023)
    .ARM.Collect$$libinit$$00000025          0x100001a6   Section        0  libinit2.o(.ARM.Collect$$libinit$$00000025)
    .ARM.Collect$$libinit$$0000002C          0x100001a6   Section        0  libinit2.o(.ARM.Collect$$libinit$$0000002C)
    .ARM.Collect$$libinit$$0000002E          0x100001a6   Section        0  libinit2.o(.ARM.Collect$$libinit$$0000002E)
    .ARM.Collect$$libinit$$00000030          0x100001a6   Section        0  libinit2.o(.ARM.Collect$$libinit$$00000030)
    .ARM.Collect$$libinit$$00000032          0x100001a6   Section        0  libinit2.o(.ARM.Collect$$libinit$$00000032)
    .ARM.Collect$$libinit$$00000033          0x100001a6   Section        2  libinit2.o(.ARM.Collect$$libinit$$00000033)
    .ARM.Collect$$libshutdown$$00000000      0x100001a8   Section        2  libshutdown.o(.ARM.Collect$$libshutdown$$00000000)
    .ARM.Collect$$libshutdown$$00000002      0x100001aa   Section        0  libshutdown2.o(.ARM.Collect$$libshutdown$$00000002)
    .ARM.Collect$$libshutdown$$00000004      0x100001aa   Section        0  libshutdown2.o(.ARM.Collect$$libshutdown$$00000004)
    .ARM.Collect$$libshutdown$$00000007      0x100001aa   Section        0  libshutdown2.o(.ARM.Collect$$libshutdown$$00000007)
    .ARM.Collect$$libshutdown$$0000000A      0x100001aa   Section        0  libshutdown2.o(.ARM.Collect$$libshutdown$$0000000A)
    .ARM.Collect$$libshutdown$$0000000C      0x100001aa   Section        0  libshutdown2.o(.ARM.Collect$$libshutdown$$0000000C)
    .ARM.Collect$$libshutdown$$0000000F      0x100001aa   Section        0  libshutdown2.o(.ARM.Collect$$libshutdown$$0000000F)
    .ARM.Collect$$libshutdown$$00000010      0x100001aa   Section        2  libshutdown2.o(.ARM.Collect$$libshutdown$$00000010)
    .ARM.Collect$$rtentry$$00000000          0x100001ac   Section        0  __rtentry.o(.ARM.Collect$$rtentry$$00000000)
    .ARM.Collect$$rtentry$$00000002          0x100001ac   Section        0  __rtentry2.o(.ARM.Collect$$rtentry$$00000002)
    .ARM.Collect$$rtentry$$00000004          0x100001ac   Section        6  __rtentry4.o(.ARM.Collect$$rtentry$$00000004)
    .ARM.Collect$$rtentry$$00000009          0x100001b2   Section        0  __rtentry2.o(.ARM.Collect$$rtentry$$00000009)
    .ARM.Collect$$rtentry$$0000000A          0x100001b2   Section        4  __rtentry2.o(.ARM.Collect$$rtentry$$0000000A)
    .ARM.Collect$$rtentry$$0000000C          0x100001b6   Section        0  __rtentry2.o(.ARM.Collect$$rtentry$$0000000C)
    .ARM.Collect$$rtentry$$0000000D          0x100001b6   Section        8  __rtentry2.o(.ARM.Collect$$rtentry$$0000000D)
    .ARM.Collect$$rtexit$$00000000           0x100001be   Section        2  rtexit.o(.ARM.Collect$$rtexit$$00000000)
    .ARM.Collect$$rtexit$$00000002           0x100001c0   Section        0  rtexit2.o(.ARM.Collect$$rtexit$$00000002)
    .ARM.Collect$$rtexit$$00000003           0x100001c0   Section        4  rtexit2.o(.ARM.Collect$$rtexit$$00000003)
    .ARM.Collect$$rtexit$$00000004           0x100001c4   Section        6  rtexit2.o(.ARM.Collect$$rtexit$$00000004)
    .emb_text                                0x100001cc   Section       52  rand.o(.emb_text)
    .text                                    0x10000200   Section       92  startup_spc1169.o(.text)
    $v0                                      0x10000200   Number         0  startup_spc1169.o(.text)
    .text                                    0x1000025c   Section      238  lludivv7m.o(.text)
    .text                                    0x1000034c   Section        0  noretval__2printf.o(.text)
    .text                                    0x10000364   Section        0  __printf.o(.text)
    .text                                    0x100003cc   Section        0  _printf_dec.o(.text)
    .text                                    0x10000444   Section        0  _printf_hex_int.o(.text)
    .text                                    0x1000049c   Section        0  rand.o(.text)
    .text                                    0x100004d8   Section        0  heapauxi.o(.text)
    .text                                    0x100004de   Section        0  _printf_intcommon.o(.text)
    .text                                    0x10000590   Section        0  _printf_char_file.o(.text)
    .text                                    0x100005b4   Section        0  _printf_char_common.o(.text)
    _printf_input_char                       0x100005b5   Thumb Code    10  _printf_char_common.o(.text)
    .text                                    0x100005e4   Section       74  sys_stackheap_outer.o(.text)
    .text                                    0x1000062e   Section        0  exit.o(.text)
    .text                                    0x10000640   Section        8  libspace.o(.text)
    RAMCODE                                  0x10000648   Section        0  meeprom_lib.o(RAMCODE)
    i.ADCCH0_IRQHandler                      0x10000cc0   Section        0  isr.o(i.ADCCH0_IRQHandler)
    i.ADCCH10_IRQHandler                     0x10000cc2   Section        0  isr.o(i.ADCCH10_IRQHandler)
    i.ADCCH11_IRQHandler                     0x10000cc4   Section        0  isr.o(i.ADCCH11_IRQHandler)
    i.ADCCH12_IRQHandler                     0x10000cc6   Section        0  isr.o(i.ADCCH12_IRQHandler)
    i.ADCCH13_IRQHandler                     0x10000cc8   Section        0  isr.o(i.ADCCH13_IRQHandler)
    i.ADCCH14_IRQHandler                     0x10000cca   Section        0  isr.o(i.ADCCH14_IRQHandler)
    i.ADCCH15_IRQHandler                     0x10000ccc   Section        0  isr.o(i.ADCCH15_IRQHandler)
    i.ADCCH1_IRQHandler                      0x10000cce   Section        0  isr.o(i.ADCCH1_IRQHandler)
    i.ADCCH2_IRQHandler                      0x10000cd0   Section        0  isr.o(i.ADCCH2_IRQHandler)
    i.ADCCH3_IRQHandler                      0x10000cd2   Section        0  isr.o(i.ADCCH3_IRQHandler)
    i.ADCCH4_IRQHandler                      0x10000cd4   Section        0  isr.o(i.ADCCH4_IRQHandler)
    i.ADCCH5_IRQHandler                      0x10000cd6   Section        0  isr.o(i.ADCCH5_IRQHandler)
    i.ADCCH6_IRQHandler                      0x10000cd8   Section        0  isr.o(i.ADCCH6_IRQHandler)
    i.ADCCH7_IRQHandler                      0x10000cda   Section        0  isr.o(i.ADCCH7_IRQHandler)
    i.ADCCH8_IRQHandler                      0x10000cdc   Section        0  isr.o(i.ADCCH8_IRQHandler)
    i.ADCCH9_IRQHandler                      0x10000cde   Section        0  isr.o(i.ADCCH9_IRQHandler)
    i.ADCPPU0_IRQHandler                     0x10000ce0   Section        0  isr.o(i.ADCPPU0_IRQHandler)
    i.ADCPPU1_IRQHandler                     0x10000ce2   Section        0  isr.o(i.ADCPPU1_IRQHandler)
    i.ADCPPU2_IRQHandler                     0x10000ce4   Section        0  isr.o(i.ADCPPU2_IRQHandler)
    i.BusFault_Handler                       0x10000ce8   Section        0  isr.o(i.BusFault_Handler)
    i.CANMISC_IRQHandler                     0x10000d08   Section        0  isr.o(i.CANMISC_IRQHandler)
    i.CANTRG0_IRQHandler                     0x10000d0a   Section        0  isr.o(i.CANTRG0_IRQHandler)
    i.CANTRG1_IRQHandler                     0x10000d0c   Section        0  isr.o(i.CANTRG1_IRQHandler)
    i.CANTRG2_IRQHandler                     0x10000d0e   Section        0  isr.o(i.CANTRG2_IRQHandler)
    i.CANTRG3_IRQHandler                     0x10000d10   Section        0  isr.o(i.CANTRG3_IRQHandler)
    i.CANTRG4_IRQHandler                     0x10000d12   Section        0  isr.o(i.CANTRG4_IRQHandler)
    i.CANTRG5_IRQHandler                     0x10000d14   Section        0  isr.o(i.CANTRG5_IRQHandler)
    i.CANTRG6_IRQHandler                     0x10000d16   Section        0  isr.o(i.CANTRG6_IRQHandler)
    i.CANTRG7_IRQHandler                     0x10000d18   Section        0  isr.o(i.CANTRG7_IRQHandler)
    i.CLOCK_ConfigurePLL                     0x10000d1c   Section        0  clock.o(i.CLOCK_ConfigurePLL)
    i.CLOCK_GetModuleClock                   0x10000eb4   Section        0  clock.o(i.CLOCK_GetModuleClock)
    i.CLOCK_InitWithRCO                      0x10000f54   Section        0  clock.o(i.CLOCK_InitWithRCO)
    i.CRC_IRQHandler                         0x10001028   Section        0  isr.o(i.CRC_IRQHandler)
    i.DMAC_IRQHandler                        0x1000102a   Section        0  isr.o(i.DMAC_IRQHandler)
    i.DebugMon_Handler                       0x1000102c   Section        0  isr.o(i.DebugMon_Handler)
    i.Delay_Init                             0x1000104c   Section        0  delay.o(i.Delay_Init)
    i.ECAP_IRQHandler                        0x10001088   Section        0  isr.o(i.ECAP_IRQHandler)
    i.EPWRTZ0_IRQHandler                     0x1000108a   Section        0  isr.o(i.EPWRTZ0_IRQHandler)
    i.EPWRTZ1_IRQHandler                     0x1000108c   Section        0  isr.o(i.EPWRTZ1_IRQHandler)
    i.GPIO_EDGE_IRQHandler                   0x1000108e   Section        0  isr.o(i.GPIO_EDGE_IRQHandler)
    i.GPIO_LEVEL_IRQHandler                  0x10001090   Section        0  isr.o(i.GPIO_LEVEL_IRQHandler)
    i.HardFault_Handler                      0x10001094   Section        0  isr.o(i.HardFault_Handler)
    i.I2C_IRQHandler                         0x100010b4   Section        0  isr.o(i.I2C_IRQHandler)
    i.MEM_IRQHandler                         0x100010b6   Section        0  isr.o(i.MEM_IRQHandler)
    i.MemManage_Handler                      0x100010b8   Section        0  isr.o(i.MemManage_Handler)
    i.NMI_Handler                            0x100010d8   Section        0  isr.o(i.NMI_Handler)
    i.PHCOMP_IRQHandler                      0x100010f4   Section        0  isr.o(i.PHCOMP_IRQHandler)
    i.PWM0TZ_IRQHandler                      0x100010f6   Section        0  isr.o(i.PWM0TZ_IRQHandler)
    i.PWM0_IRQHandler                        0x100010f8   Section        0  isr.o(i.PWM0_IRQHandler)
    i.PWM1TZ_IRQHandler                      0x100010fa   Section        0  isr.o(i.PWM1TZ_IRQHandler)
    i.PWM1_IRQHandler                        0x100010fc   Section        0  isr.o(i.PWM1_IRQHandler)
    i.PWM2TZ_IRQHandler                      0x100010fe   Section        0  isr.o(i.PWM2TZ_IRQHandler)
    i.PWM2_IRQHandler                        0x10001100   Section        0  isr.o(i.PWM2_IRQHandler)
    i.PWM3TZ_IRQHandler                      0x10001102   Section        0  isr.o(i.PWM3TZ_IRQHandler)
    i.PWM3_IRQHandler                        0x10001104   Section        0  isr.o(i.PWM3_IRQHandler)
    i.PendSV_Handler                         0x10001108   Section        0  isr.o(i.PendSV_Handler)
    i.SPI0_IRQHandler                        0x10001124   Section        0  isr.o(i.SPI0_IRQHandler)
    i.SPI1_IRQHandler                        0x10001126   Section        0  isr.o(i.SPI1_IRQHandler)
    i.SVC_Handler                            0x10001128   Section        0  isr.o(i.SVC_Handler)
    i.SysTick_Handler                        0x10001144   Section        0  isr.o(i.SysTick_Handler)
    i.SystemInit                             0x10001164   Section        0  system_spc1169.o(i.SystemInit)
    i.TIMER0_IRQHandler                      0x10001194   Section        0  isr.o(i.TIMER0_IRQHandler)
    i.TIMER1_IRQHandler                      0x10001196   Section        0  isr.o(i.TIMER1_IRQHandler)
    i.TIMER2_IRQHandler                      0x10001198   Section        0  isr.o(i.TIMER2_IRQHandler)
    i.UART0_IRQHandler                       0x1000119a   Section        0  isr.o(i.UART0_IRQHandler)
    i.UART1_IRQHandler                       0x1000119c   Section        0  isr.o(i.UART1_IRQHandler)
    i.UART_Init                              0x1000119e   Section        0  uart.o(i.UART_Init)
    i.UART_InitSpeed                         0x100011b4   Section        0  uart.o(i.UART_InitSpeed)
    i.UsageFault_Handler                     0x100011f8   Section        0  isr.o(i.UsageFault_Handler)
    i.WDT1_IRQHandler                        0x10001218   Section        0  isr.o(i.WDT1_IRQHandler)
    i._sys_exit                              0x1000121a   Section        0  retarget.o(i._sys_exit)
    i.ferror                                 0x1000121e   Section        0  retarget.o(i.ferror)
    i.fputc                                  0x10001228   Section        0  retarget.o(i.fputc)
    i.main                                   0x10001260   Section        0  main.o(i.main)
    x$fpl$fpinit                             0x100014f0   Section       10  fpinit.o(x$fpl$fpinit)
    $v0                                      0x100014f0   Number         0  fpinit.o(x$fpl$fpinit)
    .constdata                               0x100014fa   Section       40  _printf_hex_int.o(.constdata)
    uc_hextab                                0x100014fa   Data          20  _printf_hex_int.o(.constdata)
    lc_hextab                                0x1000150e   Data          20  _printf_hex_int.o(.constdata)
    .data                                    0x1fffc000   Section        4  main.o(.data)
    .data                                    0x1fffc004   Section        4  hwlib.o(.data)
    .data                                    0x1fffc008   Section       28  system_spc1169.o(.data)
    .data                                    0x1fffc024   Section        8  delay.o(.data)
    .data                                    0x1fffc02c   Section       12  retarget.o(.data)
    .bss                                     0x1fffc038   Section     3092  main.o(.bss)
    .bss                                     0x1fffcc4c   Section      228  rand.o(.bss)
    .bss                                     0x1fffcd30   Section       96  libspace.o(.bss)
    HEAP                                     0x1fffcd90   Section     1024  startup_spc1169.o(HEAP)
    Heap_Mem                                 0x1fffcd90   Data        1024  startup_spc1169.o(HEAP)
    STACK                                    0x1fffd190   Section     1024  startup_spc1169.o(STACK)
    Stack_Mem                                0x1fffd190   Data        1024  startup_spc1169.o(STACK)
    __initial_sp                             0x1fffd590   Data           0  startup_spc1169.o(STACK)

    Global Symbols

    Symbol Name                              Value     Ov Type        Size  Object(Section)

    BuildAttributes$$THM_ISAv4$E$P$D$K$B$S$7EM$VFPi3$EXTD16$VFPS$VFMA$PE$A:L22UL41UL21$X:L11$S22US41US21$IEEE1$IW$USESV6$~STKCKD$USESV7$~SHL$OSPACE$ROPI$EBA8$UX$STANDARDLIB$REQ8$PRES8$EABIv2 0x00000000   Number         0  anon$$obj.o ABSOLUTE
    __ARM_use_no_argv                        0x00000000   Number         0  main.o ABSOLUTE
    __ARM_exceptions_init                     - Undefined Weak Reference
    __alloca_initialize                       - Undefined Weak Reference
    __arm_preinit_                            - Undefined Weak Reference
    __cpp_initialize__aeabi_                  - Undefined Weak Reference
    __cxa_finalize                            - Undefined Weak Reference
    __rt_locale                               - Undefined Weak Reference
    __sigvec_lookup                           - Undefined Weak Reference
    _atexit_init                              - Undefined Weak Reference
    _call_atexit_fns                          - Undefined Weak Reference
    _clock_init                               - Undefined Weak Reference
    _fp_trap_init                             - Undefined Weak Reference
    _fp_trap_shutdown                         - Undefined Weak Reference
    _get_lc_collate                           - Undefined Weak Reference
    _get_lc_ctype                             - Undefined Weak Reference
    _get_lc_monetary                          - Undefined Weak Reference
    _get_lc_numeric                           - Undefined Weak Reference
    _get_lc_time                              - Undefined Weak Reference
    _getenv_init                              - Undefined Weak Reference
    _handle_redirection                       - Undefined Weak Reference
    _init_alloc                               - Undefined Weak Reference
    _init_user_alloc                          - Undefined Weak Reference
    _initio                                   - Undefined Weak Reference
    _printf_post_padding                      - Undefined Weak Reference
    _printf_pre_padding                       - Undefined Weak Reference
    _printf_truncate_signed                   - Undefined Weak Reference
    _printf_truncate_unsigned                 - Undefined Weak Reference
    _signal_finish                            - Undefined Weak Reference
    _signal_init                              - Undefined Weak Reference
    _terminate_alloc                          - Undefined Weak Reference
    _terminate_user_alloc                     - Undefined Weak Reference
    _terminateio                              - Undefined Weak Reference
    __Vectors_Size                           0x00000118   Number         0  startup_spc1169.o ABSOLUTE
    __Vectors                                0x10000000   Data           4  startup_spc1169.o(RESET)
    __Vectors_End                            0x10000118   Data           0  startup_spc1169.o(RESET)
    __main                                   0x10000119   Thumb Code     8  __main.o(!!!main)
    __scatterload                            0x10000121   Thumb Code     0  __scatter.o(!!!scatter)
    __scatterload_rt2                        0x10000121   Thumb Code    44  __scatter.o(!!!scatter)
    __scatterload_rt2_thumb_only             0x10000121   Thumb Code     0  __scatter.o(!!!scatter)
    __scatterload_null                       0x1000012f   Thumb Code     0  __scatter.o(!!!scatter)
    __scatterload_copy                       0x10000155   Thumb Code    26  __scatter_copy.o(!!handler_copy)
    __scatterload_zeroinit                   0x10000171   Thumb Code    28  __scatter_zi.o(!!handler_zi)
    _printf_d                                0x1000018d   Thumb Code     0  _printf_d.o(.ARM.Collect$$_printf_percent$$00000009)
    _printf_percent                          0x1000018d   Thumb Code     0  _printf_percent.o(.ARM.Collect$$_printf_percent$$00000000)
    _printf_x                                0x10000193   Thumb Code     0  _printf_x.o(.ARM.Collect$$_printf_percent$$0000000C)
    _printf_percent_end                      0x10000199   Thumb Code     0  _printf_percent_end.o(.ARM.Collect$$_printf_percent$$00000017)
    __rt_lib_init                            0x1000019d   Thumb Code     0  libinit.o(.ARM.Collect$$libinit$$00000000)
    __rt_lib_init_fp_1                       0x1000019f   Thumb Code     0  libinit2.o(.ARM.Collect$$libinit$$00000001)
    __rt_lib_init_heap_1                     0x100001a3   Thumb Code     0  libinit2.o(.ARM.Collect$$libinit$$0000000A)
    __rt_lib_init_preinit_1                  0x100001a3   Thumb Code     0  libinit2.o(.ARM.Collect$$libinit$$00000004)
    __rt_lib_init_rand_2                     0x100001a3   Thumb Code     0  libinit2.o(.ARM.Collect$$libinit$$0000000D)
    __rt_lib_init_user_alloc_1               0x100001a3   Thumb Code     0  libinit2.o(.ARM.Collect$$libinit$$0000000C)
    __rt_lib_init_alloca_1                   0x100001a7   Thumb Code     0  libinit2.o(.ARM.Collect$$libinit$$0000002E)
    __rt_lib_init_argv_1                     0x100001a7   Thumb Code     0  libinit2.o(.ARM.Collect$$libinit$$0000002C)
    __rt_lib_init_atexit_1                   0x100001a7   Thumb Code     0  libinit2.o(.ARM.Collect$$libinit$$0000001B)
    __rt_lib_init_clock_1                    0x100001a7   Thumb Code     0  libinit2.o(.ARM.Collect$$libinit$$00000021)
    __rt_lib_init_cpp_1                      0x100001a7   Thumb Code     0  libinit2.o(.ARM.Collect$$libinit$$00000032)
    __rt_lib_init_exceptions_1               0x100001a7   Thumb Code     0  libinit2.o(.ARM.Collect$$libinit$$00000030)
    __rt_lib_init_fp_trap_1                  0x100001a7   Thumb Code     0  libinit2.o(.ARM.Collect$$libinit$$0000001F)
    __rt_lib_init_getenv_1                   0x100001a7   Thumb Code     0  libinit2.o(.ARM.Collect$$libinit$$00000023)
    __rt_lib_init_lc_collate_1               0x100001a7   Thumb Code     0  libinit2.o(.ARM.Collect$$libinit$$00000011)
    __rt_lib_init_lc_ctype_1                 0x100001a7   Thumb Code     0  libinit2.o(.ARM.Collect$$libinit$$00000013)
    __rt_lib_init_lc_monetary_1              0x100001a7   Thumb Code     0  libinit2.o(.ARM.Collect$$libinit$$00000015)
    __rt_lib_init_lc_numeric_1               0x100001a7   Thumb Code     0  libinit2.o(.ARM.Collect$$libinit$$00000017)
    __rt_lib_init_lc_time_1                  0x100001a7   Thumb Code     0  libinit2.o(.ARM.Collect$$libinit$$00000019)
    __rt_lib_init_rand_1                     0x100001a7   Thumb Code     0  libinit2.o(.ARM.Collect$$libinit$$0000000E)
    __rt_lib_init_return                     0x100001a7   Thumb Code     0  libinit2.o(.ARM.Collect$$libinit$$00000033)
    __rt_lib_init_signal_1                   0x100001a7   Thumb Code     0  libinit2.o(.ARM.Collect$$libinit$$0000001D)
    __rt_lib_init_stdio_1                    0x100001a7   Thumb Code     0  libinit2.o(.ARM.Collect$$libinit$$00000025)
    __rt_lib_shutdown                        0x100001a9   Thumb Code     0  libshutdown.o(.ARM.Collect$$libshutdown$$00000000)
    __rt_lib_shutdown_cpp_1                  0x100001ab   Thumb Code     0  libshutdown2.o(.ARM.Collect$$libshutdown$$00000002)
    __rt_lib_shutdown_fp_trap_1              0x100001ab   Thumb Code     0  libshutdown2.o(.ARM.Collect$$libshutdown$$00000007)
    __rt_lib_shutdown_heap_1                 0x100001ab   Thumb Code     0  libshutdown2.o(.ARM.Collect$$libshutdown$$0000000F)
    __rt_lib_shutdown_return                 0x100001ab   Thumb Code     0  libshutdown2.o(.ARM.Collect$$libshutdown$$00000010)
    __rt_lib_shutdown_signal_1               0x100001ab   Thumb Code     0  libshutdown2.o(.ARM.Collect$$libshutdown$$0000000A)
    __rt_lib_shutdown_stdio_1                0x100001ab   Thumb Code     0  libshutdown2.o(.ARM.Collect$$libshutdown$$00000004)
    __rt_lib_shutdown_user_alloc_1           0x100001ab   Thumb Code     0  libshutdown2.o(.ARM.Collect$$libshutdown$$0000000C)
    __rt_entry                               0x100001ad   Thumb Code     0  __rtentry.o(.ARM.Collect$$rtentry$$00000000)
    __rt_entry_presh_1                       0x100001ad   Thumb Code     0  __rtentry2.o(.ARM.Collect$$rtentry$$00000002)
    __rt_entry_sh                            0x100001ad   Thumb Code     0  __rtentry4.o(.ARM.Collect$$rtentry$$00000004)
    __rt_entry_li                            0x100001b3   Thumb Code     0  __rtentry2.o(.ARM.Collect$$rtentry$$0000000A)
    __rt_entry_postsh_1                      0x100001b3   Thumb Code     0  __rtentry2.o(.ARM.Collect$$rtentry$$00000009)
    __rt_entry_main                          0x100001b7   Thumb Code     0  __rtentry2.o(.ARM.Collect$$rtentry$$0000000D)
    __rt_entry_postli_1                      0x100001b7   Thumb Code     0  __rtentry2.o(.ARM.Collect$$rtentry$$0000000C)
    __rt_exit                                0x100001bf   Thumb Code     0  rtexit.o(.ARM.Collect$$rtexit$$00000000)
    __rt_exit_ls                             0x100001c1   Thumb Code     0  rtexit2.o(.ARM.Collect$$rtexit$$00000003)
    __rt_exit_prels_1                        0x100001c1   Thumb Code     0  rtexit2.o(.ARM.Collect$$rtexit$$00000002)
    __rt_exit_exit                           0x100001c5   Thumb Code     0  rtexit2.o(.ARM.Collect$$rtexit$$00000004)
    rand                                     0x100001cd   Thumb Code    48  rand.o(.emb_text)
    Reset_Handler                            0x10000201   Thumb Code    22  startup_spc1169.o(.text)
    __user_initial_stackheap                 0x1000022d   Thumb Code    10  startup_spc1169.o(.text)
    __aeabi_uldivmod                         0x1000025d   Thumb Code     0  lludivv7m.o(.text)
    _ll_udiv                                 0x1000025d   Thumb Code   238  lludivv7m.o(.text)
    __2printf                                0x1000034d   Thumb Code    20  noretval__2printf.o(.text)
    __printf                                 0x10000365   Thumb Code   104  __printf.o(.text)
    _printf_int_dec                          0x100003cd   Thumb Code   104  _printf_dec.o(.text)
    _printf_int_hex                          0x10000445   Thumb Code    84  _printf_hex_int.o(.text)
    _printf_longlong_hex                     0x10000445   Thumb Code     0  _printf_hex_int.o(.text)
    srand                                    0x1000049d   Thumb Code    42  rand.o(.text)
    _rand_init                               0x100004c7   Thumb Code     4  rand.o(.text)
    __use_two_region_memory                  0x100004d9   Thumb Code     2  heapauxi.o(.text)
    __rt_heap_escrow$2region                 0x100004db   Thumb Code     2  heapauxi.o(.text)
    __rt_heap_expand$2region                 0x100004dd   Thumb Code     2  heapauxi.o(.text)
    _printf_int_common                       0x100004df   Thumb Code   178  _printf_intcommon.o(.text)
    _printf_char_file                        0x10000591   Thumb Code    32  _printf_char_file.o(.text)
    _printf_char_common                      0x100005bf   Thumb Code    32  _printf_char_common.o(.text)
    __user_setup_stackheap                   0x100005e5   Thumb Code    74  sys_stackheap_outer.o(.text)
    exit                                     0x1000062f   Thumb Code    18  exit.o(.text)
    __user_libspace                          0x10000641   Thumb Code     8  libspace.o(.text)
    __user_perproc_libspace                  0x10000641   Thumb Code     0  libspace.o(.text)
    __user_perthread_libspace                0x10000641   Thumb Code     0  libspace.o(.text)
    MEEPROM_CheckElementParity               0x10000649   Thumb Code    28  meeprom_lib.o(RAMCODE)
    MEEPROM_CreateMap                        0x10000665   Thumb Code   114  meeprom_lib.o(RAMCODE)
    MEEPROM_ErasePage                        0x100006d7   Thumb Code    48  meeprom_lib.o(RAMCODE)
    MEEPROM_GetValidElementNum               0x10000707   Thumb Code    44  meeprom_lib.o(RAMCODE)
    MEEPROM_GetPageState                     0x10000733   Thumb Code    22  meeprom_lib.o(RAMCODE)
    MEEPROM_SetPageState                     0x10000749   Thumb Code    42  meeprom_lib.o(RAMCODE)
    MEEPROM_CalElementParity                 0x10000773   Thumb Code    14  meeprom_lib.o(RAMCODE)
    MEEPROM_FindPage                         0x10000781   Thumb Code    38  meeprom_lib.o(RAMCODE)
    MEEPROM_VerifyPageFullWrite              0x100007a7   Thumb Code   192  meeprom_lib.o(RAMCODE)
    MEEPROM_CheckCB                          0x10000867   Thumb Code    70  meeprom_lib.o(RAMCODE)
    MEEPROM_ReadWord                         0x100008ad   Thumb Code   132  meeprom_lib.o(RAMCODE)
    MEEPROM_VerifyTransferPage               0x10000931   Thumb Code   148  meeprom_lib.o(RAMCODE)
    MEEPROM_VerifyErasePage                  0x100009c5   Thumb Code    58  meeprom_lib.o(RAMCODE)
    MEEPROM_Init                             0x100009ff   Thumb Code   256  meeprom_lib.o(RAMCODE)
    MEEPROM_Format                           0x10000aff   Thumb Code   206  meeprom_lib.o(RAMCODE)
    MEEPROM_TransferPage                     0x10000bcd   Thumb Code   192  meeprom_lib.o(RAMCODE)
    MEEPROM_WriteWord                        0x10000c8d   Thumb Code    48  meeprom_lib.o(RAMCODE)
    ADCCH0_IRQHandler                        0x10000cc1   Thumb Code     2  isr.o(i.ADCCH0_IRQHandler)
    ADCCH10_IRQHandler                       0x10000cc3   Thumb Code     2  isr.o(i.ADCCH10_IRQHandler)
    ADCCH11_IRQHandler                       0x10000cc5   Thumb Code     2  isr.o(i.ADCCH11_IRQHandler)
    ADCCH12_IRQHandler                       0x10000cc7   Thumb Code     2  isr.o(i.ADCCH12_IRQHandler)
    ADCCH13_IRQHandler                       0x10000cc9   Thumb Code     2  isr.o(i.ADCCH13_IRQHandler)
    ADCCH14_IRQHandler                       0x10000ccb   Thumb Code     2  isr.o(i.ADCCH14_IRQHandler)
    ADCCH15_IRQHandler                       0x10000ccd   Thumb Code     2  isr.o(i.ADCCH15_IRQHandler)
    ADCCH1_IRQHandler                        0x10000ccf   Thumb Code     2  isr.o(i.ADCCH1_IRQHandler)
    ADCCH2_IRQHandler                        0x10000cd1   Thumb Code     2  isr.o(i.ADCCH2_IRQHandler)
    ADCCH3_IRQHandler                        0x10000cd3   Thumb Code     2  isr.o(i.ADCCH3_IRQHandler)
    ADCCH4_IRQHandler                        0x10000cd5   Thumb Code     2  isr.o(i.ADCCH4_IRQHandler)
    ADCCH5_IRQHandler                        0x10000cd7   Thumb Code     2  isr.o(i.ADCCH5_IRQHandler)
    ADCCH6_IRQHandler                        0x10000cd9   Thumb Code     2  isr.o(i.ADCCH6_IRQHandler)
    ADCCH7_IRQHandler                        0x10000cdb   Thumb Code     2  isr.o(i.ADCCH7_IRQHandler)
    ADCCH8_IRQHandler                        0x10000cdd   Thumb Code     2  isr.o(i.ADCCH8_IRQHandler)
    ADCCH9_IRQHandler                        0x10000cdf   Thumb Code     2  isr.o(i.ADCCH9_IRQHandler)
    ADCPPU0_IRQHandler                       0x10000ce1   Thumb Code     2  isr.o(i.ADCPPU0_IRQHandler)
    ADCPPU1_IRQHandler                       0x10000ce3   Thumb Code     2  isr.o(i.ADCPPU1_IRQHandler)
    ADCPPU2_IRQHandler                       0x10000ce5   Thumb Code     2  isr.o(i.ADCPPU2_IRQHandler)
    BusFault_Handler                         0x10000ce9   Thumb Code    10  isr.o(i.BusFault_Handler)
    CANMISC_IRQHandler                       0x10000d09   Thumb Code     2  isr.o(i.CANMISC_IRQHandler)
    CANTRG0_IRQHandler                       0x10000d0b   Thumb Code     2  isr.o(i.CANTRG0_IRQHandler)
    CANTRG1_IRQHandler                       0x10000d0d   Thumb Code     2  isr.o(i.CANTRG1_IRQHandler)
    CANTRG2_IRQHandler                       0x10000d0f   Thumb Code     2  isr.o(i.CANTRG2_IRQHandler)
    CANTRG3_IRQHandler                       0x10000d11   Thumb Code     2  isr.o(i.CANTRG3_IRQHandler)
    CANTRG4_IRQHandler                       0x10000d13   Thumb Code     2  isr.o(i.CANTRG4_IRQHandler)
    CANTRG5_IRQHandler                       0x10000d15   Thumb Code     2  isr.o(i.CANTRG5_IRQHandler)
    CANTRG6_IRQHandler                       0x10000d17   Thumb Code     2  isr.o(i.CANTRG6_IRQHandler)
    CANTRG7_IRQHandler                       0x10000d19   Thumb Code     2  isr.o(i.CANTRG7_IRQHandler)
    CLOCK_ConfigurePLL                       0x10000d1d   Thumb Code   344  clock.o(i.CLOCK_ConfigurePLL)
    CLOCK_GetModuleClock                     0x10000eb5   Thumb Code   152  clock.o(i.CLOCK_GetModuleClock)
    CLOCK_InitWithRCO                        0x10000f55   Thumb Code   188  clock.o(i.CLOCK_InitWithRCO)
    CRC_IRQHandler                           0x10001029   Thumb Code     2  isr.o(i.CRC_IRQHandler)
    DMAC_IRQHandler                          0x1000102b   Thumb Code     2  isr.o(i.DMAC_IRQHandler)
    DebugMon_Handler                         0x1000102d   Thumb Code    10  isr.o(i.DebugMon_Handler)
    Delay_Init                               0x1000104d   Thumb Code    44  delay.o(i.Delay_Init)
    ECAP_IRQHandler                          0x10001089   Thumb Code     2  isr.o(i.ECAP_IRQHandler)
    EPWRTZ0_IRQHandler                       0x1000108b   Thumb Code     2  isr.o(i.EPWRTZ0_IRQHandler)
    EPWRTZ1_IRQHandler                       0x1000108d   Thumb Code     2  isr.o(i.EPWRTZ1_IRQHandler)
    GPIO_EDGE_IRQHandler                     0x1000108f   Thumb Code     2  isr.o(i.GPIO_EDGE_IRQHandler)
    GPIO_LEVEL_IRQHandler                    0x10001091   Thumb Code     2  isr.o(i.GPIO_LEVEL_IRQHandler)
    HardFault_Handler                        0x10001095   Thumb Code    10  isr.o(i.HardFault_Handler)
    I2C_IRQHandler                           0x100010b5   Thumb Code     2  isr.o(i.I2C_IRQHandler)
    MEM_IRQHandler                           0x100010b7   Thumb Code     2  isr.o(i.MEM_IRQHandler)
    MemManage_Handler                        0x100010b9   Thumb Code    10  isr.o(i.MemManage_Handler)
    NMI_Handler                              0x100010d9   Thumb Code    10  isr.o(i.NMI_Handler)
    PHCOMP_IRQHandler                        0x100010f5   Thumb Code     2  isr.o(i.PHCOMP_IRQHandler)
    PWM0TZ_IRQHandler                        0x100010f7   Thumb Code     2  isr.o(i.PWM0TZ_IRQHandler)
    PWM0_IRQHandler                          0x100010f9   Thumb Code     2  isr.o(i.PWM0_IRQHandler)
    PWM1TZ_IRQHandler                        0x100010fb   Thumb Code     2  isr.o(i.PWM1TZ_IRQHandler)
    PWM1_IRQHandler                          0x100010fd   Thumb Code     2  isr.o(i.PWM1_IRQHandler)
    PWM2TZ_IRQHandler                        0x100010ff   Thumb Code     2  isr.o(i.PWM2TZ_IRQHandler)
    PWM2_IRQHandler                          0x10001101   Thumb Code     2  isr.o(i.PWM2_IRQHandler)
    PWM3TZ_IRQHandler                        0x10001103   Thumb Code     2  isr.o(i.PWM3TZ_IRQHandler)
    PWM3_IRQHandler                          0x10001105   Thumb Code     2  isr.o(i.PWM3_IRQHandler)
    PendSV_Handler                           0x10001109   Thumb Code    10  isr.o(i.PendSV_Handler)
    SPI0_IRQHandler                          0x10001125   Thumb Code     2  isr.o(i.SPI0_IRQHandler)
    SPI1_IRQHandler                          0x10001127   Thumb Code     2  isr.o(i.SPI1_IRQHandler)
    SVC_Handler                              0x10001129   Thumb Code    10  isr.o(i.SVC_Handler)
    SysTick_Handler                          0x10001145   Thumb Code    10  isr.o(i.SysTick_Handler)
    SystemInit                               0x10001165   Thumb Code    38  system_spc1169.o(i.SystemInit)
    TIMER0_IRQHandler                        0x10001195   Thumb Code     2  isr.o(i.TIMER0_IRQHandler)
    TIMER1_IRQHandler                        0x10001197   Thumb Code     2  isr.o(i.TIMER1_IRQHandler)
    TIMER2_IRQHandler                        0x10001199   Thumb Code     2  isr.o(i.TIMER2_IRQHandler)
    UART0_IRQHandler                         0x1000119b   Thumb Code     2  isr.o(i.UART0_IRQHandler)
    UART1_IRQHandler                         0x1000119d   Thumb Code     2  isr.o(i.UART1_IRQHandler)
    UART_Init                                0x1000119f   Thumb Code    22  uart.o(i.UART_Init)
    UART_InitSpeed                           0x100011b5   Thumb Code    58  uart.o(i.UART_InitSpeed)
    UsageFault_Handler                       0x100011f9   Thumb Code    10  isr.o(i.UsageFault_Handler)
    WDT1_IRQHandler                          0x10001219   Thumb Code     2  isr.o(i.WDT1_IRQHandler)
    _sys_exit                                0x1000121b   Thumb Code     4  retarget.o(i._sys_exit)
    ferror                                   0x1000121f   Thumb Code     8  retarget.o(i.ferror)
    fputc                                    0x10001229   Thumb Code    50  retarget.o(i.fputc)
    main                                     0x10001261   Thumb Code   382  main.o(i.main)
    _fp_init                                 0x100014f1   Thumb Code    10  fpinit.o(x$fpl$fpinit)
    __fplib_config_fpu_vfp                   0x100014f9   Thumb Code     0  fpinit.o(x$fpl$fpinit)
    __fplib_config_pureend_doubles           0x100014f9   Thumb Code     0  fpinit.o(x$fpl$fpinit)
    Region$$Table$$Base                      0x10001524   Number         0  anon$$obj.o(Region$$Table)
    Region$$Table$$Limit                     0x10001544   Number         0  anon$$obj.o(Region$$Table)
    status                                   0x1fffc000   Data           4  main.o(.data)
    pHWLIB                                   0x1fffc004   Data           4  hwlib.o(.data)
    SysInfo                                  0x1fffc008   Data          28  system_spc1169.o(.data)
    u32DelayLoopPerUs                        0x1fffc024   Data           4  delay.o(.data)
    u32DelayClockPerUs                       0x1fffc028   Data           4  delay.o(.data)
    __stdout                                 0x1fffc02c   Data           4  retarget.o(.data)
    __stdin                                  0x1fffc030   Data           4  retarget.o(.data)
    __stderr                                 0x1fffc034   Data           4  retarget.o(.data)
    WriteBuf                                 0x1fffc038   Data        1024  main.o(.bss)
    ReadBuf                                  0x1fffc438   Data        1024  main.o(.bss)
    MeepromCtrlInfo                          0x1fffc838   Data          20  main.o(.bss)
    gau32MeepromEntryTable                   0x1fffc84c   Data        1024  main.o(.bss)
    _random_number_data                      0x1fffcc4c   Data         228  rand.o(.bss)
    __libspace_start                         0x1fffcd30   Data          96  libspace.o(.bss)
    __temporary_stack_top$libspace           0x1fffcd90   Data           0  libspace.o(.bss)



==============================================================================

Memory Map of the image

  Image Entry point : 0x10000119

  Load Region LR_IROM1 (Base: 0x10000000, Size: 0x0000157c, Max: 0x0000d000, ABSOLUTE)

    Execution Region ER_IROM1 (Exec base: 0x10000000, Load base: 0x10000000, Size: 0x00001544, Max: 0x0000d000, ABSOLUTE)

    Exec Addr    Load Addr    Size         Type   Attr      Idx    E Section Name        Object

    0x10000000   0x10000000   0x00000118   Data   RO         1759    RESET               startup_spc1169.o
    0x10000118   0x10000118   0x00000008   Code   RO         1957  * !!!main             c_w.l(__main.o)
    0x10000120   0x10000120   0x00000034   Code   RO         2148    !!!scatter          c_w.l(__scatter.o)
    0x10000154   0x10000154   0x0000001a   Code   RO         2150    !!handler_copy      c_w.l(__scatter_copy.o)
    0x1000016e   0x1000016e   0x00000002   PAD
    0x10000170   0x10000170   0x0000001c   Code   RO         2152    !!handler_zi        c_w.l(__scatter_zi.o)
    0x1000018c   0x1000018c   0x00000000   Code   RO         1949    .ARM.Collect$$_printf_percent$$00000000  c_w.l(_printf_percent.o)
    0x1000018c   0x1000018c   0x00000006   Code   RO         1948    .ARM.Collect$$_printf_percent$$00000009  c_w.l(_printf_d.o)
    0x10000192   0x10000192   0x00000006   Code   RO         1947    .ARM.Collect$$_printf_percent$$0000000C  c_w.l(_printf_x.o)
    0x10000198   0x10000198   0x00000004   Code   RO         1980    .ARM.Collect$$_printf_percent$$00000017  c_w.l(_printf_percent_end.o)
    0x1000019c   0x1000019c   0x00000002   Code   RO         2075    .ARM.Collect$$libinit$$00000000  c_w.l(libinit.o)
    0x1000019e   0x1000019e   0x00000004   Code   RO         1981    .ARM.Collect$$libinit$$00000001  c_w.l(libinit2.o)
    0x100001a2   0x100001a2   0x00000000   Code   RO         1984    .ARM.Collect$$libinit$$00000004  c_w.l(libinit2.o)
    0x100001a2   0x100001a2   0x00000000   Code   RO         1987    .ARM.Collect$$libinit$$0000000A  c_w.l(libinit2.o)
    0x100001a2   0x100001a2   0x00000000   Code   RO         1989    .ARM.Collect$$libinit$$0000000C  c_w.l(libinit2.o)
    0x100001a2   0x100001a2   0x00000004   Code   RO         1990    .ARM.Collect$$libinit$$0000000D  c_w.l(libinit2.o)
    0x100001a6   0x100001a6   0x00000000   Code   RO         1991    .ARM.Collect$$libinit$$0000000E  c_w.l(libinit2.o)
    0x100001a6   0x100001a6   0x00000000   Code   RO         1994    .ARM.Collect$$libinit$$00000011  c_w.l(libinit2.o)
    0x100001a6   0x100001a6   0x00000000   Code   RO         1996    .ARM.Collect$$libinit$$00000013  c_w.l(libinit2.o)
    0x100001a6   0x100001a6   0x00000000   Code   RO         1998    .ARM.Collect$$libinit$$00000015  c_w.l(libinit2.o)
    0x100001a6   0x100001a6   0x00000000   Code   RO         2000    .ARM.Collect$$libinit$$00000017  c_w.l(libinit2.o)
    0x100001a6   0x100001a6   0x00000000   Code   RO         2002    .ARM.Collect$$libinit$$00000019  c_w.l(libinit2.o)
    0x100001a6   0x100001a6   0x00000000   Code   RO         2004    .ARM.Collect$$libinit$$0000001B  c_w.l(libinit2.o)
    0x100001a6   0x100001a6   0x00000000   Code   RO         2006    .ARM.Collect$$libinit$$0000001D  c_w.l(libinit2.o)
    0x100001a6   0x100001a6   0x00000000   Code   RO         2008    .ARM.Collect$$libinit$$0000001F  c_w.l(libinit2.o)
    0x100001a6   0x100001a6   0x00000000   Code   RO         2010    .ARM.Collect$$libinit$$00000021  c_w.l(libinit2.o)
    0x100001a6   0x100001a6   0x00000000   Code   RO         2012    .ARM.Collect$$libinit$$00000023  c_w.l(libinit2.o)
    0x100001a6   0x100001a6   0x00000000   Code   RO         2014    .ARM.Collect$$libinit$$00000025  c_w.l(libinit2.o)
    0x100001a6   0x100001a6   0x00000000   Code   RO         2018    .ARM.Collect$$libinit$$0000002C  c_w.l(libinit2.o)
    0x100001a6   0x100001a6   0x00000000   Code   RO         2020    .ARM.Collect$$libinit$$0000002E  c_w.l(libinit2.o)
    0x100001a6   0x100001a6   0x00000000   Code   RO         2022    .ARM.Collect$$libinit$$00000030  c_w.l(libinit2.o)
    0x100001a6   0x100001a6   0x00000000   Code   RO         2024    .ARM.Collect$$libinit$$00000032  c_w.l(libinit2.o)
    0x100001a6   0x100001a6   0x00000002   Code   RO         2025    .ARM.Collect$$libinit$$00000033  c_w.l(libinit2.o)
    0x100001a8   0x100001a8   0x00000002   Code   RO         2115    .ARM.Collect$$libshutdown$$00000000  c_w.l(libshutdown.o)
    0x100001aa   0x100001aa   0x00000000   Code   RO         2131    .ARM.Collect$$libshutdown$$00000002  c_w.l(libshutdown2.o)
    0x100001aa   0x100001aa   0x00000000   Code   RO         2133    .ARM.Collect$$libshutdown$$00000004  c_w.l(libshutdown2.o)
    0x100001aa   0x100001aa   0x00000000   Code   RO         2136    .ARM.Collect$$libshutdown$$00000007  c_w.l(libshutdown2.o)
    0x100001aa   0x100001aa   0x00000000   Code   RO         2139    .ARM.Collect$$libshutdown$$0000000A  c_w.l(libshutdown2.o)
    0x100001aa   0x100001aa   0x00000000   Code   RO         2141    .ARM.Collect$$libshutdown$$0000000C  c_w.l(libshutdown2.o)
    0x100001aa   0x100001aa   0x00000000   Code   RO         2144    .ARM.Collect$$libshutdown$$0000000F  c_w.l(libshutdown2.o)
    0x100001aa   0x100001aa   0x00000002   Code   RO         2145    .ARM.Collect$$libshutdown$$00000010  c_w.l(libshutdown2.o)
    0x100001ac   0x100001ac   0x00000000   Code   RO         1971    .ARM.Collect$$rtentry$$00000000  c_w.l(__rtentry.o)
    0x100001ac   0x100001ac   0x00000000   Code   RO         2034    .ARM.Collect$$rtentry$$00000002  c_w.l(__rtentry2.o)
    0x100001ac   0x100001ac   0x00000006   Code   RO         2046    .ARM.Collect$$rtentry$$00000004  c_w.l(__rtentry4.o)
    0x100001b2   0x100001b2   0x00000000   Code   RO         2036    .ARM.Collect$$rtentry$$00000009  c_w.l(__rtentry2.o)
    0x100001b2   0x100001b2   0x00000004   Code   RO         2037    .ARM.Collect$$rtentry$$0000000A  c_w.l(__rtentry2.o)
    0x100001b6   0x100001b6   0x00000000   Code   RO         2039    .ARM.Collect$$rtentry$$0000000C  c_w.l(__rtentry2.o)
    0x100001b6   0x100001b6   0x00000008   Code   RO         2040    .ARM.Collect$$rtentry$$0000000D  c_w.l(__rtentry2.o)
    0x100001be   0x100001be   0x00000002   Code   RO         2081    .ARM.Collect$$rtexit$$00000000  c_w.l(rtexit.o)
    0x100001c0   0x100001c0   0x00000000   Code   RO         2099    .ARM.Collect$$rtexit$$00000002  c_w.l(rtexit2.o)
    0x100001c0   0x100001c0   0x00000004   Code   RO         2100    .ARM.Collect$$rtexit$$00000003  c_w.l(rtexit2.o)
    0x100001c4   0x100001c4   0x00000006   Code   RO         2101    .ARM.Collect$$rtexit$$00000004  c_w.l(rtexit2.o)
    0x100001ca   0x100001ca   0x00000002   PAD
    0x100001cc   0x100001cc   0x00000034   Code   RO         1950    .emb_text           c_w.l(rand.o)
    0x10000200   0x10000200   0x0000005c   Code   RO         1760    .text               startup_spc1169.o
    0x1000025c   0x1000025c   0x000000ee   Code   RO         1896    .text               c_w.l(lludivv7m.o)
    0x1000034a   0x1000034a   0x00000002   PAD
    0x1000034c   0x1000034c   0x00000018   Code   RO         1900    .text               c_w.l(noretval__2printf.o)
    0x10000364   0x10000364   0x00000068   Code   RO         1902    .text               c_w.l(__printf.o)
    0x100003cc   0x100003cc   0x00000078   Code   RO         1904    .text               c_w.l(_printf_dec.o)
    0x10000444   0x10000444   0x00000058   Code   RO         1909    .text               c_w.l(_printf_hex_int.o)
    0x1000049c   0x1000049c   0x0000003c   Code   RO         1951    .text               c_w.l(rand.o)
    0x100004d8   0x100004d8   0x00000006   Code   RO         1955    .text               c_w.l(heapauxi.o)
    0x100004de   0x100004de   0x000000b2   Code   RO         1976    .text               c_w.l(_printf_intcommon.o)
    0x10000590   0x10000590   0x00000024   Code   RO         1978    .text               c_w.l(_printf_char_file.o)
    0x100005b4   0x100005b4   0x00000030   Code   RO         2050    .text               c_w.l(_printf_char_common.o)
    0x100005e4   0x100005e4   0x0000004a   Code   RO         2056    .text               c_w.l(sys_stackheap_outer.o)
    0x1000062e   0x1000062e   0x00000012   Code   RO         2060    .text               c_w.l(exit.o)
    0x10000640   0x10000640   0x00000008   Code   RO         2078    .text               c_w.l(libspace.o)
    0x10000648   0x10000648   0x00000678   Code   RO          636    RAMCODE             meeprom_lib.o
    0x10000cc0   0x10000cc0   0x00000002   Code   RO            4    i.ADCCH0_IRQHandler  isr.o
    0x10000cc2   0x10000cc2   0x00000002   Code   RO            5    i.ADCCH10_IRQHandler  isr.o
    0x10000cc4   0x10000cc4   0x00000002   Code   RO            6    i.ADCCH11_IRQHandler  isr.o
    0x10000cc6   0x10000cc6   0x00000002   Code   RO            7    i.ADCCH12_IRQHandler  isr.o
    0x10000cc8   0x10000cc8   0x00000002   Code   RO            8    i.ADCCH13_IRQHandler  isr.o
    0x10000cca   0x10000cca   0x00000002   Code   RO            9    i.ADCCH14_IRQHandler  isr.o
    0x10000ccc   0x10000ccc   0x00000002   Code   RO           10    i.ADCCH15_IRQHandler  isr.o
    0x10000cce   0x10000cce   0x00000002   Code   RO           11    i.ADCCH1_IRQHandler  isr.o
    0x10000cd0   0x10000cd0   0x00000002   Code   RO           12    i.ADCCH2_IRQHandler  isr.o
    0x10000cd2   0x10000cd2   0x00000002   Code   RO           13    i.ADCCH3_IRQHandler  isr.o
    0x10000cd4   0x10000cd4   0x00000002   Code   RO           14    i.ADCCH4_IRQHandler  isr.o
    0x10000cd6   0x10000cd6   0x00000002   Code   RO           15    i.ADCCH5_IRQHandler  isr.o
    0x10000cd8   0x10000cd8   0x00000002   Code   RO           16    i.ADCCH6_IRQHandler  isr.o
    0x10000cda   0x10000cda   0x00000002   Code   RO           17    i.ADCCH7_IRQHandler  isr.o
    0x10000cdc   0x10000cdc   0x00000002   Code   RO           18    i.ADCCH8_IRQHandler  isr.o
    0x10000cde   0x10000cde   0x00000002   Code   RO           19    i.ADCCH9_IRQHandler  isr.o
    0x10000ce0   0x10000ce0   0x00000002   Code   RO           20    i.ADCPPU0_IRQHandler  isr.o
    0x10000ce2   0x10000ce2   0x00000002   Code   RO           21    i.ADCPPU1_IRQHandler  isr.o
    0x10000ce4   0x10000ce4   0x00000002   Code   RO           22    i.ADCPPU2_IRQHandler  isr.o
    0x10000ce6   0x10000ce6   0x00000002   PAD
    0x10000ce8   0x10000ce8   0x00000020   Code   RO           23    i.BusFault_Handler  isr.o
    0x10000d08   0x10000d08   0x00000002   Code   RO           24    i.CANMISC_IRQHandler  isr.o
    0x10000d0a   0x10000d0a   0x00000002   Code   RO           25    i.CANTRG0_IRQHandler  isr.o
    0x10000d0c   0x10000d0c   0x00000002   Code   RO           26    i.CANTRG1_IRQHandler  isr.o
    0x10000d0e   0x10000d0e   0x00000002   Code   RO           27    i.CANTRG2_IRQHandler  isr.o
    0x10000d10   0x10000d10   0x00000002   Code   RO           28    i.CANTRG3_IRQHandler  isr.o
    0x10000d12   0x10000d12   0x00000002   Code   RO           29    i.CANTRG4_IRQHandler  isr.o
    0x10000d14   0x10000d14   0x00000002   Code   RO           30    i.CANTRG5_IRQHandler  isr.o
    0x10000d16   0x10000d16   0x00000002   Code   RO           31    i.CANTRG6_IRQHandler  isr.o
    0x10000d18   0x10000d18   0x00000002   Code   RO           32    i.CANTRG7_IRQHandler  isr.o
    0x10000d1a   0x10000d1a   0x00000002   PAD
    0x10000d1c   0x10000d1c   0x00000198   Code   RO          751    i.CLOCK_ConfigurePLL  clock.o
    0x10000eb4   0x10000eb4   0x000000a0   Code   RO          755    i.CLOCK_GetModuleClock  clock.o
    0x10000f54   0x10000f54   0x000000d4   Code   RO          757    i.CLOCK_InitWithRCO  clock.o
    0x10001028   0x10001028   0x00000002   Code   RO           33    i.CRC_IRQHandler    isr.o
    0x1000102a   0x1000102a   0x00000002   Code   RO           34    i.DMAC_IRQHandler   isr.o
    0x1000102c   0x1000102c   0x00000020   Code   RO           35    i.DebugMon_Handler  isr.o
    0x1000104c   0x1000104c   0x0000003c   Code   RO         1797    i.Delay_Init        delay.o
    0x10001088   0x10001088   0x00000002   Code   RO           36    i.ECAP_IRQHandler   isr.o
    0x1000108a   0x1000108a   0x00000002   Code   RO           37    i.EPWRTZ0_IRQHandler  isr.o
    0x1000108c   0x1000108c   0x00000002   Code   RO           38    i.EPWRTZ1_IRQHandler  isr.o
    0x1000108e   0x1000108e   0x00000002   Code   RO           39    i.GPIO_EDGE_IRQHandler  isr.o
    0x10001090   0x10001090   0x00000002   Code   RO           40    i.GPIO_LEVEL_IRQHandler  isr.o
    0x10001092   0x10001092   0x00000002   PAD
    0x10001094   0x10001094   0x00000020   Code   RO           41    i.HardFault_Handler  isr.o
    0x100010b4   0x100010b4   0x00000002   Code   RO           42    i.I2C_IRQHandler    isr.o
    0x100010b6   0x100010b6   0x00000002   Code   RO           43    i.MEM_IRQHandler    isr.o
    0x100010b8   0x100010b8   0x00000020   Code   RO           44    i.MemManage_Handler  isr.o
    0x100010d8   0x100010d8   0x0000001c   Code   RO           45    i.NMI_Handler       isr.o
    0x100010f4   0x100010f4   0x00000002   Code   RO           46    i.PHCOMP_IRQHandler  isr.o
    0x100010f6   0x100010f6   0x00000002   Code   RO           47    i.PWM0TZ_IRQHandler  isr.o
    0x100010f8   0x100010f8   0x00000002   Code   RO           48    i.PWM0_IRQHandler   isr.o
    0x100010fa   0x100010fa   0x00000002   Code   RO           49    i.PWM1TZ_IRQHandler  isr.o
    0x100010fc   0x100010fc   0x00000002   Code   RO           50    i.PWM1_IRQHandler   isr.o
    0x100010fe   0x100010fe   0x00000002   Code   RO           51    i.PWM2TZ_IRQHandler  isr.o
    0x10001100   0x10001100   0x00000002   Code   RO           52    i.PWM2_IRQHandler   isr.o
    0x10001102   0x10001102   0x00000002   Code   RO           53    i.PWM3TZ_IRQHandler  isr.o
    0x10001104   0x10001104   0x00000002   Code   RO           54    i.PWM3_IRQHandler   isr.o
    0x10001106   0x10001106   0x00000002   PAD
    0x10001108   0x10001108   0x0000001c   Code   RO           55    i.PendSV_Handler    isr.o
    0x10001124   0x10001124   0x00000002   Code   RO           56    i.SPI0_IRQHandler   isr.o
    0x10001126   0x10001126   0x00000002   Code   RO           57    i.SPI1_IRQHandler   isr.o
    0x10001128   0x10001128   0x0000001c   Code   RO           58    i.SVC_Handler       isr.o
    0x10001144   0x10001144   0x00000020   Code   RO           59    i.SysTick_Handler   isr.o
    0x10001164   0x10001164   0x00000030   Code   RO         1767    i.SystemInit        system_spc1169.o
    0x10001194   0x10001194   0x00000002   Code   RO           60    i.TIMER0_IRQHandler  isr.o
    0x10001196   0x10001196   0x00000002   Code   RO           61    i.TIMER1_IRQHandler  isr.o
    0x10001198   0x10001198   0x00000002   Code   RO           62    i.TIMER2_IRQHandler  isr.o
    0x1000119a   0x1000119a   0x00000002   Code   RO           63    i.UART0_IRQHandler  isr.o
    0x1000119c   0x1000119c   0x00000002   Code   RO           64    i.UART1_IRQHandler  isr.o
    0x1000119e   0x1000119e   0x00000016   Code   RO         1428    i.UART_Init         uart.o
    0x100011b4   0x100011b4   0x00000044   Code   RO         1429    i.UART_InitSpeed    uart.o
    0x100011f8   0x100011f8   0x00000020   Code   RO           65    i.UsageFault_Handler  isr.o
    0x10001218   0x10001218   0x00000002   Code   RO           66    i.WDT1_IRQHandler   isr.o
    0x1000121a   0x1000121a   0x00000004   Code   RO         1837    i._sys_exit         retarget.o
    0x1000121e   0x1000121e   0x00000008   Code   RO         1839    i.ferror            retarget.o
    0x10001226   0x10001226   0x00000002   PAD
    0x10001228   0x10001228   0x00000038   Code   RO         1841    i.fputc             retarget.o
    0x10001260   0x10001260   0x00000290   Code   RO          518    i.main              main.o
    0x100014f0   0x100014f0   0x0000000a   Code   RO         2054    x$fpl$fpinit        fz_wm.l(fpinit.o)
    0x100014fa   0x100014fa   0x00000028   Data   RO         1910    .constdata          c_w.l(_printf_hex_int.o)
    0x10001522   0x10001522   0x00000002   PAD
    0x10001524   0x10001524   0x00000020   Data   RO         2146    Region$$Table       anon$$obj.o


    Execution Region RW_IRAM1 (Exec base: 0x1fffc000, Load base: 0x10001544, Size: 0x00001590, Max: 0x00003000, ABSOLUTE)

    Exec Addr    Load Addr    Size         Type   Attr      Idx    E Section Name        Object

    0x1fffc000   0x10001544   0x00000004   Data   RW          520    .data               main.o
    0x1fffc004   0x10001548   0x00000004   Data   RW         1085    .data               hwlib.o
    0x1fffc008   0x1000154c   0x0000001c   Data   RW         1768    .data               system_spc1169.o
    0x1fffc024   0x10001568   0x00000008   Data   RW         1800    .data               delay.o
    0x1fffc02c   0x10001570   0x0000000c   Data   RW         1842    .data               retarget.o
    0x1fffc038        -       0x00000c14   Zero   RW          519    .bss                main.o
    0x1fffcc4c        -       0x000000e4   Zero   RW         1952    .bss                c_w.l(rand.o)
    0x1fffcd30        -       0x00000060   Zero   RW         2079    .bss                c_w.l(libspace.o)
    0x1fffcd90        -       0x00000400   Zero   RW         1758    HEAP                startup_spc1169.o
    0x1fffd190        -       0x00000400   Zero   RW         1757    STACK               startup_spc1169.o


==============================================================================

Image component sizes


      Code (inc. data)   RO Data    RW Data    ZI Data      Debug   Object Name

       780         96          0          0          0       9360   clock.o
        60         16          0          8          0        908   delay.o
         0          0          0          4          0       5389   hwlib.o
       384        186          0          0          0      50676   isr.o
       656        274          0          4       3092      17861   main.o
      1656         24          0          0          0      25446   meeprom_lib.o
        68          6          0         12          0       3747   retarget.o
        92         40        280          0       2048       1036   startup_spc1169.o
        48         10          0         28          0       1455   system_spc1169.o
        90         10          0          0          0       1813   uart.o

    ----------------------------------------------------------------------
      3844        662        312         56       5140     117691   Object Totals
         0          0         32          0          0          0   (incl. Generated)
        10          0          0          0          0          0   (incl. Padding)

    ----------------------------------------------------------------------

      Code (inc. data)   RO Data    RW Data    ZI Data      Debug   Library Member Name

         8          0          0          0          0         68   __main.o
       104          0          0          0          0         84   __printf.o
         0          0          0          0          0          0   __rtentry.o
        12          0          0          0          0          0   __rtentry2.o
         6          0          0          0          0          0   __rtentry4.o
        52          8          0          0          0          0   __scatter.o
        26          0          0          0          0          0   __scatter_copy.o
        28          0          0          0          0          0   __scatter_zi.o
        48          6          0          0          0         96   _printf_char_common.o
        36          4          0          0          0         80   _printf_char_file.o
         6          0          0          0          0          0   _printf_d.o
       120         16          0          0          0         92   _printf_dec.o
        88          4         40          0          0         88   _printf_hex_int.o
       178          0          0          0          0         88   _printf_intcommon.o
         0          0          0          0          0          0   _printf_percent.o
         4          0          0          0          0          0   _printf_percent_end.o
         6          0          0          0          0          0   _printf_x.o
        18          0          0          0          0         80   exit.o
         6          0          0          0          0        152   heapauxi.o
         2          0          0          0          0          0   libinit.o
        10          0          0          0          0          0   libinit2.o
         2          0          0          0          0          0   libshutdown.o
         2          0          0          0          0          0   libshutdown2.o
         8          4          0          0         96         68   libspace.o
       238          0          0          0          0        100   lludivv7m.o
        24          4          0          0          0         84   noretval__2printf.o
       112         18          0          0        228        160   rand.o
         2          0          0          0          0          0   rtexit.o
        10          0          0          0          0          0   rtexit2.o
        74          0          0          0          0         80   sys_stackheap_outer.o
        10          0          0          0          0        116   fpinit.o

    ----------------------------------------------------------------------
      1246         64         42          0        324       1436   Library Totals
         6          0          2          0          0          0   (incl. Padding)

    ----------------------------------------------------------------------

      Code (inc. data)   RO Data    RW Data    ZI Data      Debug   Library Name

      1230         64         40          0        324       1320   c_w.l
        10          0          0          0          0        116   fz_wm.l

    ----------------------------------------------------------------------
      1246         64         42          0        324       1436   Library Totals

    ----------------------------------------------------------------------

==============================================================================


      Code (inc. data)   RO Data    RW Data    ZI Data      Debug   

      5090        726        354         56       5464     111555   Grand Totals
      5090        726        354         56       5464     111555   ELF Image Totals
      5090        726        354         56          0          0   ROM Totals

==============================================================================

    Total RO  Size (Code + RO Data)                 5444 (   5.32kB)
    Total RW  Size (RW Data + ZI Data)              5520 (   5.39kB)
    Total ROM Size (Code + RO Data + RW Data)       5500 (   5.37kB)

==============================================================================

