<!doctype html public "-//w3c//dtd html 4.0 transitional//en">
<html><head>
<title>Static Call Graph - [.\Objects\Project.axf]</title></head>
<body><HR>
<H1>Static Call Graph for image .\Objects\Project.axf</H1><HR>
<BR><P>#&#060CALLGRAPH&#062# ARM Linker, 5060750: Last Updated: Fri Jan 03 16:22:32 2025
<BR><P>
<H3>Maximum Stack Usage =        136 bytes + Unknown(Untraceable Function Pointers)</H3><H3>
Call chain for Maximum Stack Depth:</H3>
ADCCH0_IRQHandler &rArr; __2printf &rArr; _printf_char_file &rArr; _printf_char_common &rArr; __printf
<P>
<H3>
Function Pointers
</H3><UL>
 <LI><a href="#[21]">ADCCH0_IRQHandler</a> from main.o(i.ADCCH0_IRQHandler) referenced from startup_spc1169.o(RESET)
 <LI><a href="#[2b]">ADCCH10_IRQHandler</a> from isr.o(i.ADCCH10_IRQHandler) referenced from startup_spc1169.o(RESET)
 <LI><a href="#[2c]">ADCCH11_IRQHandler</a> from isr.o(i.ADCCH11_IRQHandler) referenced from startup_spc1169.o(RESET)
 <LI><a href="#[2d]">ADCCH12_IRQHandler</a> from isr.o(i.ADCCH12_IRQHandler) referenced from startup_spc1169.o(RESET)
 <LI><a href="#[2e]">ADCCH13_IRQHandler</a> from isr.o(i.ADCCH13_IRQHandler) referenced from startup_spc1169.o(RESET)
 <LI><a href="#[2f]">ADCCH14_IRQHandler</a> from isr.o(i.ADCCH14_IRQHandler) referenced from startup_spc1169.o(RESET)
 <LI><a href="#[30]">ADCCH15_IRQHandler</a> from isr.o(i.ADCCH15_IRQHandler) referenced from startup_spc1169.o(RESET)
 <LI><a href="#[22]">ADCCH1_IRQHandler</a> from main.o(i.ADCCH1_IRQHandler) referenced from startup_spc1169.o(RESET)
 <LI><a href="#[23]">ADCCH2_IRQHandler</a> from main.o(i.ADCCH2_IRQHandler) referenced from startup_spc1169.o(RESET)
 <LI><a href="#[24]">ADCCH3_IRQHandler</a> from isr.o(i.ADCCH3_IRQHandler) referenced from startup_spc1169.o(RESET)
 <LI><a href="#[25]">ADCCH4_IRQHandler</a> from isr.o(i.ADCCH4_IRQHandler) referenced from startup_spc1169.o(RESET)
 <LI><a href="#[26]">ADCCH5_IRQHandler</a> from isr.o(i.ADCCH5_IRQHandler) referenced from startup_spc1169.o(RESET)
 <LI><a href="#[27]">ADCCH6_IRQHandler</a> from isr.o(i.ADCCH6_IRQHandler) referenced from startup_spc1169.o(RESET)
 <LI><a href="#[28]">ADCCH7_IRQHandler</a> from isr.o(i.ADCCH7_IRQHandler) referenced from startup_spc1169.o(RESET)
 <LI><a href="#[29]">ADCCH8_IRQHandler</a> from isr.o(i.ADCCH8_IRQHandler) referenced from startup_spc1169.o(RESET)
 <LI><a href="#[2a]">ADCCH9_IRQHandler</a> from isr.o(i.ADCCH9_IRQHandler) referenced from startup_spc1169.o(RESET)
 <LI><a href="#[31]">ADCPPU0_IRQHandler</a> from isr.o(i.ADCPPU0_IRQHandler) referenced from startup_spc1169.o(RESET)
 <LI><a href="#[32]">ADCPPU1_IRQHandler</a> from isr.o(i.ADCPPU1_IRQHandler) referenced from startup_spc1169.o(RESET)
 <LI><a href="#[33]">ADCPPU2_IRQHandler</a> from isr.o(i.ADCPPU2_IRQHandler) referenced from startup_spc1169.o(RESET)
 <LI><a href="#[7]">BusFault_Handler</a> from isr.o(i.BusFault_Handler) referenced from startup_spc1169.o(RESET)
 <LI><a href="#[1f]">CANMISC_IRQHandler</a> from isr.o(i.CANMISC_IRQHandler) referenced from startup_spc1169.o(RESET)
 <LI><a href="#[17]">CANTRG0_IRQHandler</a> from isr.o(i.CANTRG0_IRQHandler) referenced from startup_spc1169.o(RESET)
 <LI><a href="#[18]">CANTRG1_IRQHandler</a> from isr.o(i.CANTRG1_IRQHandler) referenced from startup_spc1169.o(RESET)
 <LI><a href="#[19]">CANTRG2_IRQHandler</a> from isr.o(i.CANTRG2_IRQHandler) referenced from startup_spc1169.o(RESET)
 <LI><a href="#[1a]">CANTRG3_IRQHandler</a> from isr.o(i.CANTRG3_IRQHandler) referenced from startup_spc1169.o(RESET)
 <LI><a href="#[1b]">CANTRG4_IRQHandler</a> from isr.o(i.CANTRG4_IRQHandler) referenced from startup_spc1169.o(RESET)
 <LI><a href="#[1c]">CANTRG5_IRQHandler</a> from isr.o(i.CANTRG5_IRQHandler) referenced from startup_spc1169.o(RESET)
 <LI><a href="#[1d]">CANTRG6_IRQHandler</a> from isr.o(i.CANTRG6_IRQHandler) referenced from startup_spc1169.o(RESET)
 <LI><a href="#[1e]">CANTRG7_IRQHandler</a> from isr.o(i.CANTRG7_IRQHandler) referenced from startup_spc1169.o(RESET)
 <LI><a href="#[42]">CRC_IRQHandler</a> from isr.o(i.CRC_IRQHandler) referenced from startup_spc1169.o(RESET)
 <LI><a href="#[3e]">DMAC_IRQHandler</a> from isr.o(i.DMAC_IRQHandler) referenced from startup_spc1169.o(RESET)
 <LI><a href="#[a]">DebugMon_Handler</a> from isr.o(i.DebugMon_Handler) referenced from startup_spc1169.o(RESET)
 <LI><a href="#[3d]">ECAP_IRQHandler</a> from isr.o(i.ECAP_IRQHandler) referenced from startup_spc1169.o(RESET)
 <LI><a href="#[f]">EPWRTZ0_IRQHandler</a> from isr.o(i.EPWRTZ0_IRQHandler) referenced from startup_spc1169.o(RESET)
 <LI><a href="#[10]">EPWRTZ1_IRQHandler</a> from isr.o(i.EPWRTZ1_IRQHandler) referenced from startup_spc1169.o(RESET)
 <LI><a href="#[12]">GPIO_EDGE_IRQHandler</a> from isr.o(i.GPIO_EDGE_IRQHandler) referenced from startup_spc1169.o(RESET)
 <LI><a href="#[11]">GPIO_LEVEL_IRQHandler</a> from isr.o(i.GPIO_LEVEL_IRQHandler) referenced from startup_spc1169.o(RESET)
 <LI><a href="#[5]">HardFault_Handler</a> from isr.o(i.HardFault_Handler) referenced from startup_spc1169.o(RESET)
 <LI><a href="#[20]">I2C_IRQHandler</a> from isr.o(i.I2C_IRQHandler) referenced from startup_spc1169.o(RESET)
 <LI><a href="#[e]">MEM_IRQHandler</a> from isr.o(i.MEM_IRQHandler) referenced from startup_spc1169.o(RESET)
 <LI><a href="#[6]">MemManage_Handler</a> from isr.o(i.MemManage_Handler) referenced from startup_spc1169.o(RESET)
 <LI><a href="#[4]">NMI_Handler</a> from isr.o(i.NMI_Handler) referenced from startup_spc1169.o(RESET)
 <LI><a href="#[34]">PHCOMP_IRQHandler</a> from isr.o(i.PHCOMP_IRQHandler) referenced from startup_spc1169.o(RESET)
 <LI><a href="#[39]">PWM0TZ_IRQHandler</a> from isr.o(i.PWM0TZ_IRQHandler) referenced from startup_spc1169.o(RESET)
 <LI><a href="#[35]">PWM0_IRQHandler</a> from isr.o(i.PWM0_IRQHandler) referenced from startup_spc1169.o(RESET)
 <LI><a href="#[3a]">PWM1TZ_IRQHandler</a> from isr.o(i.PWM1TZ_IRQHandler) referenced from startup_spc1169.o(RESET)
 <LI><a href="#[36]">PWM1_IRQHandler</a> from isr.o(i.PWM1_IRQHandler) referenced from startup_spc1169.o(RESET)
 <LI><a href="#[3b]">PWM2TZ_IRQHandler</a> from isr.o(i.PWM2TZ_IRQHandler) referenced from startup_spc1169.o(RESET)
 <LI><a href="#[37]">PWM2_IRQHandler</a> from isr.o(i.PWM2_IRQHandler) referenced from startup_spc1169.o(RESET)
 <LI><a href="#[3c]">PWM3TZ_IRQHandler</a> from isr.o(i.PWM3TZ_IRQHandler) referenced from startup_spc1169.o(RESET)
 <LI><a href="#[38]">PWM3_IRQHandler</a> from isr.o(i.PWM3_IRQHandler) referenced from startup_spc1169.o(RESET)
 <LI><a href="#[b]">PendSV_Handler</a> from isr.o(i.PendSV_Handler) referenced from startup_spc1169.o(RESET)
 <LI><a href="#[3]">Reset_Handler</a> from startup_spc1169.o(.text) referenced from startup_spc1169.o(RESET)
 <LI><a href="#[14]">SPI0_IRQHandler</a> from isr.o(i.SPI0_IRQHandler) referenced from startup_spc1169.o(RESET)
 <LI><a href="#[16]">SPI1_IRQHandler</a> from isr.o(i.SPI1_IRQHandler) referenced from startup_spc1169.o(RESET)
 <LI><a href="#[9]">SVC_Handler</a> from isr.o(i.SVC_Handler) referenced from startup_spc1169.o(RESET)
 <LI><a href="#[c]">SysTick_Handler</a> from isr.o(i.SysTick_Handler) referenced from startup_spc1169.o(RESET)
 <LI><a href="#[43]">SystemInit</a> from system_spc1169.o(i.SystemInit) referenced from startup_spc1169.o(.text)
 <LI><a href="#[3f]">TIMER0_IRQHandler</a> from isr.o(i.TIMER0_IRQHandler) referenced from startup_spc1169.o(RESET)
 <LI><a href="#[40]">TIMER1_IRQHandler</a> from isr.o(i.TIMER1_IRQHandler) referenced from startup_spc1169.o(RESET)
 <LI><a href="#[41]">TIMER2_IRQHandler</a> from isr.o(i.TIMER2_IRQHandler) referenced from startup_spc1169.o(RESET)
 <LI><a href="#[13]">UART0_IRQHandler</a> from isr.o(i.UART0_IRQHandler) referenced from startup_spc1169.o(RESET)
 <LI><a href="#[15]">UART1_IRQHandler</a> from isr.o(i.UART1_IRQHandler) referenced from startup_spc1169.o(RESET)
 <LI><a href="#[8]">UsageFault_Handler</a> from isr.o(i.UsageFault_Handler) referenced from startup_spc1169.o(RESET)
 <LI><a href="#[d]">WDT1_IRQHandler</a> from isr.o(i.WDT1_IRQHandler) referenced from startup_spc1169.o(RESET)
 <LI><a href="#[47]">__main</a> from __main.o(!!!main) referenced from startup_spc1169.o(.text)
 <LI><a href="#[46]">_printf_input_char</a> from _printf_char_common.o(.text) referenced from _printf_char_common.o(.text)
 <LI><a href="#[45]">fputc</a> from retarget.o(i.fputc) referenced from _printf_char_file.o(.text)
</UL>
<P>
<H3>
Global Symbols
</H3>
<P><STRONG><a name="[47]"></a>__main</STRONG> (Thumb, 8 bytes, Stack size 0 bytes, __main.o(!!!main))
<BR><BR>[Calls]<UL><LI><a href="#[48]">&gt;&gt;</a>&nbsp;&nbsp;&nbsp;__scatterload
<LI><a href="#[49]">&gt;&gt;</a>&nbsp;&nbsp;&nbsp;__rt_entry
</UL>

<P><STRONG><a name="[48]"></a>__scatterload</STRONG> (Thumb, 0 bytes, Stack size unknown bytes, __scatter.o(!!!scatter))
<BR><BR>[Called By]<UL><LI><a href="#[47]">&gt;&gt;</a>&nbsp;&nbsp;&nbsp;__main
</UL>

<P><STRONG><a name="[4a]"></a>__scatterload_rt2</STRONG> (Thumb, 44 bytes, Stack size unknown bytes, __scatter.o(!!!scatter), UNUSED)
<BR><BR>[Calls]<UL><LI><a href="#[49]">&gt;&gt;</a>&nbsp;&nbsp;&nbsp;__rt_entry
</UL>

<P><STRONG><a name="[77]"></a>__scatterload_rt2_thumb_only</STRONG> (Thumb, 0 bytes, Stack size unknown bytes, __scatter.o(!!!scatter), UNUSED)

<P><STRONG><a name="[78]"></a>__scatterload_null</STRONG> (Thumb, 0 bytes, Stack size unknown bytes, __scatter.o(!!!scatter), UNUSED)

<P><STRONG><a name="[4b]"></a>__scatterload_copy</STRONG> (Thumb, 26 bytes, Stack size unknown bytes, __scatter_copy.o(!!handler_copy), UNUSED)
<BR><BR>[Calls]<UL><LI><a href="#[4b]">&gt;&gt;</a>&nbsp;&nbsp;&nbsp;__scatterload_copy
</UL>
<BR>[Called By]<UL><LI><a href="#[4b]">&gt;&gt;</a>&nbsp;&nbsp;&nbsp;__scatterload_copy
</UL>

<P><STRONG><a name="[79]"></a>__scatterload_zeroinit</STRONG> (Thumb, 28 bytes, Stack size unknown bytes, __scatter_zi.o(!!handler_zi), UNUSED)

<P><STRONG><a name="[4c]"></a>_printf_d</STRONG> (Thumb, 0 bytes, Stack size unknown bytes, _printf_d.o(.ARM.Collect$$_printf_percent$$00000009))
<BR><BR>[Stack]<UL><LI>Max Depth = 56 + Unknown Stack Size
<LI>Call Chain = _printf_d &rArr; _printf_int_dec &rArr; _printf_int_common
</UL>
<BR>[Calls]<UL><LI><a href="#[4d]">&gt;&gt;</a>&nbsp;&nbsp;&nbsp;_printf_int_dec
</UL>

<P><STRONG><a name="[5e]"></a>_printf_percent</STRONG> (Thumb, 0 bytes, Stack size unknown bytes, _printf_percent.o(.ARM.Collect$$_printf_percent$$00000000))
<BR><BR>[Called By]<UL><LI><a href="#[5d]">&gt;&gt;</a>&nbsp;&nbsp;&nbsp;__printf
</UL>

<P><STRONG><a name="[7a]"></a>_printf_percent_end</STRONG> (Thumb, 0 bytes, Stack size unknown bytes, _printf_percent_end.o(.ARM.Collect$$_printf_percent$$00000017))

<P><STRONG><a name="[53]"></a>__rt_lib_init</STRONG> (Thumb, 0 bytes, Stack size unknown bytes, libinit.o(.ARM.Collect$$libinit$$00000000))
<BR><BR>[Called By]<UL><LI><a href="#[52]">&gt;&gt;</a>&nbsp;&nbsp;&nbsp;__rt_entry_li
</UL>

<P><STRONG><a name="[4e]"></a>__rt_lib_init_fp_1</STRONG> (Thumb, 0 bytes, Stack size unknown bytes, libinit2.o(.ARM.Collect$$libinit$$00000001))
<BR><BR>[Calls]<UL><LI><a href="#[4f]">&gt;&gt;</a>&nbsp;&nbsp;&nbsp;_fp_init
</UL>

<P><STRONG><a name="[7b]"></a>__rt_lib_init_alloca_1</STRONG> (Thumb, 0 bytes, Stack size unknown bytes, libinit2.o(.ARM.Collect$$libinit$$0000002E))

<P><STRONG><a name="[7c]"></a>__rt_lib_init_argv_1</STRONG> (Thumb, 0 bytes, Stack size unknown bytes, libinit2.o(.ARM.Collect$$libinit$$0000002C))

<P><STRONG><a name="[7d]"></a>__rt_lib_init_atexit_1</STRONG> (Thumb, 0 bytes, Stack size unknown bytes, libinit2.o(.ARM.Collect$$libinit$$0000001B))

<P><STRONG><a name="[7e]"></a>__rt_lib_init_clock_1</STRONG> (Thumb, 0 bytes, Stack size unknown bytes, libinit2.o(.ARM.Collect$$libinit$$00000021))

<P><STRONG><a name="[7f]"></a>__rt_lib_init_cpp_1</STRONG> (Thumb, 0 bytes, Stack size unknown bytes, libinit2.o(.ARM.Collect$$libinit$$00000032))

<P><STRONG><a name="[80]"></a>__rt_lib_init_exceptions_1</STRONG> (Thumb, 0 bytes, Stack size unknown bytes, libinit2.o(.ARM.Collect$$libinit$$00000030))

<P><STRONG><a name="[81]"></a>__rt_lib_init_fp_trap_1</STRONG> (Thumb, 0 bytes, Stack size unknown bytes, libinit2.o(.ARM.Collect$$libinit$$0000001F))

<P><STRONG><a name="[82]"></a>__rt_lib_init_getenv_1</STRONG> (Thumb, 0 bytes, Stack size unknown bytes, libinit2.o(.ARM.Collect$$libinit$$00000023))

<P><STRONG><a name="[83]"></a>__rt_lib_init_heap_1</STRONG> (Thumb, 0 bytes, Stack size unknown bytes, libinit2.o(.ARM.Collect$$libinit$$0000000A))

<P><STRONG><a name="[84]"></a>__rt_lib_init_lc_collate_1</STRONG> (Thumb, 0 bytes, Stack size unknown bytes, libinit2.o(.ARM.Collect$$libinit$$00000011))

<P><STRONG><a name="[85]"></a>__rt_lib_init_lc_ctype_1</STRONG> (Thumb, 0 bytes, Stack size unknown bytes, libinit2.o(.ARM.Collect$$libinit$$00000013))

<P><STRONG><a name="[86]"></a>__rt_lib_init_lc_monetary_1</STRONG> (Thumb, 0 bytes, Stack size unknown bytes, libinit2.o(.ARM.Collect$$libinit$$00000015))

<P><STRONG><a name="[87]"></a>__rt_lib_init_lc_numeric_1</STRONG> (Thumb, 0 bytes, Stack size unknown bytes, libinit2.o(.ARM.Collect$$libinit$$00000017))

<P><STRONG><a name="[88]"></a>__rt_lib_init_lc_time_1</STRONG> (Thumb, 0 bytes, Stack size unknown bytes, libinit2.o(.ARM.Collect$$libinit$$00000019))

<P><STRONG><a name="[89]"></a>__rt_lib_init_preinit_1</STRONG> (Thumb, 0 bytes, Stack size unknown bytes, libinit2.o(.ARM.Collect$$libinit$$00000004))

<P><STRONG><a name="[8a]"></a>__rt_lib_init_rand_1</STRONG> (Thumb, 0 bytes, Stack size unknown bytes, libinit2.o(.ARM.Collect$$libinit$$0000000E))

<P><STRONG><a name="[8b]"></a>__rt_lib_init_return</STRONG> (Thumb, 0 bytes, Stack size unknown bytes, libinit2.o(.ARM.Collect$$libinit$$00000033))

<P><STRONG><a name="[8c]"></a>__rt_lib_init_signal_1</STRONG> (Thumb, 0 bytes, Stack size unknown bytes, libinit2.o(.ARM.Collect$$libinit$$0000001D))

<P><STRONG><a name="[8d]"></a>__rt_lib_init_stdio_1</STRONG> (Thumb, 0 bytes, Stack size unknown bytes, libinit2.o(.ARM.Collect$$libinit$$00000025))

<P><STRONG><a name="[8e]"></a>__rt_lib_init_user_alloc_1</STRONG> (Thumb, 0 bytes, Stack size unknown bytes, libinit2.o(.ARM.Collect$$libinit$$0000000C))

<P><STRONG><a name="[58]"></a>__rt_lib_shutdown</STRONG> (Thumb, 0 bytes, Stack size unknown bytes, libshutdown.o(.ARM.Collect$$libshutdown$$00000000))
<BR><BR>[Called By]<UL><LI><a href="#[57]">&gt;&gt;</a>&nbsp;&nbsp;&nbsp;__rt_exit_ls
</UL>

<P><STRONG><a name="[8f]"></a>__rt_lib_shutdown_cpp_1</STRONG> (Thumb, 0 bytes, Stack size unknown bytes, libshutdown2.o(.ARM.Collect$$libshutdown$$00000002))

<P><STRONG><a name="[90]"></a>__rt_lib_shutdown_fp_trap_1</STRONG> (Thumb, 0 bytes, Stack size unknown bytes, libshutdown2.o(.ARM.Collect$$libshutdown$$00000007))

<P><STRONG><a name="[91]"></a>__rt_lib_shutdown_heap_1</STRONG> (Thumb, 0 bytes, Stack size unknown bytes, libshutdown2.o(.ARM.Collect$$libshutdown$$0000000F))

<P><STRONG><a name="[92]"></a>__rt_lib_shutdown_return</STRONG> (Thumb, 0 bytes, Stack size unknown bytes, libshutdown2.o(.ARM.Collect$$libshutdown$$00000010))

<P><STRONG><a name="[93]"></a>__rt_lib_shutdown_signal_1</STRONG> (Thumb, 0 bytes, Stack size unknown bytes, libshutdown2.o(.ARM.Collect$$libshutdown$$0000000A))

<P><STRONG><a name="[94]"></a>__rt_lib_shutdown_stdio_1</STRONG> (Thumb, 0 bytes, Stack size unknown bytes, libshutdown2.o(.ARM.Collect$$libshutdown$$00000004))

<P><STRONG><a name="[95]"></a>__rt_lib_shutdown_user_alloc_1</STRONG> (Thumb, 0 bytes, Stack size unknown bytes, libshutdown2.o(.ARM.Collect$$libshutdown$$0000000C))

<P><STRONG><a name="[49]"></a>__rt_entry</STRONG> (Thumb, 0 bytes, Stack size unknown bytes, __rtentry.o(.ARM.Collect$$rtentry$$00000000))
<BR><BR>[Called By]<UL><LI><a href="#[4a]">&gt;&gt;</a>&nbsp;&nbsp;&nbsp;__scatterload_rt2
<LI><a href="#[47]">&gt;&gt;</a>&nbsp;&nbsp;&nbsp;__main
</UL>

<P><STRONG><a name="[96]"></a>__rt_entry_presh_1</STRONG> (Thumb, 0 bytes, Stack size unknown bytes, __rtentry2.o(.ARM.Collect$$rtentry$$00000002))

<P><STRONG><a name="[50]"></a>__rt_entry_sh</STRONG> (Thumb, 0 bytes, Stack size unknown bytes, __rtentry4.o(.ARM.Collect$$rtentry$$00000004))
<BR><BR>[Stack]<UL><LI>Max Depth = 8 + Unknown Stack Size
<LI>Call Chain = __rt_entry_sh &rArr; __user_setup_stackheap
</UL>
<BR>[Calls]<UL><LI><a href="#[51]">&gt;&gt;</a>&nbsp;&nbsp;&nbsp;__user_setup_stackheap
</UL>

<P><STRONG><a name="[52]"></a>__rt_entry_li</STRONG> (Thumb, 0 bytes, Stack size unknown bytes, __rtentry2.o(.ARM.Collect$$rtentry$$0000000A))
<BR><BR>[Calls]<UL><LI><a href="#[53]">&gt;&gt;</a>&nbsp;&nbsp;&nbsp;__rt_lib_init
</UL>

<P><STRONG><a name="[97]"></a>__rt_entry_postsh_1</STRONG> (Thumb, 0 bytes, Stack size unknown bytes, __rtentry2.o(.ARM.Collect$$rtentry$$00000009))

<P><STRONG><a name="[54]"></a>__rt_entry_main</STRONG> (Thumb, 0 bytes, Stack size unknown bytes, __rtentry2.o(.ARM.Collect$$rtentry$$0000000D))
<BR><BR>[Stack]<UL><LI>Max Depth = 128 + Unknown Stack Size
<LI>Call Chain = __rt_entry_main &rArr; main &rArr; __2printf &rArr; _printf_char_file &rArr; _printf_char_common &rArr; __printf
</UL>
<BR>[Calls]<UL><LI><a href="#[55]">&gt;&gt;</a>&nbsp;&nbsp;&nbsp;main
<LI><a href="#[56]">&gt;&gt;</a>&nbsp;&nbsp;&nbsp;exit
</UL>

<P><STRONG><a name="[98]"></a>__rt_entry_postli_1</STRONG> (Thumb, 0 bytes, Stack size unknown bytes, __rtentry2.o(.ARM.Collect$$rtentry$$0000000C))

<P><STRONG><a name="[64]"></a>__rt_exit</STRONG> (Thumb, 0 bytes, Stack size unknown bytes, rtexit.o(.ARM.Collect$$rtexit$$00000000))
<BR><BR>[Called By]<UL><LI><a href="#[56]">&gt;&gt;</a>&nbsp;&nbsp;&nbsp;exit
</UL>

<P><STRONG><a name="[57]"></a>__rt_exit_ls</STRONG> (Thumb, 0 bytes, Stack size unknown bytes, rtexit2.o(.ARM.Collect$$rtexit$$00000003))
<BR><BR>[Calls]<UL><LI><a href="#[58]">&gt;&gt;</a>&nbsp;&nbsp;&nbsp;__rt_lib_shutdown
</UL>

<P><STRONG><a name="[99]"></a>__rt_exit_prels_1</STRONG> (Thumb, 0 bytes, Stack size unknown bytes, rtexit2.o(.ARM.Collect$$rtexit$$00000002))

<P><STRONG><a name="[59]"></a>__rt_exit_exit</STRONG> (Thumb, 0 bytes, Stack size unknown bytes, rtexit2.o(.ARM.Collect$$rtexit$$00000004))
<BR><BR>[Calls]<UL><LI><a href="#[5a]">&gt;&gt;</a>&nbsp;&nbsp;&nbsp;_sys_exit
</UL>

<P><STRONG><a name="[3]"></a>Reset_Handler</STRONG> (Thumb, 22 bytes, Stack size 0 bytes, startup_spc1169.o(.text))
<BR>[Address Reference Count : 1]<UL><LI> startup_spc1169.o(RESET)
</UL>
<P><STRONG><a name="[63]"></a>__user_initial_stackheap</STRONG> (Thumb, 10 bytes, Stack size 0 bytes, startup_spc1169.o(.text))
<BR><BR>[Called By]<UL><LI><a href="#[51]">&gt;&gt;</a>&nbsp;&nbsp;&nbsp;__user_setup_stackheap
</UL>

<P><STRONG><a name="[6e]"></a>__aeabi_uldivmod</STRONG> (Thumb, 0 bytes, Stack size 48 bytes, lludivv7m.o(.text))
<BR><BR>[Stack]<UL><LI>Max Depth = 48<LI>Call Chain = __aeabi_uldivmod
</UL>
<BR>[Called By]<UL><LI><a href="#[6d]">&gt;&gt;</a>&nbsp;&nbsp;&nbsp;CLOCK_ConfigurePLL
</UL>

<P><STRONG><a name="[9a]"></a>_ll_udiv</STRONG> (Thumb, 238 bytes, Stack size 48 bytes, lludivv7m.o(.text), UNUSED)

<P><STRONG><a name="[5b]"></a>__2printf</STRONG> (Thumb, 20 bytes, Stack size 24 bytes, noretval__2printf.o(.text))
<BR><BR>[Stack]<UL><LI>Max Depth = 128 + Unknown Stack Size
<LI>Call Chain = __2printf &rArr; _printf_char_file &rArr; _printf_char_common &rArr; __printf
</UL>
<BR>[Calls]<UL><LI><a href="#[5c]">&gt;&gt;</a>&nbsp;&nbsp;&nbsp;_printf_char_file
</UL>
<BR>[Called By]<UL><LI><a href="#[55]">&gt;&gt;</a>&nbsp;&nbsp;&nbsp;main
<LI><a href="#[23]">&gt;&gt;</a>&nbsp;&nbsp;&nbsp;ADCCH2_IRQHandler
<LI><a href="#[21]">&gt;&gt;</a>&nbsp;&nbsp;&nbsp;ADCCH0_IRQHandler
<LI><a href="#[8]">&gt;&gt;</a>&nbsp;&nbsp;&nbsp;UsageFault_Handler
<LI><a href="#[c]">&gt;&gt;</a>&nbsp;&nbsp;&nbsp;SysTick_Handler
<LI><a href="#[9]">&gt;&gt;</a>&nbsp;&nbsp;&nbsp;SVC_Handler
<LI><a href="#[b]">&gt;&gt;</a>&nbsp;&nbsp;&nbsp;PendSV_Handler
<LI><a href="#[4]">&gt;&gt;</a>&nbsp;&nbsp;&nbsp;NMI_Handler
<LI><a href="#[6]">&gt;&gt;</a>&nbsp;&nbsp;&nbsp;MemManage_Handler
<LI><a href="#[5]">&gt;&gt;</a>&nbsp;&nbsp;&nbsp;HardFault_Handler
<LI><a href="#[a]">&gt;&gt;</a>&nbsp;&nbsp;&nbsp;DebugMon_Handler
<LI><a href="#[7]">&gt;&gt;</a>&nbsp;&nbsp;&nbsp;BusFault_Handler
</UL>

<P><STRONG><a name="[5d]"></a>__printf</STRONG> (Thumb, 104 bytes, Stack size 24 bytes, __printf.o(.text))
<BR><BR>[Stack]<UL><LI>Max Depth = 24 + Unknown Stack Size
<LI>Call Chain = __printf
</UL>
<BR>[Calls]<UL><LI><a href="#[5e]">&gt;&gt;</a>&nbsp;&nbsp;&nbsp;_printf_percent
</UL>
<BR>[Called By]<UL><LI><a href="#[60]">&gt;&gt;</a>&nbsp;&nbsp;&nbsp;_printf_char_common
</UL>

<P><STRONG><a name="[4d]"></a>_printf_int_dec</STRONG> (Thumb, 104 bytes, Stack size 24 bytes, _printf_dec.o(.text))
<BR><BR>[Stack]<UL><LI>Max Depth = 56<LI>Call Chain = _printf_int_dec &rArr; _printf_int_common
</UL>
<BR>[Calls]<UL><LI><a href="#[5f]">&gt;&gt;</a>&nbsp;&nbsp;&nbsp;_printf_int_common
</UL>
<BR>[Called By]<UL><LI><a href="#[4c]">&gt;&gt;</a>&nbsp;&nbsp;&nbsp;_printf_d
</UL>

<P><STRONG><a name="[9b]"></a>__use_two_region_memory</STRONG> (Thumb, 2 bytes, Stack size 0 bytes, heapauxi.o(.text), UNUSED)

<P><STRONG><a name="[9c]"></a>__rt_heap_escrow$2region</STRONG> (Thumb, 2 bytes, Stack size 0 bytes, heapauxi.o(.text), UNUSED)

<P><STRONG><a name="[9d]"></a>__rt_heap_expand$2region</STRONG> (Thumb, 2 bytes, Stack size 0 bytes, heapauxi.o(.text), UNUSED)

<P><STRONG><a name="[5f]"></a>_printf_int_common</STRONG> (Thumb, 178 bytes, Stack size 32 bytes, _printf_intcommon.o(.text))
<BR><BR>[Stack]<UL><LI>Max Depth = 32<LI>Call Chain = _printf_int_common
</UL>
<BR>[Called By]<UL><LI><a href="#[4d]">&gt;&gt;</a>&nbsp;&nbsp;&nbsp;_printf_int_dec
</UL>

<P><STRONG><a name="[5c]"></a>_printf_char_file</STRONG> (Thumb, 32 bytes, Stack size 16 bytes, _printf_char_file.o(.text))
<BR><BR>[Stack]<UL><LI>Max Depth = 104 + Unknown Stack Size
<LI>Call Chain = _printf_char_file &rArr; _printf_char_common &rArr; __printf
</UL>
<BR>[Calls]<UL><LI><a href="#[60]">&gt;&gt;</a>&nbsp;&nbsp;&nbsp;_printf_char_common
<LI><a href="#[61]">&gt;&gt;</a>&nbsp;&nbsp;&nbsp;ferror
</UL>
<BR>[Called By]<UL><LI><a href="#[5b]">&gt;&gt;</a>&nbsp;&nbsp;&nbsp;__2printf
</UL>

<P><STRONG><a name="[60]"></a>_printf_char_common</STRONG> (Thumb, 32 bytes, Stack size 64 bytes, _printf_char_common.o(.text))
<BR><BR>[Stack]<UL><LI>Max Depth = 88 + Unknown Stack Size
<LI>Call Chain = _printf_char_common &rArr; __printf
</UL>
<BR>[Calls]<UL><LI><a href="#[5d]">&gt;&gt;</a>&nbsp;&nbsp;&nbsp;__printf
</UL>
<BR>[Called By]<UL><LI><a href="#[5c]">&gt;&gt;</a>&nbsp;&nbsp;&nbsp;_printf_char_file
</UL>

<P><STRONG><a name="[51]"></a>__user_setup_stackheap</STRONG> (Thumb, 74 bytes, Stack size 8 bytes, sys_stackheap_outer.o(.text))
<BR><BR>[Stack]<UL><LI>Max Depth = 8<LI>Call Chain = __user_setup_stackheap
</UL>
<BR>[Calls]<UL><LI><a href="#[62]">&gt;&gt;</a>&nbsp;&nbsp;&nbsp;__user_perproc_libspace
<LI><a href="#[63]">&gt;&gt;</a>&nbsp;&nbsp;&nbsp;__user_initial_stackheap
</UL>
<BR>[Called By]<UL><LI><a href="#[50]">&gt;&gt;</a>&nbsp;&nbsp;&nbsp;__rt_entry_sh
</UL>

<P><STRONG><a name="[56]"></a>exit</STRONG> (Thumb, 18 bytes, Stack size 8 bytes, exit.o(.text))
<BR><BR>[Stack]<UL><LI>Max Depth = 8 + Unknown Stack Size
<LI>Call Chain = exit
</UL>
<BR>[Calls]<UL><LI><a href="#[64]">&gt;&gt;</a>&nbsp;&nbsp;&nbsp;__rt_exit
</UL>
<BR>[Called By]<UL><LI><a href="#[54]">&gt;&gt;</a>&nbsp;&nbsp;&nbsp;__rt_entry_main
</UL>

<P><STRONG><a name="[9e]"></a>__user_libspace</STRONG> (Thumb, 8 bytes, Stack size 0 bytes, libspace.o(.text), UNUSED)

<P><STRONG><a name="[62]"></a>__user_perproc_libspace</STRONG> (Thumb, 0 bytes, Stack size 0 bytes, libspace.o(.text))
<BR><BR>[Called By]<UL><LI><a href="#[51]">&gt;&gt;</a>&nbsp;&nbsp;&nbsp;__user_setup_stackheap
</UL>

<P><STRONG><a name="[9f]"></a>__user_perthread_libspace</STRONG> (Thumb, 0 bytes, Stack size 0 bytes, libspace.o(.text), UNUSED)

<P><STRONG><a name="[21]"></a>ADCCH0_IRQHandler</STRONG> (Thumb, 54 bytes, Stack size 8 bytes, main.o(i.ADCCH0_IRQHandler))
<BR><BR>[Stack]<UL><LI>Max Depth = 136 + Unknown Stack Size
<LI>Call Chain = ADCCH0_IRQHandler &rArr; __2printf &rArr; _printf_char_file &rArr; _printf_char_common &rArr; __printf
</UL>
<BR>[Calls]<UL><LI><a href="#[5b]">&gt;&gt;</a>&nbsp;&nbsp;&nbsp;__2printf
</UL>
<BR>[Address Reference Count : 1]<UL><LI> startup_spc1169.o(RESET)
</UL>
<P><STRONG><a name="[2b]"></a>ADCCH10_IRQHandler</STRONG> (Thumb, 2 bytes, Stack size 0 bytes, isr.o(i.ADCCH10_IRQHandler))
<BR>[Address Reference Count : 1]<UL><LI> startup_spc1169.o(RESET)
</UL>
<P><STRONG><a name="[2c]"></a>ADCCH11_IRQHandler</STRONG> (Thumb, 2 bytes, Stack size 0 bytes, isr.o(i.ADCCH11_IRQHandler))
<BR>[Address Reference Count : 1]<UL><LI> startup_spc1169.o(RESET)
</UL>
<P><STRONG><a name="[2d]"></a>ADCCH12_IRQHandler</STRONG> (Thumb, 2 bytes, Stack size 0 bytes, isr.o(i.ADCCH12_IRQHandler))
<BR>[Address Reference Count : 1]<UL><LI> startup_spc1169.o(RESET)
</UL>
<P><STRONG><a name="[2e]"></a>ADCCH13_IRQHandler</STRONG> (Thumb, 2 bytes, Stack size 0 bytes, isr.o(i.ADCCH13_IRQHandler))
<BR>[Address Reference Count : 1]<UL><LI> startup_spc1169.o(RESET)
</UL>
<P><STRONG><a name="[2f]"></a>ADCCH14_IRQHandler</STRONG> (Thumb, 2 bytes, Stack size 0 bytes, isr.o(i.ADCCH14_IRQHandler))
<BR>[Address Reference Count : 1]<UL><LI> startup_spc1169.o(RESET)
</UL>
<P><STRONG><a name="[30]"></a>ADCCH15_IRQHandler</STRONG> (Thumb, 2 bytes, Stack size 0 bytes, isr.o(i.ADCCH15_IRQHandler))
<BR>[Address Reference Count : 1]<UL><LI> startup_spc1169.o(RESET)
</UL>
<P><STRONG><a name="[22]"></a>ADCCH1_IRQHandler</STRONG> (Thumb, 16 bytes, Stack size 0 bytes, main.o(i.ADCCH1_IRQHandler))
<BR>[Address Reference Count : 1]<UL><LI> startup_spc1169.o(RESET)
</UL>
<P><STRONG><a name="[23]"></a>ADCCH2_IRQHandler</STRONG> (Thumb, 54 bytes, Stack size 8 bytes, main.o(i.ADCCH2_IRQHandler))
<BR><BR>[Stack]<UL><LI>Max Depth = 136 + Unknown Stack Size
<LI>Call Chain = ADCCH2_IRQHandler &rArr; __2printf &rArr; _printf_char_file &rArr; _printf_char_common &rArr; __printf
</UL>
<BR>[Calls]<UL><LI><a href="#[5b]">&gt;&gt;</a>&nbsp;&nbsp;&nbsp;__2printf
</UL>
<BR>[Address Reference Count : 1]<UL><LI> startup_spc1169.o(RESET)
</UL>
<P><STRONG><a name="[24]"></a>ADCCH3_IRQHandler</STRONG> (Thumb, 2 bytes, Stack size 0 bytes, isr.o(i.ADCCH3_IRQHandler))
<BR>[Address Reference Count : 1]<UL><LI> startup_spc1169.o(RESET)
</UL>
<P><STRONG><a name="[25]"></a>ADCCH4_IRQHandler</STRONG> (Thumb, 2 bytes, Stack size 0 bytes, isr.o(i.ADCCH4_IRQHandler))
<BR>[Address Reference Count : 1]<UL><LI> startup_spc1169.o(RESET)
</UL>
<P><STRONG><a name="[26]"></a>ADCCH5_IRQHandler</STRONG> (Thumb, 2 bytes, Stack size 0 bytes, isr.o(i.ADCCH5_IRQHandler))
<BR>[Address Reference Count : 1]<UL><LI> startup_spc1169.o(RESET)
</UL>
<P><STRONG><a name="[27]"></a>ADCCH6_IRQHandler</STRONG> (Thumb, 2 bytes, Stack size 0 bytes, isr.o(i.ADCCH6_IRQHandler))
<BR>[Address Reference Count : 1]<UL><LI> startup_spc1169.o(RESET)
</UL>
<P><STRONG><a name="[28]"></a>ADCCH7_IRQHandler</STRONG> (Thumb, 2 bytes, Stack size 0 bytes, isr.o(i.ADCCH7_IRQHandler))
<BR>[Address Reference Count : 1]<UL><LI> startup_spc1169.o(RESET)
</UL>
<P><STRONG><a name="[29]"></a>ADCCH8_IRQHandler</STRONG> (Thumb, 2 bytes, Stack size 0 bytes, isr.o(i.ADCCH8_IRQHandler))
<BR>[Address Reference Count : 1]<UL><LI> startup_spc1169.o(RESET)
</UL>
<P><STRONG><a name="[2a]"></a>ADCCH9_IRQHandler</STRONG> (Thumb, 2 bytes, Stack size 0 bytes, isr.o(i.ADCCH9_IRQHandler))
<BR>[Address Reference Count : 1]<UL><LI> startup_spc1169.o(RESET)
</UL>
<P><STRONG><a name="[31]"></a>ADCPPU0_IRQHandler</STRONG> (Thumb, 2 bytes, Stack size 0 bytes, isr.o(i.ADCPPU0_IRQHandler))
<BR>[Address Reference Count : 1]<UL><LI> startup_spc1169.o(RESET)
</UL>
<P><STRONG><a name="[32]"></a>ADCPPU1_IRQHandler</STRONG> (Thumb, 2 bytes, Stack size 0 bytes, isr.o(i.ADCPPU1_IRQHandler))
<BR>[Address Reference Count : 1]<UL><LI> startup_spc1169.o(RESET)
</UL>
<P><STRONG><a name="[33]"></a>ADCPPU2_IRQHandler</STRONG> (Thumb, 2 bytes, Stack size 0 bytes, isr.o(i.ADCPPU2_IRQHandler))
<BR>[Address Reference Count : 1]<UL><LI> startup_spc1169.o(RESET)
</UL>
<P><STRONG><a name="[65]"></a>ADC_EasyInit1</STRONG> (Thumb, 88 bytes, Stack size 24 bytes, adc.o(i.ADC_EasyInit1))
<BR><BR>[Stack]<UL><LI>Max Depth = 84<LI>Call Chain = ADC_EasyInit1 &rArr; ADC_SetSampleAndConvertTime &rArr; CLOCK_GetModuleClock
</UL>
<BR>[Calls]<UL><LI><a href="#[69]">&gt;&gt;</a>&nbsp;&nbsp;&nbsp;PIN_SetPinAsAnalog
<LI><a href="#[67]">&gt;&gt;</a>&nbsp;&nbsp;&nbsp;ADC_SelectPinSingleEnd
<LI><a href="#[66]">&gt;&gt;</a>&nbsp;&nbsp;&nbsp;ADC_PowerUp
<LI><a href="#[68]">&gt;&gt;</a>&nbsp;&nbsp;&nbsp;ADC_SetSampleAndConvertTime
</UL>
<BR>[Called By]<UL><LI><a href="#[55]">&gt;&gt;</a>&nbsp;&nbsp;&nbsp;main
</UL>

<P><STRONG><a name="[66]"></a>ADC_PowerUp</STRONG> (Thumb, 50 bytes, Stack size 0 bytes, adc.o(i.ADC_PowerUp))
<BR><BR>[Called By]<UL><LI><a href="#[65]">&gt;&gt;</a>&nbsp;&nbsp;&nbsp;ADC_EasyInit1
</UL>

<P><STRONG><a name="[67]"></a>ADC_SelectPinSingleEnd</STRONG> (Thumb, 208 bytes, Stack size 40 bytes, adc.o(i.ADC_SelectPinSingleEnd))
<BR><BR>[Stack]<UL><LI>Max Depth = 52<LI>Call Chain = ADC_SelectPinSingleEnd &rArr; ADC_SetChannelIntTriggerSOC
</UL>
<BR>[Calls]<UL><LI><a href="#[6b]">&gt;&gt;</a>&nbsp;&nbsp;&nbsp;ADC_SetChannelIntTriggerSOC
<LI><a href="#[6a]">&gt;&gt;</a>&nbsp;&nbsp;&nbsp;ADC_GetInputPinCode
</UL>
<BR>[Called By]<UL><LI><a href="#[65]">&gt;&gt;</a>&nbsp;&nbsp;&nbsp;ADC_EasyInit1
</UL>

<P><STRONG><a name="[68]"></a>ADC_SetSampleAndConvertTime</STRONG> (Thumb, 156 bytes, Stack size 40 bytes, adc.o(i.ADC_SetSampleAndConvertTime))
<BR><BR>[Stack]<UL><LI>Max Depth = 60<LI>Call Chain = ADC_SetSampleAndConvertTime &rArr; CLOCK_GetModuleClock
</UL>
<BR>[Calls]<UL><LI><a href="#[6c]">&gt;&gt;</a>&nbsp;&nbsp;&nbsp;CLOCK_GetModuleClock
</UL>
<BR>[Called By]<UL><LI><a href="#[65]">&gt;&gt;</a>&nbsp;&nbsp;&nbsp;ADC_EasyInit1
<LI><a href="#[55]">&gt;&gt;</a>&nbsp;&nbsp;&nbsp;main
</UL>

<P><STRONG><a name="[7]"></a>BusFault_Handler</STRONG> (Thumb, 10 bytes, Stack size 8 bytes, isr.o(i.BusFault_Handler))
<BR><BR>[Stack]<UL><LI>Max Depth = 136 + Unknown Stack Size
<LI>Call Chain = BusFault_Handler &rArr; __2printf &rArr; _printf_char_file &rArr; _printf_char_common &rArr; __printf
</UL>
<BR>[Calls]<UL><LI><a href="#[5b]">&gt;&gt;</a>&nbsp;&nbsp;&nbsp;__2printf
</UL>
<BR>[Address Reference Count : 1]<UL><LI> startup_spc1169.o(RESET)
</UL>
<P><STRONG><a name="[1f]"></a>CANMISC_IRQHandler</STRONG> (Thumb, 2 bytes, Stack size 0 bytes, isr.o(i.CANMISC_IRQHandler))
<BR>[Address Reference Count : 1]<UL><LI> startup_spc1169.o(RESET)
</UL>
<P><STRONG><a name="[17]"></a>CANTRG0_IRQHandler</STRONG> (Thumb, 2 bytes, Stack size 0 bytes, isr.o(i.CANTRG0_IRQHandler))
<BR>[Address Reference Count : 1]<UL><LI> startup_spc1169.o(RESET)
</UL>
<P><STRONG><a name="[18]"></a>CANTRG1_IRQHandler</STRONG> (Thumb, 2 bytes, Stack size 0 bytes, isr.o(i.CANTRG1_IRQHandler))
<BR>[Address Reference Count : 1]<UL><LI> startup_spc1169.o(RESET)
</UL>
<P><STRONG><a name="[19]"></a>CANTRG2_IRQHandler</STRONG> (Thumb, 2 bytes, Stack size 0 bytes, isr.o(i.CANTRG2_IRQHandler))
<BR>[Address Reference Count : 1]<UL><LI> startup_spc1169.o(RESET)
</UL>
<P><STRONG><a name="[1a]"></a>CANTRG3_IRQHandler</STRONG> (Thumb, 2 bytes, Stack size 0 bytes, isr.o(i.CANTRG3_IRQHandler))
<BR>[Address Reference Count : 1]<UL><LI> startup_spc1169.o(RESET)
</UL>
<P><STRONG><a name="[1b]"></a>CANTRG4_IRQHandler</STRONG> (Thumb, 2 bytes, Stack size 0 bytes, isr.o(i.CANTRG4_IRQHandler))
<BR>[Address Reference Count : 1]<UL><LI> startup_spc1169.o(RESET)
</UL>
<P><STRONG><a name="[1c]"></a>CANTRG5_IRQHandler</STRONG> (Thumb, 2 bytes, Stack size 0 bytes, isr.o(i.CANTRG5_IRQHandler))
<BR>[Address Reference Count : 1]<UL><LI> startup_spc1169.o(RESET)
</UL>
<P><STRONG><a name="[1d]"></a>CANTRG6_IRQHandler</STRONG> (Thumb, 2 bytes, Stack size 0 bytes, isr.o(i.CANTRG6_IRQHandler))
<BR>[Address Reference Count : 1]<UL><LI> startup_spc1169.o(RESET)
</UL>
<P><STRONG><a name="[1e]"></a>CANTRG7_IRQHandler</STRONG> (Thumb, 2 bytes, Stack size 0 bytes, isr.o(i.CANTRG7_IRQHandler))
<BR>[Address Reference Count : 1]<UL><LI> startup_spc1169.o(RESET)
</UL>
<P><STRONG><a name="[6d]"></a>CLOCK_ConfigurePLL</STRONG> (Thumb, 344 bytes, Stack size 56 bytes, clock.o(i.CLOCK_ConfigurePLL))
<BR><BR>[Stack]<UL><LI>Max Depth = 104<LI>Call Chain = CLOCK_ConfigurePLL &rArr; __aeabi_uldivmod
</UL>
<BR>[Calls]<UL><LI><a href="#[6e]">&gt;&gt;</a>&nbsp;&nbsp;&nbsp;__aeabi_uldivmod
</UL>
<BR>[Called By]<UL><LI><a href="#[6f]">&gt;&gt;</a>&nbsp;&nbsp;&nbsp;CLOCK_InitWithRCO
</UL>

<P><STRONG><a name="[6c]"></a>CLOCK_GetModuleClock</STRONG> (Thumb, 152 bytes, Stack size 20 bytes, clock.o(i.CLOCK_GetModuleClock))
<BR><BR>[Stack]<UL><LI>Max Depth = 20<LI>Call Chain = CLOCK_GetModuleClock
</UL>
<BR>[Called By]<UL><LI><a href="#[73]">&gt;&gt;</a>&nbsp;&nbsp;&nbsp;UART_InitSpeed
<LI><a href="#[68]">&gt;&gt;</a>&nbsp;&nbsp;&nbsp;ADC_SetSampleAndConvertTime
</UL>

<P><STRONG><a name="[6f]"></a>CLOCK_InitWithRCO</STRONG> (Thumb, 188 bytes, Stack size 16 bytes, clock.o(i.CLOCK_InitWithRCO))
<BR><BR>[Stack]<UL><LI>Max Depth = 120<LI>Call Chain = CLOCK_InitWithRCO &rArr; CLOCK_ConfigurePLL &rArr; __aeabi_uldivmod
</UL>
<BR>[Calls]<UL><LI><a href="#[6d]">&gt;&gt;</a>&nbsp;&nbsp;&nbsp;CLOCK_ConfigurePLL
</UL>
<BR>[Called By]<UL><LI><a href="#[55]">&gt;&gt;</a>&nbsp;&nbsp;&nbsp;main
</UL>

<P><STRONG><a name="[42]"></a>CRC_IRQHandler</STRONG> (Thumb, 2 bytes, Stack size 0 bytes, isr.o(i.CRC_IRQHandler))
<BR>[Address Reference Count : 1]<UL><LI> startup_spc1169.o(RESET)
</UL>
<P><STRONG><a name="[3e]"></a>DMAC_IRQHandler</STRONG> (Thumb, 2 bytes, Stack size 0 bytes, isr.o(i.DMAC_IRQHandler))
<BR>[Address Reference Count : 1]<UL><LI> startup_spc1169.o(RESET)
</UL>
<P><STRONG><a name="[a]"></a>DebugMon_Handler</STRONG> (Thumb, 10 bytes, Stack size 8 bytes, isr.o(i.DebugMon_Handler))
<BR><BR>[Stack]<UL><LI>Max Depth = 136 + Unknown Stack Size
<LI>Call Chain = DebugMon_Handler &rArr; __2printf &rArr; _printf_char_file &rArr; _printf_char_common &rArr; __printf
</UL>
<BR>[Calls]<UL><LI><a href="#[5b]">&gt;&gt;</a>&nbsp;&nbsp;&nbsp;__2printf
</UL>
<BR>[Address Reference Count : 1]<UL><LI> startup_spc1169.o(RESET)
</UL>
<P><STRONG><a name="[74]"></a>Delay_Init</STRONG> (Thumb, 44 bytes, Stack size 0 bytes, delay.o(i.Delay_Init))
<BR><BR>[Called By]<UL><LI><a href="#[55]">&gt;&gt;</a>&nbsp;&nbsp;&nbsp;main
</UL>

<P><STRONG><a name="[70]"></a>Delay_Ms</STRONG> (Thumb, 18 bytes, Stack size 4 bytes, delay.o(i.Delay_Ms))
<BR><BR>[Stack]<UL><LI>Max Depth = 4<LI>Call Chain = Delay_Ms
</UL>
<BR>[Calls]<UL><LI><a href="#[71]">&gt;&gt;</a>&nbsp;&nbsp;&nbsp;Delay_Us
</UL>
<BR>[Called By]<UL><LI><a href="#[55]">&gt;&gt;</a>&nbsp;&nbsp;&nbsp;main
</UL>

<P><STRONG><a name="[71]"></a>Delay_Us</STRONG> (Thumb, 16 bytes, Stack size 0 bytes, delay.o(i.Delay_Us))
<BR><BR>[Called By]<UL><LI><a href="#[70]">&gt;&gt;</a>&nbsp;&nbsp;&nbsp;Delay_Ms
</UL>

<P><STRONG><a name="[3d]"></a>ECAP_IRQHandler</STRONG> (Thumb, 2 bytes, Stack size 0 bytes, isr.o(i.ECAP_IRQHandler))
<BR>[Address Reference Count : 1]<UL><LI> startup_spc1169.o(RESET)
</UL>
<P><STRONG><a name="[f]"></a>EPWRTZ0_IRQHandler</STRONG> (Thumb, 2 bytes, Stack size 0 bytes, isr.o(i.EPWRTZ0_IRQHandler))
<BR>[Address Reference Count : 1]<UL><LI> startup_spc1169.o(RESET)
</UL>
<P><STRONG><a name="[10]"></a>EPWRTZ1_IRQHandler</STRONG> (Thumb, 2 bytes, Stack size 0 bytes, isr.o(i.EPWRTZ1_IRQHandler))
<BR>[Address Reference Count : 1]<UL><LI> startup_spc1169.o(RESET)
</UL>
<P><STRONG><a name="[12]"></a>GPIO_EDGE_IRQHandler</STRONG> (Thumb, 2 bytes, Stack size 0 bytes, isr.o(i.GPIO_EDGE_IRQHandler))
<BR>[Address Reference Count : 1]<UL><LI> startup_spc1169.o(RESET)
</UL>
<P><STRONG><a name="[11]"></a>GPIO_LEVEL_IRQHandler</STRONG> (Thumb, 2 bytes, Stack size 0 bytes, isr.o(i.GPIO_LEVEL_IRQHandler))
<BR>[Address Reference Count : 1]<UL><LI> startup_spc1169.o(RESET)
</UL>
<P><STRONG><a name="[5]"></a>HardFault_Handler</STRONG> (Thumb, 10 bytes, Stack size 8 bytes, isr.o(i.HardFault_Handler))
<BR><BR>[Stack]<UL><LI>Max Depth = 136 + Unknown Stack Size
<LI>Call Chain = HardFault_Handler &rArr; __2printf &rArr; _printf_char_file &rArr; _printf_char_common &rArr; __printf
</UL>
<BR>[Calls]<UL><LI><a href="#[5b]">&gt;&gt;</a>&nbsp;&nbsp;&nbsp;__2printf
</UL>
<BR>[Address Reference Count : 1]<UL><LI> startup_spc1169.o(RESET)
</UL>
<P><STRONG><a name="[20]"></a>I2C_IRQHandler</STRONG> (Thumb, 2 bytes, Stack size 0 bytes, isr.o(i.I2C_IRQHandler))
<BR>[Address Reference Count : 1]<UL><LI> startup_spc1169.o(RESET)
</UL>
<P><STRONG><a name="[e]"></a>MEM_IRQHandler</STRONG> (Thumb, 2 bytes, Stack size 0 bytes, isr.o(i.MEM_IRQHandler))
<BR>[Address Reference Count : 1]<UL><LI> startup_spc1169.o(RESET)
</UL>
<P><STRONG><a name="[6]"></a>MemManage_Handler</STRONG> (Thumb, 10 bytes, Stack size 8 bytes, isr.o(i.MemManage_Handler))
<BR><BR>[Stack]<UL><LI>Max Depth = 136 + Unknown Stack Size
<LI>Call Chain = MemManage_Handler &rArr; __2printf &rArr; _printf_char_file &rArr; _printf_char_common &rArr; __printf
</UL>
<BR>[Calls]<UL><LI><a href="#[5b]">&gt;&gt;</a>&nbsp;&nbsp;&nbsp;__2printf
</UL>
<BR>[Address Reference Count : 1]<UL><LI> startup_spc1169.o(RESET)
</UL>
<P><STRONG><a name="[4]"></a>NMI_Handler</STRONG> (Thumb, 10 bytes, Stack size 8 bytes, isr.o(i.NMI_Handler))
<BR><BR>[Stack]<UL><LI>Max Depth = 136 + Unknown Stack Size
<LI>Call Chain = NMI_Handler &rArr; __2printf &rArr; _printf_char_file &rArr; _printf_char_common &rArr; __printf
</UL>
<BR>[Calls]<UL><LI><a href="#[5b]">&gt;&gt;</a>&nbsp;&nbsp;&nbsp;__2printf
</UL>
<BR>[Address Reference Count : 1]<UL><LI> startup_spc1169.o(RESET)
</UL>
<P><STRONG><a name="[34]"></a>PHCOMP_IRQHandler</STRONG> (Thumb, 2 bytes, Stack size 0 bytes, isr.o(i.PHCOMP_IRQHandler))
<BR>[Address Reference Count : 1]<UL><LI> startup_spc1169.o(RESET)
</UL>
<P><STRONG><a name="[69]"></a>PIN_SetPinAsAnalog</STRONG> (Thumb, 86 bytes, Stack size 0 bytes, pin.o(i.PIN_SetPinAsAnalog))
<BR><BR>[Called By]<UL><LI><a href="#[65]">&gt;&gt;</a>&nbsp;&nbsp;&nbsp;ADC_EasyInit1
</UL>

<P><STRONG><a name="[39]"></a>PWM0TZ_IRQHandler</STRONG> (Thumb, 2 bytes, Stack size 0 bytes, isr.o(i.PWM0TZ_IRQHandler))
<BR>[Address Reference Count : 1]<UL><LI> startup_spc1169.o(RESET)
</UL>
<P><STRONG><a name="[35]"></a>PWM0_IRQHandler</STRONG> (Thumb, 2 bytes, Stack size 0 bytes, isr.o(i.PWM0_IRQHandler))
<BR>[Address Reference Count : 1]<UL><LI> startup_spc1169.o(RESET)
</UL>
<P><STRONG><a name="[3a]"></a>PWM1TZ_IRQHandler</STRONG> (Thumb, 2 bytes, Stack size 0 bytes, isr.o(i.PWM1TZ_IRQHandler))
<BR>[Address Reference Count : 1]<UL><LI> startup_spc1169.o(RESET)
</UL>
<P><STRONG><a name="[36]"></a>PWM1_IRQHandler</STRONG> (Thumb, 2 bytes, Stack size 0 bytes, isr.o(i.PWM1_IRQHandler))
<BR>[Address Reference Count : 1]<UL><LI> startup_spc1169.o(RESET)
</UL>
<P><STRONG><a name="[3b]"></a>PWM2TZ_IRQHandler</STRONG> (Thumb, 2 bytes, Stack size 0 bytes, isr.o(i.PWM2TZ_IRQHandler))
<BR>[Address Reference Count : 1]<UL><LI> startup_spc1169.o(RESET)
</UL>
<P><STRONG><a name="[37]"></a>PWM2_IRQHandler</STRONG> (Thumb, 2 bytes, Stack size 0 bytes, isr.o(i.PWM2_IRQHandler))
<BR>[Address Reference Count : 1]<UL><LI> startup_spc1169.o(RESET)
</UL>
<P><STRONG><a name="[3c]"></a>PWM3TZ_IRQHandler</STRONG> (Thumb, 2 bytes, Stack size 0 bytes, isr.o(i.PWM3TZ_IRQHandler))
<BR>[Address Reference Count : 1]<UL><LI> startup_spc1169.o(RESET)
</UL>
<P><STRONG><a name="[38]"></a>PWM3_IRQHandler</STRONG> (Thumb, 2 bytes, Stack size 0 bytes, isr.o(i.PWM3_IRQHandler))
<BR>[Address Reference Count : 1]<UL><LI> startup_spc1169.o(RESET)
</UL>
<P><STRONG><a name="[b]"></a>PendSV_Handler</STRONG> (Thumb, 10 bytes, Stack size 8 bytes, isr.o(i.PendSV_Handler))
<BR><BR>[Stack]<UL><LI>Max Depth = 136 + Unknown Stack Size
<LI>Call Chain = PendSV_Handler &rArr; __2printf &rArr; _printf_char_file &rArr; _printf_char_common &rArr; __printf
</UL>
<BR>[Calls]<UL><LI><a href="#[5b]">&gt;&gt;</a>&nbsp;&nbsp;&nbsp;__2printf
</UL>
<BR>[Address Reference Count : 1]<UL><LI> startup_spc1169.o(RESET)
</UL>
<P><STRONG><a name="[14]"></a>SPI0_IRQHandler</STRONG> (Thumb, 2 bytes, Stack size 0 bytes, isr.o(i.SPI0_IRQHandler))
<BR>[Address Reference Count : 1]<UL><LI> startup_spc1169.o(RESET)
</UL>
<P><STRONG><a name="[16]"></a>SPI1_IRQHandler</STRONG> (Thumb, 2 bytes, Stack size 0 bytes, isr.o(i.SPI1_IRQHandler))
<BR>[Address Reference Count : 1]<UL><LI> startup_spc1169.o(RESET)
</UL>
<P><STRONG><a name="[9]"></a>SVC_Handler</STRONG> (Thumb, 10 bytes, Stack size 8 bytes, isr.o(i.SVC_Handler))
<BR><BR>[Stack]<UL><LI>Max Depth = 136 + Unknown Stack Size
<LI>Call Chain = SVC_Handler &rArr; __2printf &rArr; _printf_char_file &rArr; _printf_char_common &rArr; __printf
</UL>
<BR>[Calls]<UL><LI><a href="#[5b]">&gt;&gt;</a>&nbsp;&nbsp;&nbsp;__2printf
</UL>
<BR>[Address Reference Count : 1]<UL><LI> startup_spc1169.o(RESET)
</UL>
<P><STRONG><a name="[c]"></a>SysTick_Handler</STRONG> (Thumb, 10 bytes, Stack size 8 bytes, isr.o(i.SysTick_Handler))
<BR><BR>[Stack]<UL><LI>Max Depth = 136 + Unknown Stack Size
<LI>Call Chain = SysTick_Handler &rArr; __2printf &rArr; _printf_char_file &rArr; _printf_char_common &rArr; __printf
</UL>
<BR>[Calls]<UL><LI><a href="#[5b]">&gt;&gt;</a>&nbsp;&nbsp;&nbsp;__2printf
</UL>
<BR>[Address Reference Count : 1]<UL><LI> startup_spc1169.o(RESET)
</UL>
<P><STRONG><a name="[43]"></a>SystemInit</STRONG> (Thumb, 38 bytes, Stack size 0 bytes, system_spc1169.o(i.SystemInit))
<BR>[Address Reference Count : 1]<UL><LI> startup_spc1169.o(.text)
</UL>
<P><STRONG><a name="[3f]"></a>TIMER0_IRQHandler</STRONG> (Thumb, 2 bytes, Stack size 0 bytes, isr.o(i.TIMER0_IRQHandler))
<BR>[Address Reference Count : 1]<UL><LI> startup_spc1169.o(RESET)
</UL>
<P><STRONG><a name="[40]"></a>TIMER1_IRQHandler</STRONG> (Thumb, 2 bytes, Stack size 0 bytes, isr.o(i.TIMER1_IRQHandler))
<BR>[Address Reference Count : 1]<UL><LI> startup_spc1169.o(RESET)
</UL>
<P><STRONG><a name="[41]"></a>TIMER2_IRQHandler</STRONG> (Thumb, 2 bytes, Stack size 0 bytes, isr.o(i.TIMER2_IRQHandler))
<BR>[Address Reference Count : 1]<UL><LI> startup_spc1169.o(RESET)
</UL>
<P><STRONG><a name="[13]"></a>UART0_IRQHandler</STRONG> (Thumb, 2 bytes, Stack size 0 bytes, isr.o(i.UART0_IRQHandler))
<BR>[Address Reference Count : 1]<UL><LI> startup_spc1169.o(RESET)
</UL>
<P><STRONG><a name="[15]"></a>UART1_IRQHandler</STRONG> (Thumb, 2 bytes, Stack size 0 bytes, isr.o(i.UART1_IRQHandler))
<BR>[Address Reference Count : 1]<UL><LI> startup_spc1169.o(RESET)
</UL>
<P><STRONG><a name="[72]"></a>UART_Init</STRONG> (Thumb, 22 bytes, Stack size 16 bytes, uart.o(i.UART_Init))
<BR><BR>[Stack]<UL><LI>Max Depth = 52<LI>Call Chain = UART_Init &rArr; UART_InitSpeed &rArr; CLOCK_GetModuleClock
</UL>
<BR>[Calls]<UL><LI><a href="#[73]">&gt;&gt;</a>&nbsp;&nbsp;&nbsp;UART_InitSpeed
</UL>
<BR>[Called By]<UL><LI><a href="#[55]">&gt;&gt;</a>&nbsp;&nbsp;&nbsp;main
</UL>

<P><STRONG><a name="[73]"></a>UART_InitSpeed</STRONG> (Thumb, 58 bytes, Stack size 16 bytes, uart.o(i.UART_InitSpeed))
<BR><BR>[Stack]<UL><LI>Max Depth = 36<LI>Call Chain = UART_InitSpeed &rArr; CLOCK_GetModuleClock
</UL>
<BR>[Calls]<UL><LI><a href="#[6c]">&gt;&gt;</a>&nbsp;&nbsp;&nbsp;CLOCK_GetModuleClock
</UL>
<BR>[Called By]<UL><LI><a href="#[72]">&gt;&gt;</a>&nbsp;&nbsp;&nbsp;UART_Init
</UL>

<P><STRONG><a name="[8]"></a>UsageFault_Handler</STRONG> (Thumb, 10 bytes, Stack size 8 bytes, isr.o(i.UsageFault_Handler))
<BR><BR>[Stack]<UL><LI>Max Depth = 136 + Unknown Stack Size
<LI>Call Chain = UsageFault_Handler &rArr; __2printf &rArr; _printf_char_file &rArr; _printf_char_common &rArr; __printf
</UL>
<BR>[Calls]<UL><LI><a href="#[5b]">&gt;&gt;</a>&nbsp;&nbsp;&nbsp;__2printf
</UL>
<BR>[Address Reference Count : 1]<UL><LI> startup_spc1169.o(RESET)
</UL>
<P><STRONG><a name="[d]"></a>WDT1_IRQHandler</STRONG> (Thumb, 2 bytes, Stack size 0 bytes, isr.o(i.WDT1_IRQHandler))
<BR>[Address Reference Count : 1]<UL><LI> startup_spc1169.o(RESET)
</UL>
<P><STRONG><a name="[5a]"></a>_sys_exit</STRONG> (Thumb, 4 bytes, Stack size 0 bytes, retarget.o(i._sys_exit))
<BR><BR>[Called By]<UL><LI><a href="#[59]">&gt;&gt;</a>&nbsp;&nbsp;&nbsp;__rt_exit_exit
</UL>

<P><STRONG><a name="[61]"></a>ferror</STRONG> (Thumb, 8 bytes, Stack size 0 bytes, retarget.o(i.ferror))
<BR><BR>[Called By]<UL><LI><a href="#[5c]">&gt;&gt;</a>&nbsp;&nbsp;&nbsp;_printf_char_file
</UL>

<P><STRONG><a name="[45]"></a>fputc</STRONG> (Thumb, 50 bytes, Stack size 0 bytes, retarget.o(i.fputc))
<BR>[Address Reference Count : 1]<UL><LI> _printf_char_file.o(.text)
</UL>
<P><STRONG><a name="[55]"></a>main</STRONG> (Thumb, 334 bytes, Stack size 0 bytes, main.o(i.main))
<BR><BR>[Stack]<UL><LI>Max Depth = 128 + Unknown Stack Size
<LI>Call Chain = main &rArr; __2printf &rArr; _printf_char_file &rArr; _printf_char_common &rArr; __printf
</UL>
<BR>[Calls]<UL><LI><a href="#[72]">&gt;&gt;</a>&nbsp;&nbsp;&nbsp;UART_Init
<LI><a href="#[70]">&gt;&gt;</a>&nbsp;&nbsp;&nbsp;Delay_Ms
<LI><a href="#[74]">&gt;&gt;</a>&nbsp;&nbsp;&nbsp;Delay_Init
<LI><a href="#[6f]">&gt;&gt;</a>&nbsp;&nbsp;&nbsp;CLOCK_InitWithRCO
<LI><a href="#[68]">&gt;&gt;</a>&nbsp;&nbsp;&nbsp;ADC_SetSampleAndConvertTime
<LI><a href="#[65]">&gt;&gt;</a>&nbsp;&nbsp;&nbsp;ADC_EasyInit1
<LI><a href="#[76]">&gt;&gt;</a>&nbsp;&nbsp;&nbsp;NVIC_EnableIRQ
<LI><a href="#[75]">&gt;&gt;</a>&nbsp;&nbsp;&nbsp;ADC_SetChannelIntTriggerSOC
<LI><a href="#[5b]">&gt;&gt;</a>&nbsp;&nbsp;&nbsp;__2printf
</UL>
<BR>[Called By]<UL><LI><a href="#[54]">&gt;&gt;</a>&nbsp;&nbsp;&nbsp;__rt_entry_main
</UL>

<P><STRONG><a name="[4f]"></a>_fp_init</STRONG> (Thumb, 10 bytes, Stack size 0 bytes, fpinit.o(x$fpl$fpinit))
<BR><BR>[Called By]<UL><LI><a href="#[4e]">&gt;&gt;</a>&nbsp;&nbsp;&nbsp;__rt_lib_init_fp_1
</UL>

<P><STRONG><a name="[a0]"></a>__fplib_config_fpu_vfp</STRONG> (Thumb, 0 bytes, Stack size unknown bytes, fpinit.o(x$fpl$fpinit), UNUSED)

<P><STRONG><a name="[a1]"></a>__fplib_config_pureend_doubles</STRONG> (Thumb, 0 bytes, Stack size unknown bytes, fpinit.o(x$fpl$fpinit), UNUSED)
<P>
<H3>
Local Symbols
</H3>
<P><STRONG><a name="[75]"></a>ADC_SetChannelIntTriggerSOC</STRONG> (Thumb, 66 bytes, Stack size 12 bytes, main.o(i.ADC_SetChannelIntTriggerSOC))
<BR><BR>[Stack]<UL><LI>Max Depth = 12<LI>Call Chain = ADC_SetChannelIntTriggerSOC
</UL>
<BR>[Called By]<UL><LI><a href="#[55]">&gt;&gt;</a>&nbsp;&nbsp;&nbsp;main
</UL>

<P><STRONG><a name="[76]"></a>NVIC_EnableIRQ</STRONG> (Thumb, 22 bytes, Stack size 0 bytes, main.o(i.NVIC_EnableIRQ))
<BR><BR>[Called By]<UL><LI><a href="#[55]">&gt;&gt;</a>&nbsp;&nbsp;&nbsp;main
</UL>

<P><STRONG><a name="[6a]"></a>ADC_GetInputPinCode</STRONG> (Thumb, 128 bytes, Stack size 0 bytes, adc.o(i.ADC_GetInputPinCode))
<BR><BR>[Called By]<UL><LI><a href="#[67]">&gt;&gt;</a>&nbsp;&nbsp;&nbsp;ADC_SelectPinSingleEnd
</UL>

<P><STRONG><a name="[6b]"></a>ADC_SetChannelIntTriggerSOC</STRONG> (Thumb, 66 bytes, Stack size 12 bytes, adc.o(i.ADC_SetChannelIntTriggerSOC))
<BR><BR>[Stack]<UL><LI>Max Depth = 12<LI>Call Chain = ADC_SetChannelIntTriggerSOC
</UL>
<BR>[Called By]<UL><LI><a href="#[67]">&gt;&gt;</a>&nbsp;&nbsp;&nbsp;ADC_SelectPinSingleEnd
</UL>

<P><STRONG><a name="[46]"></a>_printf_input_char</STRONG> (Thumb, 10 bytes, Stack size 0 bytes, _printf_char_common.o(.text))
<BR>[Address Reference Count : 1]<UL><LI> _printf_char_common.o(.text)
</UL><P>
<H3>
Undefined Global Symbols
</H3><HR></body></html>
