<html>
<body>
<pre>
<h1>µVision Build Log</h1>
<h2>Tool Versions:</h2>
IDE-Version: ¦ÌVision V5.28.0.0
Copyright (C) 2019 ARM Ltd and ARM Germany GmbH. All rights reserved.
License Information: JEM1HZ BOSCH BOSCH Flex license: MDK Essential 5.28 (Flex) (mdk_essential) Support: Jul 2019
 
Tool Versions:
Toolchain:       MDK Essential 5.28 (Flex)  Version: 5.28.0.0
Toolchain Path:  C:\Keil_v5\ARM\ARMCC\Bin
C Compiler:      Armcc.exe V5.06 update 6 (build 750)
Assembler:       Armasm.exe V5.06 update 6 (build 750)
Linker/Locator:  ArmLink.exe V5.06 update 6 (build 750)
Library Manager: ArmAr.exe V5.06 update 6 (build 750)
Hex Converter:   FromElf.exe V5.06 update 6 (build 750)
CPU DLL:         SARMCM3.DLL V5.28.0.0
Dialog DLL:      DCM.DLL V1.17.3.0
Target DLL:      Segger\JL2CM3.dll V2.99.36.0
Dialog DLL:      TCM.DLL V1.36.2.0
 
<h2>Project:</h2>
C:\Users\JEM1HZ\Desktop\SPD1179_FW_V8_1_3 1\Project\0_Examples\18_7_Flash_MEEPROM_Emulation_Controller\MDK-ARM\Project.uvprojx
Project File Date:  01/03/2025

<h2>Output:</h2>
*** Using Compiler 'V5.06 update 6 (build 750)', folder: 'C:\Keil_v5\ARM\ARMCC\Bin'
Rebuild target 'FWLib'
compiling adc.c...
compiling power.c...
compiling dma.c...
compiling gpio.c...
compiling pga.c...
compiling comp.c...
compiling ecap.c...
compiling phcomp.c...
compiling hwlib.c...
compiling meeprom_lib.c...
compiling epwr.c...
compiling clock.c...
compiling main.c...
compiling spd1179_hv.c...
assembling startup_spc1169.s...
compiling isr.c...
compiling pwm.c...
compiling timer.c...
compiling system.c...
compiling spi.c...
compiling can.c...
compiling system_spc1169.c...
compiling crc.c...
compiling uart.c...
compiling pin.c...
compiling wdt.c...
compiling i2c.c...
compiling retarget.c...
compiling delay.c...
linking...
Program Size: Code=5090 RO-data=354 RW-data=56 ZI-data=5464  
FromELF: creating hex file...
".\Objects\Project.axf" - 0 Error(s), 0 Warning(s).

<h2>Software Packages used:</h2>

Package Vendor: ARM
                http://www.keil.com/pack/ARM.CMSIS.5.9.0.pack
                ARM.CMSIS.5.9.0
                CMSIS (Common Microcontroller Software Interface Standard)

<h2>Collection of Component include folders:</h2>
  .\RTE\_FWLib
  C:\Users\JEM1HZ\AppData\Local\Arm\Packs\ARM\CMSIS\5.9.0\Device\ARM\ARMCM4\Include

<h2>Collection of Component Files used:</h2>
Build Time Elapsed:  00:00:17
</pre>
</body>
</html>
